52.3.103.237 - - [28/Jul/2015:19:50:04 +0000] "GET / HTTP/1.0" 200 12644 "-" "ltx71 - (http://ltx71.com/)"
157.55.39.58 - - [28/Jul/2015:19:51:59 +0000] "GET / HTTP/1.1" 200 3533 "-" "Mozilla/5.0 (compatible; bingbot/2.0; +http://www.bing.com/bingbot.htm)"
151.80.31.154 - - [28/Jul/2015:19:58:36 +0000] "GET /projects/taskd.html HTTP/1.1" 200 1940 "-" "Mozilla/5.0 (compatible; AhrefsBot/5.0; +http://ahrefs.com/robot/)"
103.31.200.92 - - [28/Jul/2015:20:12:58 +0000] "GET /robots.txt HTTP/1.0" 404 490 "http://tasktools.org/robots.txt" "Mozilla/4.0 (compatible; MSIE 8.0; Windows NT 5.1; Trident/4.0; .NET CLR 2.0.50727; .NET CLR 3.0.4506.2152; .NET CLR 3.5.30729)"
103.31.200.92 - - [28/Jul/2015:20:12:59 +0000] "GET / HTTP/1.0" 200 12644 "http://tasktools.org/" "Mozilla/4.0 (compatible; MSIE 8.0; Windows NT 5.1; Trident/4.0; .NET CLR 2.0.50727; .NET CLR 3.0.4506.2152; .NET CLR 3.5.30729)"
103.31.200.92 - - [28/Jul/2015:20:13:11 +0000] "GET /bootstrap/js/bootstrap.min.js HTTP/1.0" 200 29391 "http://tasktools.org/bootstrap/js/bootstrap.min.js" "Mozilla/4.0 (compatible; MSIE 8.0; Windows NT 5.1; Trident/4.0; .NET CLR 2.0.50727; .NET CLR 3.0.4506.2152; .NET CLR 3.5.30729)"
93.159.230.88 - - [28/Jul/2015:20:21:15 +0000] "GET /piwik/piwik.js HTTP/1.1" 301 575 "http://beckingham.net/" "Mozilla/4.0 (compatible; MSIE 8.0; Windows NT 6.0; Trident/4.0; FBSMTWB; SLCC1; .NET CLR 2.0.50727; Media Center PC 5.0; .NET CLR 3.5.30729; .NET CLR 3.0.30618; OfficeLiveConnector.1.3; OfficeLivePatch.0.0; AskTB5.5)"
93.159.230.88 - - [28/Jul/2015:20:21:15 +0000] "GET /piwik/piwik.js HTTP/1.1" 301 575 "http://beckingham.net/" "Mozilla/4.0 (compatible; MSIE 8.0; Windows NT 6.0; Trident/4.0; FBSMTWB; SLCC1; .NET CLR 2.0.50727; Media Center PC 5.0; .NET CLR 3.5.30729; .NET CLR 3.0.30618; OfficeLiveConnector.1.3; OfficeLivePatch.0.0; AskTB5.5)"
185.4.74.47 - - [28/Jul/2015:20:29:48 +0000] "GET / HTTP/1.1" 200 3533 "-" "Mozilla/5.0 (Windows; U; Windows NT 5.1; it; rv:1.8.1.11) Gecko/20071127 Firefox/2.0.0.11"
180.76.15.148 - - [28/Jul/2015:20:33:01 +0000] "GET / HTTP/1.1" 200 12644 "-" "Mozilla/5.0 (compatible; Baiduspider/2.0; +http://www.baidu.com/search/spider.html)"
180.76.15.138 - - [28/Jul/2015:20:33:36 +0000] "GET / HTTP/1.1" 200 12644 "-" "Mozilla/5.0 (compatible; Baiduspider/2.0; +http://www.baidu.com/search/spider.html)"
64.187.189.218 - - [28/Jul/2015:20:36:41 +0000] "GET /projects/vit.html HTTP/1.1" 200 4528 "http://taskwarrior.org/docs/tutorials/start.html" "Mozilla/5.0 (X11; Ubuntu; Linux x86_64; rv:39.0) Gecko/20100101 Firefox/39.0"
64.187.189.218 - - [28/Jul/2015:20:36:41 +0000] "GET /bootstrap/css/bootstrap.min.css HTTP/1.1" 200 101914 "http://tasktools.org/projects/vit.html" "Mozilla/5.0 (X11; Ubuntu; Linux x86_64; rv:39.0) Gecko/20100101 Firefox/39.0"
64.187.189.218 - - [28/Jul/2015:20:36:41 +0000] "GET /favicon.ico HTTP/1.1" 200 1713 "-" "Mozilla/5.0 (X11; Ubuntu; Linux x86_64; rv:39.0) Gecko/20100101 Firefox/39.0"
64.187.189.218 - - [28/Jul/2015:20:36:41 +0000] "GET /bootstrap/js/bootstrap.min.js HTTP/1.1" 200 29428 "http://tasktools.org/projects/vit.html" "Mozilla/5.0 (X11; Ubuntu; Linux x86_64; rv:39.0) Gecko/20100101 Firefox/39.0"
64.187.189.218 - - [28/Jul/2015:20:36:43 +0000] "GET /bootstrap/fonts/glyphicons-halflings-regular.woff HTTP/1.1" 200 23600 "http://tasktools.org/bootstrap/css/bootstrap.min.css" "Mozilla/5.0 (X11; Ubuntu; Linux x86_64; rv:39.0) Gecko/20100101 Firefox/39.0"
193.137.94.3 - - [28/Jul/2015:20:45:24 +0000] "GET /tw-m.png HTTP/1.1" 304 189 "http://central.tasktools.org/task-2.4.5.html" "Mozilla/5.0 (X11; Linux x86_64; rv:38.0) Gecko/20100101 Firefox/38.0"
98.217.152.192 - - [28/Jul/2015:20:53:09 +0000] "GET /tw-m.png HTTP/1.1" 304 189 "http://central.tasktools.org/task-2.4.5.html" "Mozilla/5.0 (Macintosh; Intel Mac OS X 10_11_0) AppleWebKit/537.36 (KHTML, like Gecko) Chrome/44.0.2403.107 Safari/537.36"
67.169.127.112 - - [28/Jul/2015:20:54:41 +0000] "GET /projects/vit.html HTTP/1.1" 200 1896 "http://taskwarrior.org/docs/tutorials/start.html" "Mozilla/5.0 (Macintosh; Intel Mac OS X 10_10_4) AppleWebKit/537.36 (KHTML, like Gecko) Chrome/44.0.2403.107 Safari/537.36"
67.169.127.112 - - [28/Jul/2015:20:54:41 +0000] "GET /bootstrap/css/bootstrap.min.css HTTP/1.1" 200 17588 "http://tasktools.org/projects/vit.html" "Mozilla/5.0 (Macintosh; Intel Mac OS X 10_10_4) AppleWebKit/537.36 (KHTML, like Gecko) Chrome/44.0.2403.107 Safari/537.36"
67.169.127.112 - - [28/Jul/2015:20:54:42 +0000] "GET /bootstrap/js/bootstrap.min.js HTTP/1.1" 200 8019 "http://tasktools.org/projects/vit.html" "Mozilla/5.0 (Macintosh; Intel Mac OS X 10_10_4) AppleWebKit/537.36 (KHTML, like Gecko) Chrome/44.0.2403.107 Safari/537.36"
67.169.127.112 - - [28/Jul/2015:20:54:42 +0000] "GET /bootstrap/fonts/glyphicons-halflings-regular.woff HTTP/1.1" 200 23600 "http://tasktools.org/bootstrap/css/bootstrap.min.css" "Mozilla/5.0 (Macintosh; Intel Mac OS X 10_10_4) AppleWebKit/537.36 (KHTML, like Gecko) Chrome/44.0.2403.107 Safari/537.36"
67.169.127.112 - - [28/Jul/2015:20:54:42 +0000] "GET /favicon.ico HTTP/1.1" 200 1713 "http://tasktools.org/projects/vit.html" "Mozilla/5.0 (Macintosh; Intel Mac OS X 10_10_4) AppleWebKit/537.36 (KHTML, like Gecko) Chrome/44.0.2403.107 Safari/537.36"
98.217.152.192 - - [28/Jul/2015:21:05:25 +0000] "GET /tw-m.png HTTP/1.1" 304 189 "http://central.tasktools.org/task-2.4.5.html" "Mozilla/5.0 (Macintosh; Intel Mac OS X 10_11_0) AppleWebKit/537.36 (KHTML, like Gecko) Chrome/44.0.2403.107 Safari/537.36"
98.217.152.192 - - [28/Jul/2015:21:07:11 +0000] "GET /tw-m.png HTTP/1.1" 304 189 "http://central.tasktools.org/task-2.4.5.html" "Mozilla/5.0 (Macintosh; Intel Mac OS X 10_11_0) AppleWebKit/537.36 (KHTML, like Gecko) Chrome/44.0.2403.107 Safari/537.36"
46.118.152.216 - - [28/Jul/2015:21:09:45 +0000] "GET /projects/ HTTP/1.1" 403 474 "http://cobaltpro.ru/" "Mozilla/6.0 (compatible; MSIE 7.0a1; Windows NT 5.2; SV1)"
46.118.152.216 - - [28/Jul/2015:21:09:47 +0000] "GET /projects/ HTTP/1.1" 403 474 "http://cobaltpro.ru/" "Mozilla/6.0 (compatible; MSIE 7.0a1; Windows NT 5.2; SV1)"
46.118.152.216 - - [28/Jul/2015:21:09:48 +0000] "GET /projects/ HTTP/1.1" 403 474 "http://cobaltpro.ru/" "Mozilla/6.0 (compatible; MSIE 7.0a1; Windows NT 5.2; SV1)"
180.76.15.145 - - [28/Jul/2015:21:10:30 +0000] "GET / HTTP/1.1" 304 175 "-" "Mozilla/5.0 (compatible; Baiduspider/2.0; +http://www.baidu.com/search/spider.html)"
68.180.228.44 - - [28/Jul/2015:21:21:32 +0000] "GET /robots.txt HTTP/1.1" 404 471 "-" "Mozilla/5.0 (compatible; Yahoo! Slurp; http://help.yahoo.com/help/us/ysearch/slurp)"
68.180.228.44 - - [28/Jul/2015:21:21:32 +0000] "GET /projects/vit.html HTTP/1.1" 304 156 "-" "Mozilla/5.0 (compatible; Yahoo! Slurp; http://help.yahoo.com/help/us/ysearch/slurp)"
78.46.174.138 - - [28/Jul/2015:21:23:38 +0000] "GET /piwik/piwik.js HTTP/1.1" 301 575 "http://holidata.net/" "Mozilla/5.0 (Windows NT 6.1) AppleWebKit/537.36 (KHTML, like Gecko) Chrome/41.0.2228.0 Safari/537.36"
78.46.174.138 - - [28/Jul/2015:21:23:39 +0000] "GET /piwik/piwik.php?action_name=%3A%3A%20holidata.net%20%3A%3A&idsite=5&rec=1&r=555354&h=21&m=29&s=13&url=http%3A%2F%2Fholidata.net%2F&_id=6c66aae65d4c49b4&_idts=1438118954&_idvc=1&_idn=0&_refts=0&_viewts=1438118954&send_image=0&cookie=1&res=1024x768 HTTP/1.1" 301 961 "http://holidata.net/" "Mozilla/5.0 (Windows NT 6.1) AppleWebKit/537.36 (KHTML, like Gecko) Chrome/41.0.2228.0 Safari/537.36"
66.249.75.161 - - [28/Jul/2015:21:23:40 +0000] "GET /gitweb/?p=vitapi.git;a=commitdiff_plain;h=fd7f8e015fadaaf2360af05e56d971e968eaa98e HTTP/1.1" 301 704 "-" "Mozilla/5.0 (compatible; Googlebot/2.1; +http://www.google.com/bot.html)"
68.180.228.44 - - [28/Jul/2015:21:32:24 +0000] "GET /tinderbox/taskd.html HTTP/1.1" 301 520 "-" "Mozilla/5.0 (compatible; Yahoo! Slurp; http://help.yahoo.com/help/us/ysearch/slurp)"
5.148.35.170 - - [28/Jul/2015:21:34:33 +0000] "GET /projects/tasksh.html HTTP/1.1" 200 2041 "http://searchbrew.com/" "Mozilla/5.0 (Macintosh; Intel Mac OS X 10_10_4) AppleWebKit/600.7.12 (KHTML, like Gecko) Version/8.0.7 Safari/600.7.12"
5.148.35.170 - - [28/Jul/2015:21:34:33 +0000] "GET /bootstrap/css/bootstrap.min.css HTTP/1.1" 200 17588 "http://tasktools.org/projects/tasksh.html" "Mozilla/5.0 (Macintosh; Intel Mac OS X 10_10_4) AppleWebKit/600.7.12 (KHTML, like Gecko) Version/8.0.7 Safari/600.7.12"
5.148.35.170 - - [28/Jul/2015:21:34:33 +0000] "GET /bootstrap/js/bootstrap.min.js HTTP/1.1" 200 8019 "http://tasktools.org/projects/tasksh.html" "Mozilla/5.0 (Macintosh; Intel Mac OS X 10_10_4) AppleWebKit/600.7.12 (KHTML, like Gecko) Version/8.0.7 Safari/600.7.12"
5.148.35.170 - - [28/Jul/2015:21:34:33 +0000] "GET /bootstrap/fonts/glyphicons-halflings-regular.woff HTTP/1.1" 200 23600 "http://tasktools.org/projects/tasksh.html" "Mozilla/5.0 (Macintosh; Intel Mac OS X 10_10_4) AppleWebKit/600.7.12 (KHTML, like Gecko) Version/8.0.7 Safari/600.7.12"
5.148.35.170 - - [28/Jul/2015:21:34:58 +0000] "GET /favicon.ico HTTP/1.1" 200 1714 "http://tasktools.org/projects/tasksh.html" "Mozilla/5.0 (Macintosh; Intel Mac OS X 10_10_4) AppleWebKit/600.7.12 (KHTML, like Gecko) Version/8.0.7 Safari/600.7.12"
182.118.53.182 - - [28/Jul/2015:21:40:43 +0000] "GET /piwik/piwik.js HTTP/1.1" 301 575 "http://flod.us/" "Mozilla/4.0 (compatible; MSIE 8.0; Windows NT 6.1; Trident/4.0; SLCC2; .NET CLR 2.0.50727; .NET CLR 3.5.30729; .NET CLR 3.0.30729; Media Center PC 6.0)"
98.217.152.192 - - [28/Jul/2015:21:41:10 +0000] "GET /tw-m.png HTTP/1.1" 304 189 "http://central.tasktools.org/task-2.4.5.html" "Mozilla/5.0 (Macintosh; Intel Mac OS X 10_11_0) AppleWebKit/537.36 (KHTML, like Gecko) Chrome/44.0.2403.107 Safari/537.36"
80.229.237.239 - - [28/Jul/2015:21:54:18 +0000] "GET / HTTP/1.1" 200 3533 "-" "Mozilla/5.0 (Macintosh; Intel Mac OS X 10_10_4) AppleWebKit/601.1.35 (KHTML, like Gecko) Version/9.0 Safari/601.1.35"
80.229.237.239 - - [28/Jul/2015:21:54:18 +0000] "GET /bootstrap/css/bootstrap.min.css HTTP/1.1" 200 17588 "http://tasktools.org/" "Mozilla/5.0 (Macintosh; Intel Mac OS X 10_10_4) AppleWebKit/601.1.35 (KHTML, like Gecko) Version/9.0 Safari/601.1.35"
80.229.237.239 - - [28/Jul/2015:21:54:18 +0000] "GET /bootstrap/js/bootstrap.min.js HTTP/1.1" 200 8019 "http://tasktools.org/" "Mozilla/5.0 (Macintosh; Intel Mac OS X 10_10_4) AppleWebKit/601.1.35 (KHTML, like Gecko) Version/9.0 Safari/601.1.35"
80.229.237.239 - - [28/Jul/2015:21:54:18 +0000] "GET /tw-m.png HTTP/1.1" 200 6861 "http://tasktools.org/" "Mozilla/5.0 (Macintosh; Intel Mac OS X 10_10_4) AppleWebKit/601.1.35 (KHTML, like Gecko) Version/9.0 Safari/601.1.35"
80.229.237.239 - - [28/Jul/2015:21:54:18 +0000] "GET /bootstrap/fonts/glyphicons-halflings-regular.woff HTTP/1.1" 200 23600 "http://tasktools.org/" "Mozilla/5.0 (Macintosh; Intel Mac OS X 10_10_4) AppleWebKit/601.1.35 (KHTML, like Gecko) Version/9.0 Safari/601.1.35"
80.229.237.239 - - [28/Jul/2015:21:54:19 +0000] "GET /favicon.ico HTTP/1.1" 200 1714 "http://tasktools.org/" "Mozilla/5.0 (Macintosh; Intel Mac OS X 10_10_4) AppleWebKit/601.1.35 (KHTML, like Gecko) Version/9.0 Safari/601.1.35"
80.229.237.239 - - [28/Jul/2015:21:55:08 +0000] "GET /projects/taskwarrior.html HTTP/1.1" 200 2450 "http://tasktools.org/" "Mozilla/5.0 (Macintosh; Intel Mac OS X 10_10_4) AppleWebKit/601.1.35 (KHTML, like Gecko) Version/9.0 Safari/601.1.35"
46.118.117.215 - - [28/Jul/2015:21:58:58 +0000] "GET /projects/ HTTP/1.1" 403 474 "http://mebelcomplekt.ru/" "Mozilla/4.0 (compatible; MSIE 6.0; Windows NT 5.1; ru) Opera 8.01"
46.118.117.215 - - [28/Jul/2015:21:59:00 +0000] "GET /projects/ HTTP/1.1" 403 474 "http://mebelcomplekt.ru/" "Mozilla/4.0 (compatible; MSIE 6.0; Windows NT 5.1; ru) Opera 8.01"
66.249.75.152 - - [28/Jul/2015:22:10:07 +0000] "GET /gitweb/gitweb.cgi?p=metatask.git;a=commitdiff_plain;h=0efd9b8e39a290904e06ef58960ecb107333a1a1 HTTP/1.1" 301 722 "-" "Mozilla/5.0 (compatible; Googlebot/2.1; +http://www.google.com/bot.html)"
157.55.39.58 - - [28/Jul/2015:22:17:14 +0000] "GET /robots.txt HTTP/1.1" 404 527 "-" "Mozilla/5.0 (compatible; bingbot/2.0; +http://www.bing.com/bingbot.htm)"
157.55.39.240 - - [28/Jul/2015:22:18:30 +0000] "GET /projects/taskwarrior.html HTTP/1.1" 200 2450 "-" "Mozilla/5.0 (compatible; bingbot/2.0; +http://www.bing.com/bingbot.htm)"
157.55.39.240 - - [28/Jul/2015:22:18:30 +0000] "GET /projects/vitapi.html HTTP/1.1" 200 2050 "-" "Mozilla/5.0 (compatible; bingbot/2.0; +http://www.bing.com/bingbot.htm)"
157.55.39.240 - - [28/Jul/2015:22:18:31 +0000] "GET /projects/vramsteg.html HTTP/1.1" 200 2062 "-" "Mozilla/5.0 (compatible; bingbot/2.0; +http://www.bing.com/bingbot.htm)"
212.227.101.6 - - [28/Jul/2015:22:19:19 +0000] "GET / HTTP/1.1" 200 3533 "http://tasktools.org/" "Mozilla/5.0 (Macintosh; Intel Mac OS X 10_9_5) AppleWebKit/537.36 (KHTML, like Gecko) Chrome/43.0.2357.124 Safari/537.36"
212.227.101.6 - - [28/Jul/2015:22:19:19 +0000] "GET /bootstrap/css/bootstrap.min.css HTTP/1.1" 200 17588 "http://tasktools.org/" "Mozilla/5.0 (Macintosh; Intel Mac OS X 10_9_5) AppleWebKit/537.36 (KHTML, like Gecko) Chrome/43.0.2357.124 Safari/537.36"
212.227.101.6 - - [28/Jul/2015:22:19:19 +0000] "GET /bootstrap/js/bootstrap.min.js HTTP/1.1" 200 8019 "http://tasktools.org/" "Mozilla/5.0 (Macintosh; Intel Mac OS X 10_9_5) AppleWebKit/537.36 (KHTML, like Gecko) Chrome/43.0.2357.124 Safari/537.36"
212.227.101.6 - - [28/Jul/2015:22:19:19 +0000] "GET /tw-m.png HTTP/1.1" 200 6861 "http://tasktools.org/" "Mozilla/5.0 (Macintosh; Intel Mac OS X 10_9_5) AppleWebKit/537.36 (KHTML, like Gecko) Chrome/43.0.2357.124 Safari/537.36"
212.227.101.6 - - [28/Jul/2015:22:19:20 +0000] "GET /bootstrap/fonts/glyphicons-halflings-regular.woff HTTP/1.1" 200 23600 "http://tasktools.org/" "Mozilla/5.0 (Macintosh; Intel Mac OS X 10_9_5) AppleWebKit/537.36 (KHTML, like Gecko) Chrome/43.0.2357.124 Safari/537.36"
212.227.101.6 - - [28/Jul/2015:22:19:21 +0000] "GET /bootstrap/fonts/glyphicons-halflings-regular.woff HTTP/1.1" 200 23545 "http://tasktools.org/" "Mozilla/5.0 (Windows NT 6.1; Win64; x64) AppleWebKit/537.36 (KHTML, like Gecko) Chrome/45.0.2431.0 Safari/537.36"
180.76.15.30 - - [28/Jul/2015:22:22:12 +0000] "GET / HTTP/1.1" 200 12644 "-" "Mozilla/5.0 (compatible; Baiduspider/2.0; +http://www.baidu.com/search/spider.html)"
180.76.15.17 - - [28/Jul/2015:22:22:28 +0000] "GET / HTTP/1.1" 200 12644 "-" "Mozilla/5.0 (compatible; Baiduspider/2.0; +http://www.baidu.com/search/spider.html)"
157.55.39.58 - - [28/Jul/2015:22:28:32 +0000] "GET /about.html HTTP/1.1" 200 2019 "-" "Mozilla/5.0 (compatible; bingbot/2.0; +http://www.bing.com/bingbot.htm)"
157.55.39.58 - - [28/Jul/2015:22:28:32 +0000] "GET /projects/anomaly.html HTTP/1.1" 200 3392 "-" "Mozilla/5.0 (compatible; bingbot/2.0; +http://www.bing.com/bingbot.htm)"
80.82.65.82 - - [28/Jul/2015:22:28:55 +0000] "GET / HTTP/1.0" 200 12644 "http://tasktools.org" "Mozilla/4.0 (compatible; MSIE 6.0; Windows NT 5.1; SV1; .NET CLR 2.0.50727)"
173.79.132.228 - - [28/Jul/2015:22:32:27 +0000] "GET /projects/vit.html HTTP/1.1" 200 1896 "-" "Mozilla/5.0 (X11; Linux x86_64; rv:39.0) Gecko/20100101 Firefox/39.0"
173.79.132.228 - - [28/Jul/2015:22:32:27 +0000] "GET /bootstrap/css/bootstrap.min.css HTTP/1.1" 200 17588 "-" "Mozilla/5.0 (X11; Linux x86_64; rv:39.0) Gecko/20100101 Firefox/39.0"
173.79.132.228 - - [28/Jul/2015:22:32:27 +0000] "GET /favicon.ico HTTP/1.1" 200 1714 "-" "Mozilla/5.0 (X11; Linux x86_64; rv:39.0) Gecko/20100101 Firefox/39.0"
173.79.132.228 - - [28/Jul/2015:22:32:28 +0000] "GET /bootstrap/fonts/glyphicons-halflings-regular.woff HTTP/1.1" 200 23600 "-" "Mozilla/5.0 (X11; Linux x86_64; rv:39.0) Gecko/20100101 Firefox/39.0"
173.79.132.228 - - [28/Jul/2015:22:32:28 +0000] "GET /favicon.ico HTTP/1.1" 200 1713 "-" "Mozilla/5.0 (X11; Linux x86_64; rv:39.0) Gecko/20100101 Firefox/39.0"
173.79.132.228 - - [28/Jul/2015:22:34:44 +0000] "GET /projects/vit.html HTTP/1.1" 200 1896 "-" "Mozilla/5.0 (X11; Linux x86_64; rv:39.0) Gecko/20100101 Firefox/39.0"
173.79.132.228 - - [28/Jul/2015:22:34:44 +0000] "GET /bootstrap/css/bootstrap.min.css HTTP/1.1" 200 17588 "-" "Mozilla/5.0 (X11; Linux x86_64; rv:39.0) Gecko/20100101 Firefox/39.0"
173.79.132.228 - - [28/Jul/2015:22:34:45 +0000] "GET /favicon.ico HTTP/1.1" 200 1713 "-" "Mozilla/5.0 (X11; Linux x86_64; rv:39.0) Gecko/20100101 Firefox/39.0"
173.79.132.228 - - [28/Jul/2015:22:36:14 +0000] "GET /projects/vit.html HTTP/1.1" 200 1896 "-" "Mozilla/5.0 (X11; Linux x86_64; rv:39.0) Gecko/20100101 Firefox/39.0"
173.79.132.228 - - [28/Jul/2015:22:36:14 +0000] "GET /favicon.ico HTTP/1.1" 200 1714 "-" "Mozilla/5.0 (X11; Linux x86_64; rv:39.0) Gecko/20100101 Firefox/39.0"
173.79.132.228 - - [28/Jul/2015:22:36:14 +0000] "GET /bootstrap/css/bootstrap.min.css HTTP/1.1" 200 17588 "-" "Mozilla/5.0 (X11; Linux x86_64; rv:39.0) Gecko/20100101 Firefox/39.0"
173.79.132.228 - - [28/Jul/2015:22:36:14 +0000] "GET /bootstrap/js/bootstrap.min.js HTTP/1.1" 200 8018 "-" "Mozilla/5.0 (X11; Linux x86_64; rv:39.0) Gecko/20100101 Firefox/39.0"
173.79.132.228 - - [28/Jul/2015:22:36:15 +0000] "GET /favicon.ico HTTP/1.1" 200 1713 "-" "Mozilla/5.0 (X11; Linux x86_64; rv:39.0) Gecko/20100101 Firefox/39.0"
157.55.39.58 - - [28/Jul/2015:22:41:10 +0000] "GET /about.html HTTP/1.1" 200 2019 "-" "Mozilla/5.0 (compatible; bingbot/2.0; +http://www.bing.com/bingbot.htm)"
54.209.60.63 - - [28/Jul/2015:22:53:22 +0000] "GET /projects/taskd.html HTTP/1.1" 200 1959 "-" "Mozilla/5.0 (Macintosh; Intel Mac OS X 10_10_1) AppleWebKit/600.1.25 (KHTML, like Gecko) Version/8.0 Safari/600.1.25"
180.76.15.153 - - [28/Jul/2015:23:00:13 +0000] "GET /projects HTTP/1.1" 301 524 "-" "Mozilla/5.0 (compatible; Baiduspider/2.0; +http://www.baidu.com/search/spider.html)"
180.76.15.139 - - [28/Jul/2015:23:00:14 +0000] "GET /projects/ HTTP/1.1" 403 465 "-" "Mozilla/5.0 (compatible; Baiduspider/2.0; +http://www.baidu.com/search/spider.html)"
79.179.194.91 - - [28/Jul/2015:23:03:05 +0000] "GET / HTTP/1.1" 200 3533 "-" "Mozilla/5.0 (X11; Linux x86_64; rv:31.0) Gecko/20100101 Firefox/31.0 Iceweasel/31.8.0"
79.179.194.91 - - [28/Jul/2015:23:03:05 +0000] "GET /bootstrap/css/bootstrap.min.css HTTP/1.1" 200 17588 "http://tasktools.org/" "Mozilla/5.0 (X11; Linux x86_64; rv:31.0) Gecko/20100101 Firefox/31.0 Iceweasel/31.8.0"
79.179.194.91 - - [28/Jul/2015:23:03:06 +0000] "GET /tw-m.png HTTP/1.1" 200 6860 "http://tasktools.org/" "Mozilla/5.0 (X11; Linux x86_64; rv:31.0) Gecko/20100101 Firefox/31.0 Iceweasel/31.8.0"
79.179.194.91 - - [28/Jul/2015:23:03:06 +0000] "GET /favicon.ico HTTP/1.1" 200 1713 "-" "Mozilla/5.0 (X11; Linux x86_64; rv:31.0) Gecko/20100101 Firefox/31.0 Iceweasel/31.8.0"
46.119.124.209 - - [28/Jul/2015:23:11:06 +0000] "GET /projects/ HTTP/1.1" 403 474 "http://www.spy-sts.com/" "Mozilla/4.0 (compatible; MSIE 6.0; Windows NT 5.1; Deepnet Explorer 1.5.0; .NET CLR 1.0.3705)"
46.119.124.209 - - [28/Jul/2015:23:11:07 +0000] "GET /projects/ HTTP/1.1" 403 474 "http://www.spy-sts.com/" "Mozilla/4.0 (compatible; MSIE 6.0; Windows NT 5.1; Deepnet Explorer 1.5.0; .NET CLR 1.0.3705)"
46.119.124.209 - - [28/Jul/2015:23:11:09 +0000] "GET /projects/ HTTP/1.1" 403 474 "http://www.spy-sts.com/" "Mozilla/4.0 (compatible; MSIE 6.0; Windows NT 5.1; Deepnet Explorer 1.5.0; .NET CLR 1.0.3705)"
46.119.124.209 - - [28/Jul/2015:23:11:13 +0000] "GET /projects/ HTTP/1.1" 403 474 "http://www.osoznanie-narkotikam.net/" "Mozilla/4.0 (compatible; MSIE 6.0; Windows NT 5.1; SV1; .NET CLR 1.1.4322; .NET CLR 2.0.50727)"
46.119.124.209 - - [28/Jul/2015:23:11:13 +0000] "GET /projects/ HTTP/1.1" 403 474 "http://www.osoznanie-narkotikam.net/" "Mozilla/4.0 (compatible; MSIE 6.0; Windows NT 5.1; SV1; .NET CLR 1.1.4322; .NET CLR 2.0.50727)"
46.119.124.209 - - [28/Jul/2015:23:11:14 +0000] "GET /projects/ HTTP/1.1" 403 474 "http://www.osoznanie-narkotikam.net/" "Mozilla/4.0 (compatible; MSIE 6.0; Windows NT 5.1; SV1; .NET CLR 1.1.4322; .NET CLR 2.0.50727)"
157.55.39.58 - - [28/Jul/2015:23:29:28 +0000] "GET /projects/clog.html HTTP/1.1" 200 2700 "-" "Mozilla/5.0 (compatible; bingbot/2.0; +http://www.bing.com/bingbot.htm)"
180.76.15.143 - - [28/Jul/2015:23:30:13 +0000] "GET /gitweb/?p=task.git;a=blob;f=DEVELOPER;hb=2.0.0 HTTP/1.1" 301 601 "-" "Mozilla/5.0 (compatible; Baiduspider/2.0; +http://www.baidu.com/search/spider.html)"
98.217.152.192 - - [28/Jul/2015:23:39:52 +0000] "GET /tw-m.png HTTP/1.1" 304 189 "http://central.tasktools.org/task-2.4.5.html" "Mozilla/5.0 (Macintosh; Intel Mac OS X 10_11_0) AppleWebKit/537.36 (KHTML, like Gecko) Chrome/44.0.2403.107 Safari/537.36"
98.217.152.192 - - [28/Jul/2015:23:50:55 +0000] "GET /tw-m.png HTTP/1.1" 304 189 "http://central.tasktools.org/task-2.4.5.html" "Mozilla/5.0 (Macintosh; Intel Mac OS X 10_11_0) AppleWebKit/537.36 (KHTML, like Gecko) Chrome/44.0.2403.107 Safari/537.36"
50.21.181.104 - - [29/Jul/2015:00:01:10 +0000] "GET / HTTP/1.1" 200 12681 "-" "Java/1.4.1_04"
50.21.181.104 - - [29/Jul/2015:00:01:10 +0000] "GET /\" + pkBaseURL + \"piwik.js HTTP/1.1" 404 522 "-" "Java/1.4.1_04"
50.21.181.104 - - [29/Jul/2015:00:01:10 +0000] "GET /about.html HTTP/1.1" 200 5519 "-" "Java/1.4.1_04"
50.21.181.104 - - [29/Jul/2015:00:01:11 +0000] "GET /index.html HTTP/1.1" 200 12680 "-" "Java/1.4.1_04"
50.21.181.104 - - [29/Jul/2015:00:01:11 +0000] "GET /tw-m.png HTTP/1.1" 200 6860 "-" "Java/1.4.1_04"
50.21.181.104 - - [29/Jul/2015:00:01:11 +0000] "GET /license.html HTTP/1.1" 200 4937 "-" "Java/1.4.1_04"
50.21.181.104 - - [29/Jul/2015:00:01:11 +0000] "GET /projects/anomaly.html HTTP/1.1" 200 9244 "-" "Java/1.4.1_04"
50.21.181.104 - - [29/Jul/2015:00:01:11 +0000] "GET /projects/clog.html HTTP/1.1" 200 7799 "-" "Java/1.4.1_04"
50.21.181.104 - - [29/Jul/2015:00:01:11 +0000] "GET /projects/kronisk.html HTTP/1.1" 200 5299 "-" "Java/1.4.1_04"
50.21.181.104 - - [29/Jul/2015:00:01:11 +0000] "GET /projects/taskd.html HTTP/1.1" 200 4799 "-" "Java/1.4.1_04"
50.21.181.104 - - [29/Jul/2015:00:01:12 +0000] "GET /projects/tasksh.html HTTP/1.1" 200 4904 "-" "Java/1.4.1_04"
50.21.181.104 - - [29/Jul/2015:00:01:12 +0000] "GET /projects/taskwarrior.html HTTP/1.1" 200 6064 "-" "Java/1.4.1_04"
50.21.181.104 - - [29/Jul/2015:00:01:12 +0000] "GET /projects/vit.html HTTP/1.1" 200 4527 "-" "Java/1.4.1_04"
50.21.181.104 - - [29/Jul/2015:00:01:12 +0000] "GET /projects/vitapi.html HTTP/1.1" 200 4881 "-" "Java/1.4.1_04"
50.21.181.104 - - [29/Jul/2015:00:01:12 +0000] "GET /projects/vramsteg.html HTTP/1.1" 200 5018 "-" "Java/1.4.1_04"
50.21.181.104 - - [29/Jul/2015:00:01:12 +0000] "GET /tinderbox HTTP/1.1" 301 604 "-" "Java/1.4.1_04"
50.21.181.104 - - [29/Jul/2015:00:01:12 +0000] "GET /projects/\" + pkBaseURL + \"piwik.js HTTP/1.1" 404 531 "-" "Java/1.4.1_04"
50.21.181.104 - - [29/Jul/2015:00:01:12 +0000] "GET /latest HTTP/1.1" 200 269 "-" "Java/1.4.1_04"
50.21.181.104 - - [29/Jul/2015:00:01:12 +0000] "GET /projects/performance.html HTTP/1.1" 200 12418 "-" "Java/1.4.1_04"
50.21.181.104 - - [29/Jul/2015:00:01:12 +0000] "GET /rfcs/index.html HTTP/1.1" 200 6135 "-" "Java/1.4.1_04"
50.21.181.104 - - [29/Jul/2015:00:01:13 +0000] "GET /talks/index.html HTTP/1.1" 200 4160 "-" "Java/1.4.1_04"
50.21.181.104 - - [29/Jul/2015:00:01:13 +0000] "GET /tinderbox/vitapi.html HTTP/1.1" 301 628 "-" "Java/1.4.1_04"
50.21.181.104 - - [29/Jul/2015:00:01:13 +0000] "GET /projects/vramsteg.png HTTP/1.1" 200 69768 "-" "Java/1.4.1_04"
50.21.181.104 - - [29/Jul/2015:00:01:14 +0000] "GET /rfcs/\" + pkBaseURL + \"piwik.js HTTP/1.1" 404 527 "-" "Java/1.4.1_04"
50.21.181.104 - - [29/Jul/2015:00:01:14 +0000] "GET /talks/\" + pkBaseURL + \"piwik.js HTTP/1.1" 404 529 "-" "Java/1.4.1_04"
50.21.181.104 - - [29/Jul/2015:00:01:14 +0000] "GET /talks/instgit.sh HTTP/1.1" 200 818 "-" "Java/1.4.1_04"
50.21.181.104 - - [29/Jul/2015:00:01:14 +0000] "GET /bootstrap/js/bootstrap.min.js HTTP/1.1" 200 29427 "-" "Java/1.4.1_04"
50.21.181.104 - - [29/Jul/2015:00:01:14 +0000] "GET /https://answers.tasktools.org HTTP/1.1" 404 545 "-" "Java/1.4.1_04"
50.21.181.104 - - [29/Jul/2015:00:01:14 +0000] "GET /https://bug.tasktools.org HTTP/1.1" 404 542 "-" "Java/1.4.1_04"
50.21.181.104 - - [29/Jul/2015:00:01:14 +0000] "GET /https://git.tasktools.org HTTP/1.1" 404 542 "-" "Java/1.4.1_04"
50.21.181.104 - - [29/Jul/2015:00:01:14 +0000] "GET /projects/clog/clog-hamlet.png HTTP/1.1" 200 107928 "-" "Java/1.4.1_04"
98.217.152.192 - - [29/Jul/2015:00:06:30 +0000] "GET /tw-m.png HTTP/1.1" 304 189 "http://central.tasktools.org/task-2.4.5.html" "Mozilla/5.0 (Macintosh; Intel Mac OS X 10_11_0) AppleWebKit/537.36 (KHTML, like Gecko) Chrome/44.0.2403.107 Safari/537.36"
98.217.152.192 - - [29/Jul/2015:00:11:04 +0000] "GET /tw-m.png HTTP/1.1" 304 189 "http://central.tasktools.org/task-2.4.5.html" "Mozilla/5.0 (Macintosh; Intel Mac OS X 10_11_0) AppleWebKit/537.36 (KHTML, like Gecko) Chrome/44.0.2403.107 Safari/537.36"
98.217.152.192 - - [29/Jul/2015:00:12:31 +0000] "GET /tw-m.png HTTP/1.1" 304 189 "http://central.tasktools.org/task-2.4.5.html" "Mozilla/5.0 (Macintosh; Intel Mac OS X 10_11_0) AppleWebKit/537.36 (KHTML, like Gecko) Chrome/44.0.2403.107 Safari/537.36"
98.217.152.192 - - [29/Jul/2015:00:17:18 +0000] "GET /tw-m.png HTTP/1.1" 304 189 "http://central.tasktools.org/task-2.4.5.html" "Mozilla/5.0 (Macintosh; Intel Mac OS X 10_11_0) AppleWebKit/537.36 (KHTML, like Gecko) Chrome/44.0.2403.107 Safari/537.36"
66.249.75.152 - - [29/Jul/2015:00:52:42 +0000] "GET /gitweb/?p=task.git;a=commit;h=779e32540a6f6a2f2f9ff92a02400feb72028c2b HTTP/1.1" 301 681 "-" "Mozilla/5.0 (compatible; Googlebot/2.1; +http://www.google.com/bot.html)"
183.79.221.55 - - [29/Jul/2015:01:16:02 +0000] "GET /robots.txt HTTP/1.0" 404 464 "-" "Y!J-ASR/0.1 crawler (http://www.yahoo-help.jp/app/answers/detail/p/595/a_id/42716/)"
183.79.221.55 - - [29/Jul/2015:01:16:02 +0000] "GET /projects/vitapi.html HTTP/1.0" 200 2014 "-" "Y!J-ASR/0.1 crawler (http://www.yahoo-help.jp/app/answers/detail/p/595/a_id/42716/)"
183.79.221.55 - - [29/Jul/2015:01:17:12 +0000] "GET /projects/clog.html HTTP/1.0" 200 2663 "-" "Y!J-ASR/0.1 crawler (http://www.yahoo-help.jp/app/answers/detail/p/595/a_id/42716/)"
218.25.32.210 - - [29/Jul/2015:01:19:11 +0000] "GET / HTTP/1.1" 200 3533 "http://taskwarrior.org/" "Mozilla/5.0 (Windows NT 6.1; WOW64) AppleWebKit/537.36 (KHTML, like Gecko) Chrome/44.0.2403.107 Safari/537.36"
218.25.32.210 - - [29/Jul/2015:01:19:12 +0000] "GET /tw-m.png HTTP/1.1" 200 6861 "http://tasktools.org/" "Mozilla/5.0 (Windows NT 6.1; WOW64) AppleWebKit/537.36 (KHTML, like Gecko) Chrome/44.0.2403.107 Safari/537.36"
218.25.32.210 - - [29/Jul/2015:01:19:12 +0000] "GET /bootstrap/css/bootstrap.min.css HTTP/1.1" 200 17588 "http://tasktools.org/" "Mozilla/5.0 (Windows NT 6.1; WOW64) AppleWebKit/537.36 (KHTML, like Gecko) Chrome/44.0.2403.107 Safari/537.36"
218.25.32.210 - - [29/Jul/2015:01:19:12 +0000] "GET /bootstrap/js/bootstrap.min.js HTTP/1.1" 200 8019 "http://tasktools.org/" "Mozilla/5.0 (Windows NT 6.1; WOW64) AppleWebKit/537.36 (KHTML, like Gecko) Chrome/44.0.2403.107 Safari/537.36"
218.25.32.210 - - [29/Jul/2015:01:19:13 +0000] "GET /bootstrap/fonts/glyphicons-halflings-regular.woff HTTP/1.1" 200 23600 "http://tasktools.org/bootstrap/css/bootstrap.min.css" "Mozilla/5.0 (Windows NT 6.1; WOW64) AppleWebKit/537.36 (KHTML, like Gecko) Chrome/44.0.2403.107 Safari/537.36"
218.25.32.210 - - [29/Jul/2015:01:19:14 +0000] "GET /favicon.ico HTTP/1.1" 200 1713 "http://tasktools.org/" "Mozilla/5.0 (Windows NT 6.1; WOW64) AppleWebKit/537.36 (KHTML, like Gecko) Chrome/44.0.2403.107 Safari/537.36"
74.240.22.166 - - [29/Jul/2015:01:21:49 +0000] "GET / HTTP/1.1" 200 3533 "http://taskwarrior.org/download/" "Mozilla/5.0 (X11; OpenBSD amd64; rv:31.0) Gecko/20100101 Firefox/31.0"
74.240.22.166 - - [29/Jul/2015:01:21:50 +0000] "GET /bootstrap/css/bootstrap.min.css HTTP/1.1" 200 17588 "http://tasktools.org/" "Mozilla/5.0 (X11; OpenBSD amd64; rv:31.0) Gecko/20100101 Firefox/31.0"
74.240.22.166 - - [29/Jul/2015:01:21:50 +0000] "GET /favicon.ico HTTP/1.1" 200 1714 "-" "Mozilla/5.0 (X11; OpenBSD amd64; rv:31.0) Gecko/20100101 Firefox/31.0"
74.240.22.166 - - [29/Jul/2015:01:21:51 +0000] "GET /bootstrap/js/bootstrap.min.js HTTP/1.1" 200 8018 "http://tasktools.org/" "Mozilla/5.0 (X11; OpenBSD amd64; rv:31.0) Gecko/20100101 Firefox/31.0"
74.240.22.166 - - [29/Jul/2015:01:21:51 +0000] "GET /tw-m.png HTTP/1.1" 200 6860 "http://tasktools.org/" "Mozilla/5.0 (X11; OpenBSD amd64; rv:31.0) Gecko/20100101 Firefox/31.0"
74.240.22.166 - - [29/Jul/2015:01:21:56 +0000] "GET /bootstrap/fonts/glyphicons-halflings-regular.woff HTTP/1.1" 200 23600 "http://tasktools.org/bootstrap/css/bootstrap.min.css" "Mozilla/5.0 (X11; OpenBSD amd64; rv:31.0) Gecko/20100101 Firefox/31.0"
74.240.22.166 - - [29/Jul/2015:01:22:23 +0000] "GET /piwik/piwik.js HTTP/1.1" 301 575 "http://holidata.net/" "Mozilla/5.0 (X11; OpenBSD amd64; rv:31.0) Gecko/20100101 Firefox/31.0"
74.240.22.166 - - [29/Jul/2015:01:22:24 +0000] "GET /piwik/piwik.php?action_name=%3A%3A%20holidata.net%20%3A%3A&idsite=5&rec=1&r=277567&h=20&m=28&s=0&url=http%3A%2F%2Fholidata.net%2F&urlref=http%3A%2F%2Ftaskwarrior.org%2Fdownload%2F&_id=c3d9399c4bb39622&_idts=1438133281&_idvc=1&_idn=0&_refts=1438133281&_viewts=1438133281&_ref=http%3A%2F%2Ftaskwarrior.org%2Fdownload%2F&send_image=0&cookie=1&res=1600x900&gt_ms=594 HTTP/1.1" 301 1111 "http://holidata.net/" "Mozilla/5.0 (X11; OpenBSD amd64; rv:31.0) Gecko/20100101 Firefox/31.0"
74.240.22.166 - - [29/Jul/2015:01:22:36 +0000] "GET /piwik/piwik.php?action_name=flod.us&idsite=6&rec=1&r=028338&h=20&m=28&s=10&url=http%3A%2F%2Fflod.us%2Findex2.html&urlref=http%3A%2F%2Ftaskwarrior.org%2Fdownload%2F&_id=35a82e0506ecb42b&_idts=1438133291&_idvc=1&_idn=0&_refts=1438133291&_viewts=1438133291&_ref=http%3A%2F%2Ftaskwarrior.org%2Fdownload%2F&send_image=0&cookie=1&res=1600x900&gt_ms=696 HTTP/1.1" 301 1095 "http://flod.us/index2.html" "Mozilla/5.0 (X11; OpenBSD amd64; rv:31.0) Gecko/20100101 Firefox/31.0"
183.79.221.55 - - [29/Jul/2015:01:23:41 +0000] "GET /projects/tasksh.html HTTP/1.0" 200 2004 "-" "Y!J-ASR/0.1 crawler (http://www.yahoo-help.jp/app/answers/detail/p/595/a_id/42716/)"
129.27.3.93 - - [29/Jul/2015:01:27:45 +0000] "GET /projects/vramsteg.html HTTP/1.1" 200 4963 "-" "Mozilla/5.0 (X11; Linux x86_64; rv:10.0.4) Gecko/20100101 Firefox/10.0.4 Iceweasel/10.0.4"
180.76.15.153 - - [29/Jul/2015:01:29:05 +0000] "GET / HTTP/1.1" 200 12644 "-" "Mozilla/5.0 (compatible; Baiduspider/2.0; +http://www.baidu.com/search/spider.html)"
180.76.15.15 - - [29/Jul/2015:01:29:37 +0000] "GET / HTTP/1.1" 200 12644 "-" "Mozilla/5.0 (compatible; Baiduspider/2.0; +http://www.baidu.com/search/spider.html)"
178.238.149.39 - - [29/Jul/2015:01:37:05 +0000] "GET /favicon.ico HTTP/1.1" 200 1714 "-" "Mozilla/5.0 (X11; Linux x86_64; rv:39.0) Gecko/20100101 Firefox/39.0"
183.79.221.55 - - [29/Jul/2015:01:39:41 +0000] "GET /projects/kronisk.html HTTP/1.0" 200 2136 "-" "Y!J-ASR/0.1 crawler (http://www.yahoo-help.jp/app/answers/detail/p/595/a_id/42716/)"
183.79.221.55 - - [29/Jul/2015:01:44:33 +0000] "GET /projects/vramsteg.html HTTP/1.0" 200 2025 "-" "Y!J-ASR/0.1 crawler (http://www.yahoo-help.jp/app/answers/detail/p/595/a_id/42716/)"
66.249.75.152 - - [29/Jul/2015:01:50:46 +0000] "GET /httprepo/task.git/objects/67/f3424505d38163b877254fd5608e07deffe586 HTTP/1.1" 404 544 "-" "Mozilla/5.0 (compatible; Googlebot/2.1; +http://www.google.com/bot.html)"
98.217.152.192 - - [29/Jul/2015:01:51:34 +0000] "GET /tw-m.png HTTP/1.1" 304 189 "http://central.tasktools.org/task-2.4.5.html" "Mozilla/5.0 (Macintosh; Intel Mac OS X 10_11_0) AppleWebKit/537.36 (KHTML, like Gecko) Chrome/44.0.2403.107 Safari/537.36"
98.217.152.192 - - [29/Jul/2015:01:51:44 +0000] "GET /tw-m.png HTTP/1.1" 304 189 "http://central.tasktools.org/task-2.4.5.html" "Mozilla/5.0 (Macintosh; Intel Mac OS X 10_11_0) AppleWebKit/537.36 (KHTML, like Gecko) Chrome/44.0.2403.107 Safari/537.36"
98.217.152.192 - - [29/Jul/2015:01:54:58 +0000] "GET /tw-m.png HTTP/1.1" 304 189 "http://central.tasktools.org/task-2.4.5.html" "Mozilla/5.0 (Macintosh; Intel Mac OS X 10_11_0) AppleWebKit/537.36 (KHTML, like Gecko) Chrome/44.0.2403.107 Safari/537.36"
98.217.152.192 - - [29/Jul/2015:01:55:10 +0000] "GET /tw-m.png HTTP/1.1" 304 189 "http://central.tasktools.org/task-2.4.5.html" "Mozilla/5.0 (Macintosh; Intel Mac OS X 10_11_0) AppleWebKit/537.36 (KHTML, like Gecko) Chrome/44.0.2403.107 Safari/537.36"
98.217.152.192 - - [29/Jul/2015:01:55:32 +0000] "GET /tw-m.png HTTP/1.1" 304 189 "http://central.tasktools.org/task-2.4.5.html" "Mozilla/5.0 (Macintosh; Intel Mac OS X 10_11_0) AppleWebKit/537.36 (KHTML, like Gecko) Chrome/44.0.2403.107 Safari/537.36"
98.217.152.192 - - [29/Jul/2015:01:55:37 +0000] "GET /tw-m.png HTTP/1.1" 304 188 "http://central.tasktools.org/task-2.4.5.html" "Mozilla/5.0 (Macintosh; Intel Mac OS X 10_11_0) AppleWebKit/537.36 (KHTML, like Gecko) Chrome/44.0.2403.107 Safari/537.36"
98.217.152.192 - - [29/Jul/2015:01:55:39 +0000] "GET /tw-m.png HTTP/1.1" 304 188 "http://central.tasktools.org/task-2.4.5.html" "Mozilla/5.0 (Macintosh; Intel Mac OS X 10_11_0) AppleWebKit/537.36 (KHTML, like Gecko) Chrome/44.0.2403.107 Safari/537.36"
98.217.152.192 - - [29/Jul/2015:01:55:41 +0000] "GET /tw-m.png HTTP/1.1" 304 188 "http://central.tasktools.org/task-2.4.5.html" "Mozilla/5.0 (Macintosh; Intel Mac OS X 10_11_0) AppleWebKit/537.36 (KHTML, like Gecko) Chrome/44.0.2403.107 Safari/537.36"
98.217.152.192 - - [29/Jul/2015:01:55:43 +0000] "GET /tw-m.png HTTP/1.1" 304 188 "http://central.tasktools.org/task-2.4.5.html" "Mozilla/5.0 (Macintosh; Intel Mac OS X 10_11_0) AppleWebKit/537.36 (KHTML, like Gecko) Chrome/44.0.2403.107 Safari/537.36"
98.217.152.192 - - [29/Jul/2015:01:55:45 +0000] "GET /tw-m.png HTTP/1.1" 304 188 "http://central.tasktools.org/task-2.4.5.html" "Mozilla/5.0 (Macintosh; Intel Mac OS X 10_11_0) AppleWebKit/537.36 (KHTML, like Gecko) Chrome/44.0.2403.107 Safari/537.36"
98.217.152.192 - - [29/Jul/2015:01:55:49 +0000] "GET /tw-m.png HTTP/1.1" 304 188 "http://central.tasktools.org/task-2.4.5.html" "Mozilla/5.0 (Macintosh; Intel Mac OS X 10_11_0) AppleWebKit/537.36 (KHTML, like Gecko) Chrome/44.0.2403.107 Safari/537.36"
98.217.152.192 - - [29/Jul/2015:01:56:26 +0000] "GET /tw-m.png HTTP/1.1" 304 189 "http://central.tasktools.org/task-2.4.5.html" "Mozilla/5.0 (Macintosh; Intel Mac OS X 10_11_0) AppleWebKit/537.36 (KHTML, like Gecko) Chrome/44.0.2403.107 Safari/537.36"
98.217.152.192 - - [29/Jul/2015:01:56:57 +0000] "GET /tw-m.png HTTP/1.1" 304 189 "http://central.tasktools.org/task-2.4.5.html" "Mozilla/5.0 (Macintosh; Intel Mac OS X 10_11_0) AppleWebKit/537.36 (KHTML, like Gecko) Chrome/44.0.2403.107 Safari/537.36"
98.217.152.192 - - [29/Jul/2015:01:57:06 +0000] "GET /tw-m.png HTTP/1.1" 304 189 "http://central.tasktools.org/task-2.4.5.html" "Mozilla/5.0 (Macintosh; Intel Mac OS X 10_11_0) AppleWebKit/537.36 (KHTML, like Gecko) Chrome/44.0.2403.107 Safari/537.36"
98.217.152.192 - - [29/Jul/2015:01:57:11 +0000] "GET /tw-m.png HTTP/1.1" 304 188 "http://central.tasktools.org/task-2.4.5.html" "Mozilla/5.0 (Macintosh; Intel Mac OS X 10_11_0) AppleWebKit/537.36 (KHTML, like Gecko) Chrome/44.0.2403.107 Safari/537.36"
98.217.152.192 - - [29/Jul/2015:01:57:14 +0000] "GET /tw-m.png HTTP/1.1" 304 188 "http://central.tasktools.org/task-2.4.5.html" "Mozilla/5.0 (Macintosh; Intel Mac OS X 10_11_0) AppleWebKit/537.36 (KHTML, like Gecko) Chrome/44.0.2403.107 Safari/537.36"
98.217.152.192 - - [29/Jul/2015:01:57:21 +0000] "GET /tw-m.png HTTP/1.1" 304 189 "http://central.tasktools.org/task-2.4.5.html" "Mozilla/5.0 (Macintosh; Intel Mac OS X 10_11_0) AppleWebKit/537.36 (KHTML, like Gecko) Chrome/44.0.2403.107 Safari/537.36"
98.217.152.192 - - [29/Jul/2015:01:57:25 +0000] "GET /tw-m.png HTTP/1.1" 304 188 "http://central.tasktools.org/task-2.4.5.html" "Mozilla/5.0 (Macintosh; Intel Mac OS X 10_11_0) AppleWebKit/537.36 (KHTML, like Gecko) Chrome/44.0.2403.107 Safari/537.36"
98.217.152.192 - - [29/Jul/2015:01:57:31 +0000] "GET /tw-m.png HTTP/1.1" 304 189 "http://central.tasktools.org/task-2.4.5.html" "Mozilla/5.0 (Macintosh; Intel Mac OS X 10_11_0) AppleWebKit/537.36 (KHTML, like Gecko) Chrome/44.0.2403.107 Safari/537.36"
98.217.152.192 - - [29/Jul/2015:01:57:32 +0000] "GET /tw-m.png HTTP/1.1" 304 188 "http://central.tasktools.org/task-2.4.5.html" "Mozilla/5.0 (Macintosh; Intel Mac OS X 10_11_0) AppleWebKit/537.36 (KHTML, like Gecko) Chrome/44.0.2403.107 Safari/537.36"
98.217.152.192 - - [29/Jul/2015:01:57:38 +0000] "GET /tw-m.png HTTP/1.1" 304 189 "http://central.tasktools.org/task-2.4.5.html" "Mozilla/5.0 (Macintosh; Intel Mac OS X 10_11_0) AppleWebKit/537.36 (KHTML, like Gecko) Chrome/44.0.2403.107 Safari/537.36"
98.217.152.192 - - [29/Jul/2015:01:57:44 +0000] "GET /tw-m.png HTTP/1.1" 304 189 "http://central.tasktools.org/task-2.4.5.html" "Mozilla/5.0 (Macintosh; Intel Mac OS X 10_11_0) AppleWebKit/537.36 (KHTML, like Gecko) Chrome/44.0.2403.107 Safari/537.36"
98.217.152.192 - - [29/Jul/2015:01:57:56 +0000] "GET /tw-m.png HTTP/1.1" 304 189 "http://central.tasktools.org/task-2.4.5.html" "Mozilla/5.0 (Macintosh; Intel Mac OS X 10_11_0) AppleWebKit/537.36 (KHTML, like Gecko) Chrome/44.0.2403.107 Safari/537.36"
98.217.152.192 - - [29/Jul/2015:01:58:14 +0000] "GET /tw-m.png HTTP/1.1" 304 189 "http://central.tasktools.org/task-2.4.5.html" "Mozilla/5.0 (Macintosh; Intel Mac OS X 10_11_0) AppleWebKit/537.36 (KHTML, like Gecko) Chrome/44.0.2403.107 Safari/537.36"
98.217.152.192 - - [29/Jul/2015:01:58:58 +0000] "GET /tw-m.png HTTP/1.1" 304 189 "http://central.tasktools.org/task-2.4.5.html" "Mozilla/5.0 (Macintosh; Intel Mac OS X 10_11_0) AppleWebKit/537.36 (KHTML, like Gecko) Chrome/44.0.2403.107 Safari/537.36"
98.217.152.192 - - [29/Jul/2015:02:01:20 +0000] "GET /tw-m.png HTTP/1.1" 304 189 "http://central.tasktools.org/task-2.4.5.html" "Mozilla/5.0 (Macintosh; Intel Mac OS X 10_11_0) AppleWebKit/537.36 (KHTML, like Gecko) Chrome/44.0.2403.107 Safari/537.36"
98.217.152.192 - - [29/Jul/2015:02:01:33 +0000] "GET /tw-m.png HTTP/1.1" 304 189 "http://central.tasktools.org/task-2.4.5.html" "Mozilla/5.0 (Macintosh; Intel Mac OS X 10_11_0) AppleWebKit/537.36 (KHTML, like Gecko) Chrome/44.0.2403.107 Safari/537.36"
98.217.152.192 - - [29/Jul/2015:02:02:04 +0000] "GET /tw-m.png HTTP/1.1" 304 189 "http://central.tasktools.org/task-2.4.5.html" "Mozilla/5.0 (Macintosh; Intel Mac OS X 10_11_0) AppleWebKit/537.36 (KHTML, like Gecko) Chrome/44.0.2403.107 Safari/537.36"
66.249.75.161 - - [29/Jul/2015:02:02:22 +0000] "GET /gitweb/?p=task.git;a=shortlog;h=776a56fa67be7299ab700124f7568f4f7c8be695 HTTP/1.1" 301 685 "-" "Mozilla/5.0 (compatible; Googlebot/2.1; +http://www.google.com/bot.html)"
72.218.130.129 - - [29/Jul/2015:02:09:19 +0000] "GET /projects/vit.html HTTP/1.1" 200 1896 "http://taskwarrior.org/docs/tutorials/start.html" "Mozilla/5.0 (Macintosh; Intel Mac OS X 10.10; rv:39.0) Gecko/20100101 Firefox/39.0"
72.218.130.129 - - [29/Jul/2015:02:09:19 +0000] "GET /bootstrap/css/bootstrap.min.css HTTP/1.1" 200 17588 "http://tasktools.org/projects/vit.html" "Mozilla/5.0 (Macintosh; Intel Mac OS X 10.10; rv:39.0) Gecko/20100101 Firefox/39.0"
72.218.130.129 - - [29/Jul/2015:02:09:19 +0000] "GET /bootstrap/js/bootstrap.min.js HTTP/1.1" 200 8019 "http://tasktools.org/projects/vit.html" "Mozilla/5.0 (Macintosh; Intel Mac OS X 10.10; rv:39.0) Gecko/20100101 Firefox/39.0"
72.218.130.129 - - [29/Jul/2015:02:09:19 +0000] "GET /favicon.ico HTTP/1.1" 200 1713 "-" "Mozilla/5.0 (Macintosh; Intel Mac OS X 10.10; rv:39.0) Gecko/20100101 Firefox/39.0"
72.218.130.129 - - [29/Jul/2015:02:09:20 +0000] "GET /bootstrap/fonts/glyphicons-halflings-regular.woff HTTP/1.1" 200 23600 "http://tasktools.org/bootstrap/css/bootstrap.min.css" "Mozilla/5.0 (Macintosh; Intel Mac OS X 10.10; rv:39.0) Gecko/20100101 Firefox/39.0"
72.218.130.129 - - [29/Jul/2015:02:12:22 +0000] "GET / HTTP/1.1" 200 3533 "http://tasktools.org/projects/vit.html" "Mozilla/5.0 (Macintosh; Intel Mac OS X 10.10; rv:39.0) Gecko/20100101 Firefox/39.0"
72.218.130.129 - - [29/Jul/2015:02:12:22 +0000] "GET /tw-m.png HTTP/1.1" 200 6860 "http://tasktools.org/" "Mozilla/5.0 (Macintosh; Intel Mac OS X 10.10; rv:39.0) Gecko/20100101 Firefox/39.0"
66.249.75.170 - - [29/Jul/2015:02:13:59 +0000] "GET / HTTP/1.1" 200 3533 "-" "Mozilla/5.0 (compatible; Googlebot/2.1; +http://www.google.com/bot.html)"
98.217.152.192 - - [29/Jul/2015:02:21:06 +0000] "GET /tw-m.png HTTP/1.1" 304 189 "http://central.tasktools.org/task-2.4.5.html" "Mozilla/5.0 (Macintosh; Intel Mac OS X 10_11_0) AppleWebKit/537.36 (KHTML, like Gecko) Chrome/44.0.2403.107 Safari/537.36"
183.79.221.55 - - [29/Jul/2015:02:22:08 +0000] "GET /latest HTTP/1.0" 200 232 "-" "Y!J-ASR/0.1 crawler (http://www.yahoo-help.jp/app/answers/detail/p/595/a_id/42716/)"
98.217.152.192 - - [29/Jul/2015:02:26:53 +0000] "GET /tw-m.png HTTP/1.1" 304 189 "http://central.tasktools.org/task-2.4.5.html" "Mozilla/5.0 (Macintosh; Intel Mac OS X 10_11_0) AppleWebKit/537.36 (KHTML, like Gecko) Chrome/44.0.2403.107 Safari/537.36"
183.79.221.55 - - [29/Jul/2015:02:27:20 +0000] "GET /projects/performance.html HTTP/1.0" 200 3767 "-" "Y!J-ASR/0.1 crawler (http://www.yahoo-help.jp/app/answers/detail/p/595/a_id/42716/)"
98.217.152.192 - - [29/Jul/2015:02:28:12 +0000] "GET /tw-m.png HTTP/1.1" 304 189 "http://central.tasktools.org/task-2.4.5.html" "Mozilla/5.0 (Macintosh; Intel Mac OS X 10_11_0) AppleWebKit/537.36 (KHTML, like Gecko) Chrome/44.0.2403.107 Safari/537.36"
79.112.53.95 - - [29/Jul/2015:02:50:51 +0000] "GET /projects/vit.html HTTP/1.0" 200 4528 "-" "Mozilla/5.0 (Windows; U; Windows NT 6.0; en-US; rv:1.9b5) Gecko/2008032620 Firefox/3.0b5"
98.217.152.192 - - [29/Jul/2015:03:16:57 +0000] "GET /tw-m.png HTTP/1.1" 304 189 "http://central.tasktools.org/task-2.4.5.html" "Mozilla/5.0 (Macintosh; Intel Mac OS X 10_11_0) AppleWebKit/537.36 (KHTML, like Gecko) Chrome/44.0.2403.107 Safari/537.36"
98.217.152.192 - - [29/Jul/2015:03:17:05 +0000] "GET /tw-m.png HTTP/1.1" 304 189 "http://central.tasktools.org/task-2.4.5.html" "Mozilla/5.0 (Macintosh; Intel Mac OS X 10_11_0) AppleWebKit/537.36 (KHTML, like Gecko) Chrome/44.0.2403.107 Safari/537.36"
98.217.152.192 - - [29/Jul/2015:03:17:12 +0000] "GET /tw-m.png HTTP/1.1" 304 189 "http://central.tasktools.org/task-2.4.5.html" "Mozilla/5.0 (Macintosh; Intel Mac OS X 10_11_0) AppleWebKit/537.36 (KHTML, like Gecko) Chrome/44.0.2403.107 Safari/537.36"
98.217.152.192 - - [29/Jul/2015:03:17:20 +0000] "GET /tw-m.png HTTP/1.1" 304 189 "http://central.tasktools.org/task-2.4.5.html" "Mozilla/5.0 (Macintosh; Intel Mac OS X 10_11_0) AppleWebKit/537.36 (KHTML, like Gecko) Chrome/44.0.2403.107 Safari/537.36"
98.217.152.192 - - [29/Jul/2015:03:17:26 +0000] "GET /tw-m.png HTTP/1.1" 304 189 "http://central.tasktools.org/task-2.4.5.html" "Mozilla/5.0 (Macintosh; Intel Mac OS X 10_11_0) AppleWebKit/537.36 (KHTML, like Gecko) Chrome/44.0.2403.107 Safari/537.36"
98.217.152.192 - - [29/Jul/2015:03:17:29 +0000] "GET /tw-m.png HTTP/1.1" 304 188 "http://central.tasktools.org/task-2.4.5.html" "Mozilla/5.0 (Macintosh; Intel Mac OS X 10_11_0) AppleWebKit/537.36 (KHTML, like Gecko) Chrome/44.0.2403.107 Safari/537.36"
98.217.152.192 - - [29/Jul/2015:03:17:40 +0000] "GET /tw-m.png HTTP/1.1" 304 189 "http://central.tasktools.org/task-2.4.5.html" "Mozilla/5.0 (Macintosh; Intel Mac OS X 10_11_0) AppleWebKit/537.36 (KHTML, like Gecko) Chrome/44.0.2403.107 Safari/537.36"
98.217.152.192 - - [29/Jul/2015:03:17:56 +0000] "GET /tw-m.png HTTP/1.1" 304 189 "http://central.tasktools.org/task-2.4.5.html" "Mozilla/5.0 (Macintosh; Intel Mac OS X 10_11_0) AppleWebKit/537.36 (KHTML, like Gecko) Chrome/44.0.2403.107 Safari/537.36"
98.217.152.192 - - [29/Jul/2015:03:18:05 +0000] "GET /tw-m.png HTTP/1.1" 304 189 "http://central.tasktools.org/task-2.4.5.html" "Mozilla/5.0 (Macintosh; Intel Mac OS X 10_11_0) AppleWebKit/537.36 (KHTML, like Gecko) Chrome/44.0.2403.107 Safari/537.36"
98.217.152.192 - - [29/Jul/2015:03:18:15 +0000] "GET /tw-m.png HTTP/1.1" 304 189 "http://central.tasktools.org/task-2.4.5.html" "Mozilla/5.0 (Macintosh; Intel Mac OS X 10_11_0) AppleWebKit/537.36 (KHTML, like Gecko) Chrome/44.0.2403.107 Safari/537.36"
98.217.152.192 - - [29/Jul/2015:03:18:25 +0000] "GET /tw-m.png HTTP/1.1" 304 189 "http://central.tasktools.org/task-2.4.5.html" "Mozilla/5.0 (Macintosh; Intel Mac OS X 10_11_0) AppleWebKit/537.36 (KHTML, like Gecko) Chrome/44.0.2403.107 Safari/537.36"
98.217.152.192 - - [29/Jul/2015:03:18:30 +0000] "GET /tw-m.png HTTP/1.1" 304 188 "http://central.tasktools.org/task-2.4.5.html" "Mozilla/5.0 (Macintosh; Intel Mac OS X 10_11_0) AppleWebKit/537.36 (KHTML, like Gecko) Chrome/44.0.2403.107 Safari/537.36"
98.217.152.192 - - [29/Jul/2015:03:18:36 +0000] "GET /tw-m.png HTTP/1.1" 304 189 "http://central.tasktools.org/task-2.4.5.html" "Mozilla/5.0 (Macintosh; Intel Mac OS X 10_11_0) AppleWebKit/537.36 (KHTML, like Gecko) Chrome/44.0.2403.107 Safari/537.36"
98.217.152.192 - - [29/Jul/2015:03:18:42 +0000] "GET /tw-m.png HTTP/1.1" 304 189 "http://central.tasktools.org/task-2.4.5.html" "Mozilla/5.0 (Macintosh; Intel Mac OS X 10_11_0) AppleWebKit/537.36 (KHTML, like Gecko) Chrome/44.0.2403.107 Safari/537.36"
98.217.152.192 - - [29/Jul/2015:03:18:47 +0000] "GET /tw-m.png HTTP/1.1" 304 188 "http://central.tasktools.org/task-2.4.5.html" "Mozilla/5.0 (Macintosh; Intel Mac OS X 10_11_0) AppleWebKit/537.36 (KHTML, like Gecko) Chrome/44.0.2403.107 Safari/537.36"
98.217.152.192 - - [29/Jul/2015:03:18:54 +0000] "GET /tw-m.png HTTP/1.1" 304 189 "http://central.tasktools.org/task-2.4.5.html" "Mozilla/5.0 (Macintosh; Intel Mac OS X 10_11_0) AppleWebKit/537.36 (KHTML, like Gecko) Chrome/44.0.2403.107 Safari/537.36"
98.217.152.192 - - [29/Jul/2015:03:19:02 +0000] "GET /tw-m.png HTTP/1.1" 304 189 "http://central.tasktools.org/task-2.4.5.html" "Mozilla/5.0 (Macintosh; Intel Mac OS X 10_11_0) AppleWebKit/537.36 (KHTML, like Gecko) Chrome/44.0.2403.107 Safari/537.36"
98.217.152.192 - - [29/Jul/2015:03:19:09 +0000] "GET /tw-m.png HTTP/1.1" 304 189 "http://central.tasktools.org/task-2.4.5.html" "Mozilla/5.0 (Macintosh; Intel Mac OS X 10_11_0) AppleWebKit/537.36 (KHTML, like Gecko) Chrome/44.0.2403.107 Safari/537.36"
98.217.152.192 - - [29/Jul/2015:03:19:15 +0000] "GET /tw-m.png HTTP/1.1" 304 189 "http://central.tasktools.org/task-2.4.5.html" "Mozilla/5.0 (Macintosh; Intel Mac OS X 10_11_0) AppleWebKit/537.36 (KHTML, like Gecko) Chrome/44.0.2403.107 Safari/537.36"
98.217.152.192 - - [29/Jul/2015:03:19:18 +0000] "GET /tw-m.png HTTP/1.1" 304 188 "http://central.tasktools.org/task-2.4.5.html" "Mozilla/5.0 (Macintosh; Intel Mac OS X 10_11_0) AppleWebKit/537.36 (KHTML, like Gecko) Chrome/44.0.2403.107 Safari/537.36"
98.217.152.192 - - [29/Jul/2015:03:19:23 +0000] "GET /tw-m.png HTTP/1.1" 304 189 "http://central.tasktools.org/task-2.4.5.html" "Mozilla/5.0 (Macintosh; Intel Mac OS X 10_11_0) AppleWebKit/537.36 (KHTML, like Gecko) Chrome/44.0.2403.107 Safari/537.36"
98.217.152.192 - - [29/Jul/2015:03:19:27 +0000] "GET /tw-m.png HTTP/1.1" 304 188 "http://central.tasktools.org/task-2.4.5.html" "Mozilla/5.0 (Macintosh; Intel Mac OS X 10_11_0) AppleWebKit/537.36 (KHTML, like Gecko) Chrome/44.0.2403.107 Safari/537.36"
98.217.152.192 - - [29/Jul/2015:03:19:36 +0000] "GET /tw-m.png HTTP/1.1" 304 189 "http://central.tasktools.org/task-2.4.5.html" "Mozilla/5.0 (Macintosh; Intel Mac OS X 10_11_0) AppleWebKit/537.36 (KHTML, like Gecko) Chrome/44.0.2403.107 Safari/537.36"
98.217.152.192 - - [29/Jul/2015:03:19:41 +0000] "GET /tw-m.png HTTP/1.1" 304 189 "http://central.tasktools.org/task-2.4.5.html" "Mozilla/5.0 (Macintosh; Intel Mac OS X 10_11_0) AppleWebKit/537.36 (KHTML, like Gecko) Chrome/44.0.2403.107 Safari/537.36"
98.217.152.192 - - [29/Jul/2015:03:19:45 +0000] "GET /tw-m.png HTTP/1.1" 304 188 "http://central.tasktools.org/task-2.4.5.html" "Mozilla/5.0 (Macintosh; Intel Mac OS X 10_11_0) AppleWebKit/537.36 (KHTML, like Gecko) Chrome/44.0.2403.107 Safari/537.36"
98.217.152.192 - - [29/Jul/2015:03:19:49 +0000] "GET /tw-m.png HTTP/1.1" 304 188 "http://central.tasktools.org/task-2.4.5.html" "Mozilla/5.0 (Macintosh; Intel Mac OS X 10_11_0) AppleWebKit/537.36 (KHTML, like Gecko) Chrome/44.0.2403.107 Safari/537.36"
98.217.152.192 - - [29/Jul/2015:03:19:56 +0000] "GET /tw-m.png HTTP/1.1" 304 189 "http://central.tasktools.org/task-2.4.5.html" "Mozilla/5.0 (Macintosh; Intel Mac OS X 10_11_0) AppleWebKit/537.36 (KHTML, like Gecko) Chrome/44.0.2403.107 Safari/537.36"
98.217.152.192 - - [29/Jul/2015:03:20:00 +0000] "GET /tw-m.png HTTP/1.1" 304 188 "http://central.tasktools.org/task-2.4.5.html" "Mozilla/5.0 (Macintosh; Intel Mac OS X 10_11_0) AppleWebKit/537.36 (KHTML, like Gecko) Chrome/44.0.2403.107 Safari/537.36"
98.217.152.192 - - [29/Jul/2015:03:20:04 +0000] "GET /tw-m.png HTTP/1.1" 304 188 "http://central.tasktools.org/task-2.4.5.html" "Mozilla/5.0 (Macintosh; Intel Mac OS X 10_11_0) AppleWebKit/537.36 (KHTML, like Gecko) Chrome/44.0.2403.107 Safari/537.36"
98.217.152.192 - - [29/Jul/2015:03:20:10 +0000] "GET /tw-m.png HTTP/1.1" 304 189 "http://central.tasktools.org/task-2.4.5.html" "Mozilla/5.0 (Macintosh; Intel Mac OS X 10_11_0) AppleWebKit/537.36 (KHTML, like Gecko) Chrome/44.0.2403.107 Safari/537.36"
66.249.83.161 - - [29/Jul/2015:03:20:11 +0000] "GET / HTTP/1.1" 200 3533 "-" "Google favicon"
66.249.83.158 - - [29/Jul/2015:03:20:12 +0000] "GET /favicon.ico HTTP/1.1" 200 1714 "-" "Google favicon"
98.217.152.192 - - [29/Jul/2015:03:20:41 +0000] "GET /tw-m.png HTTP/1.1" 304 189 "http://central.tasktools.org/task-2.4.5.html" "Mozilla/5.0 (Macintosh; Intel Mac OS X 10_11_0) AppleWebKit/537.36 (KHTML, like Gecko) Chrome/44.0.2403.107 Safari/537.36"
66.249.75.152 - - [29/Jul/2015:03:26:56 +0000] "GET /tinderbox/taskwarrior.html HTTP/1.1" 301 585 "-" "Mozilla/5.0 (compatible; Googlebot/2.1; +http://www.google.com/bot.html)"
98.217.152.192 - - [29/Jul/2015:03:34:39 +0000] "GET /tw-m.png HTTP/1.1" 304 189 "http://central.tasktools.org/task-2.4.5.html" "Mozilla/5.0 (Macintosh; Intel Mac OS X 10_11_0) AppleWebKit/537.36 (KHTML, like Gecko) Chrome/44.0.2403.107 Safari/537.36"
