185.53.44.124 - - [26/Jul/2015:06:29:28 +0000] "GET /rfcs/gitweb/gitweb.cgi?p=rfc.git;a=blob_plain;f=rfc30-accomplishinterval.txt;hb=HEAD HTTP/1.1" 301 727 "-" "Mozilla/5.0 (compatible; XoviBot/2.0; +http://www.xovibot.net/)"
66.249.75.152 - - [26/Jul/2015:06:30:10 +0000] "GET / HTTP/1.1" 200 3533 "-" "Mozilla/5.0 (compatible; Googlebot/2.1; +http://www.google.com/bot.html)"
68.180.228.44 - - [26/Jul/2015:06:43:28 +0000] "GET /mon/bytes.png HTTP/1.1" 404 448 "-" "Mozilla/5.0 (compatible; Yahoo! Slurp; http://help.yahoo.com/help/us/ysearch/slurp)"
68.190.127.134 - - [26/Jul/2015:06:45:00 +0000] "GET / HTTP/1.1" 200 3533 "https://www.google.com/" "Mozilla/5.0 (Macintosh; Intel Mac OS X 10_10_3) AppleWebKit/537.36 (KHTML, like Gecko) Chrome/44.0.2403.89 Safari/537.36"
68.190.127.134 - - [26/Jul/2015:06:45:00 +0000] "GET /bootstrap/css/bootstrap.min.css HTTP/1.1" 200 17588 "http://tasktools.org/" "Mozilla/5.0 (Macintosh; Intel Mac OS X 10_10_3) AppleWebKit/537.36 (KHTML, like Gecko) Chrome/44.0.2403.89 Safari/537.36"
68.190.127.134 - - [26/Jul/2015:06:45:00 +0000] "GET /tw-m.png HTTP/1.1" 200 6861 "http://tasktools.org/" "Mozilla/5.0 (Macintosh; Intel Mac OS X 10_10_3) AppleWebKit/537.36 (KHTML, like Gecko) Chrome/44.0.2403.89 Safari/537.36"
68.190.127.134 - - [26/Jul/2015:06:45:00 +0000] "GET /bootstrap/js/bootstrap.min.js HTTP/1.1" 200 8019 "http://tasktools.org/" "Mozilla/5.0 (Macintosh; Intel Mac OS X 10_10_3) AppleWebKit/537.36 (KHTML, like Gecko) Chrome/44.0.2403.89 Safari/537.36"
68.190.127.134 - - [26/Jul/2015:06:45:01 +0000] "GET /bootstrap/fonts/glyphicons-halflings-regular.woff HTTP/1.1" 200 23600 "http://tasktools.org/bootstrap/css/bootstrap.min.css" "Mozilla/5.0 (Macintosh; Intel Mac OS X 10_10_3) AppleWebKit/537.36 (KHTML, like Gecko) Chrome/44.0.2403.89 Safari/537.36"
68.190.127.134 - - [26/Jul/2015:06:45:01 +0000] "GET /favicon.ico HTTP/1.1" 200 1713 "http://tasktools.org/" "Mozilla/5.0 (Macintosh; Intel Mac OS X 10_10_3) AppleWebKit/537.36 (KHTML, like Gecko) Chrome/44.0.2403.89 Safari/537.36"
185.53.44.51 - - [26/Jul/2015:06:47:48 +0000] "GET /rfcs/gitweb/gitweb.cgi?p=rfc.git;a=blob_plain;f=rfc31-urgency.txt;hb=HEAD HTTP/1.1" 301 705 "-" "Mozilla/5.0 (compatible; XoviBot/2.0; +http://www.xovibot.net/)"
77.109.141.138 - - [26/Jul/2015:06:49:37 +0000] "GET / HTTP/1.1" 200 3477 "http://burger-imperia.com/" "Mozilla/5.0 (X11; Linux x86_64) AppleWebKit/537.36 (KHTML, like Gecko) Chrome/37.0.2062.120 Safari/537.36"
185.53.44.70 - - [26/Jul/2015:06:52:23 +0000] "GET /rfcs/gitweb/gitweb.cgi?p=rfc.git;a=blob_plain;f=rfc13-performance.txt;hb=HEAD HTTP/1.1" 301 713 "-" "Mozilla/5.0 (compatible; XoviBot/2.0; +http://www.xovibot.net/)"
185.53.44.65 - - [26/Jul/2015:06:52:35 +0000] "GET /rfcs/gitweb/gitweb.cgi?p=rfc.git;a=blob_plain;f=rfc5-hooks.txt;hb=HEAD HTTP/1.1" 301 699 "-" "Mozilla/5.0 (compatible; XoviBot/2.0; +http://www.xovibot.net/)"
185.53.44.99 - - [26/Jul/2015:06:55:57 +0000] "GET /rfcs/gitweb/gitweb.cgi?p=rfc.git;a=blob_plain;f=rfc4-grid.txt;hb=HEAD HTTP/1.1" 301 697 "-" "Mozilla/5.0 (compatible; XoviBot/2.0; +http://www.xovibot.net/)"
185.53.44.79 - - [26/Jul/2015:06:56:57 +0000] "GET /rfcs/gitweb/gitweb.cgi?p=rfc.git;a=blob_plain;f=rfc7-storage.txt;hb=HEAD HTTP/1.1" 301 703 "-" "Mozilla/5.0 (compatible; XoviBot/2.0; +http://www.xovibot.net/)"
212.224.119.139 - - [26/Jul/2015:06:58:59 +0000] "GET /rfcs/gitweb/gitweb.cgi?p=rfc.git;a=blob_plain;f=rfc15-file-format.txt;hb=HEAD HTTP/1.1" 301 713 "-" "Mozilla/5.0 (compatible; XoviBot/2.0; +http://www.xovibot.net/)"
84.147.23.239 - - [26/Jul/2015:06:59:18 +0000] "GET /latest HTTP/1.1" 200 232 "-" "libwww-perl/6.08"
185.53.44.53 - - [26/Jul/2015:07:06:42 +0000] "GET /rfcs/gitweb/gitweb.cgi?p=rfc.git;a=blob_plain;f=rfc29-escalation.txt;hb=HEAD HTTP/1.1" 301 711 "-" "Mozilla/5.0 (compatible; XoviBot/2.0; +http://www.xovibot.net/)"
185.53.44.94 - - [26/Jul/2015:07:12:03 +0000] "GET /rfcs/gitweb/gitweb.cgi?p=rfc.git;a=blob_plain;f=rfc11-command-line.txt;hb=HEAD HTTP/1.1" 301 715 "-" "Mozilla/5.0 (compatible; XoviBot/2.0; +http://www.xovibot.net/)"
185.53.44.148 - - [26/Jul/2015:07:13:30 +0000] "GET /rfcs/gitweb/gitweb.cgi?p=rfc.git;a=blob_plain;f=rfc12-searching.txt;hb=HEAD HTTP/1.1" 301 709 "-" "Mozilla/5.0 (compatible; XoviBot/2.0; +http://www.xovibot.net/)"
185.53.44.85 - - [26/Jul/2015:07:14:31 +0000] "GET /rfcs/gitweb/gitweb.cgi?p=rfc.git;a=blob_plain;f=rfc22-substitutions.txt;hb=HEAD HTTP/1.1" 301 717 "-" "Mozilla/5.0 (compatible; XoviBot/2.0; +http://www.xovibot.net/)"
185.53.44.95 - - [26/Jul/2015:07:19:47 +0000] "GET /rfcs/gitweb/gitweb.cgi?p=rfc.git;a=blob_plain;f=rfc8-special-tags.txt;hb=HEAD HTTP/1.1" 301 713 "-" "Mozilla/5.0 (compatible; XoviBot/2.0; +http://www.xovibot.net/)"
185.53.44.65 - - [26/Jul/2015:07:21:25 +0000] "GET /rfcs/gitweb/gitweb.cgi?p=rfc.git;a=blob_plain;f=rfc9-filters.txt;hb=HEAD HTTP/1.1" 301 703 "-" "Mozilla/5.0 (compatible; XoviBot/2.0; +http://www.xovibot.net/)"
185.53.44.116 - - [26/Jul/2015:07:22:01 +0000] "GET /rfcs/gitweb/gitweb.cgi?p=rfc.git;a=blob_plain;f=rfc27-dependencies.txt;hb=HEAD HTTP/1.1" 301 715 "-" "Mozilla/5.0 (compatible; XoviBot/2.0; +http://www.xovibot.net/)"
46.118.120.154 - - [26/Jul/2015:07:22:54 +0000] "GET /wp-content/plugins/reflex-gallery/admin/scripts/FileUploader/php.php HTTP/1.0" 404 548 "http://TASKTOOLS.org/wp-content/plugins/reflex-gallery/admin/scripts/FileUploader/php.php" "Mozilla/5.0 (Windows NT 6.1; rv:37.0) Gecko/20100101 Firefox/37.0"
46.118.120.154 - - [26/Jul/2015:07:22:54 +0000] "GET /wp-content/plugins/reflex-gallery/admin/scripts/FileUploader/php.phpindex.php HTTP/1.0" 404 557 "http://TASKTOOLS.org/wp-content/plugins/reflex-gallery/admin/scripts/FileUploader/php.phpindex.php" "Mozilla/5.0 (Windows NT 6.1; rv:37.0) Gecko/20100101 Firefox/37.0"
66.249.75.161 - - [26/Jul/2015:07:27:37 +0000] "GET / HTTP/1.1" 200 3533 "-" "DoCoMo/2.0 N905i(c100;TB;W24H16) (compatible; Googlebot-Mobile/2.1; +http://www.google.com/bot.html)"
66.249.75.170 - - [26/Jul/2015:07:35:48 +0000] "GET /allPlans.action;jsessionid=3CC5513E8E8F23A8934A5021A888F4DA HTTP/1.1" 404 540 "-" "Mozilla/5.0 (iPhone; CPU iPhone OS 6_0 like Mac OS X) AppleWebKit/536.26 (KHTML, like Gecko) Version/6.0 Mobile/10A5376e Safari/8536.25 (compatible; Googlebot/2.1; +http://www.google.com/bot.html)"
182.118.43.239 - - [26/Jul/2015:07:37:24 +0000] "GET /piwik/piwik.js HTTP/1.1" 301 575 "http://flod.us/" "Mozilla/4.0 (compatible; MSIE 8.0; Windows NT 6.1; Trident/4.0; SLCC2; .NET CLR 2.0.50727; .NET CLR 3.5.30729; .NET CLR 3.0.30729; Media Center PC 6.0)"
220.181.108.112 - - [26/Jul/2015:07:40:22 +0000] "GET / HTTP/1.1" 304 175 "-" "Mozilla/5.0 (compatible; Baiduspider/2.0; +http://www.baidu.com/search/spider.html)"
100.43.91.4 - - [26/Jul/2015:07:42:28 +0000] "GET /mon/ HTTP/1.1" 200 2106 "-" "Mozilla/5.0 (compatible; YandexBot/3.0; +http://yandex.com/bots)"
185.53.44.65 - - [26/Jul/2015:07:46:22 +0000] "GET /gitweb/gitweb.cgi?p=rfc.git;a=blob_plain;f=rfc31-urgency.txt;hb=HEAD HTTP/1.1" 301 683 "-" "Mozilla/5.0 (compatible; XoviBot/2.0; +http://www.xovibot.net/)"
129.27.3.93 - - [26/Jul/2015:08:17:41 +0000] "GET /projects/anomaly.html HTTP/1.1" 200 9189 "-" "Mozilla/5.0 (X11; Linux x86_64; rv:10.0.4) Gecko/20100101 Firefox/10.0.4 Iceweasel/10.0.4"
66.249.75.161 - - [26/Jul/2015:08:33:06 +0000] "GET /projects/taskd.html HTTP/1.1" 304 212 "-" "Mozilla/5.0 (compatible; Googlebot/2.1; +http://www.google.com/bot.html)"
188.165.15.202 - - [26/Jul/2015:08:33:44 +0000] "GET /mon/bytes.png HTTP/1.1" 404 448 "-" "Mozilla/5.0 (compatible; AhrefsBot/5.0; +http://ahrefs.com/robot/)"
79.230.27.117 - - [26/Jul/2015:08:39:08 +0000] "GET /tw-m.png HTTP/1.1" 304 189 "http://central.tasktools.org/task-2.4.5.html" "Mozilla/5.0 (Windows NT 6.3; WOW64; rv:39.0) Gecko/20100101 Firefox/39.0"
179.192.232.104 - - [26/Jul/2015:08:57:36 +0000] "GET / HTTP/1.1" 200 3533 "http://success-seo.com/try.php?u=http://tasktools.org" "Mozilla/5.0 (Windows NT 6.1; WOW64) AppleWebKit/537.36 (KHTML, like Gecko) Chrome/35.0.1916.153 Safari/537.36"
179.192.232.104 - - [26/Jul/2015:08:57:37 +0000] "GET /bootstrap/css/bootstrap.min.css HTTP/1.1" 200 17588 "http://tasktools.org/" "Mozilla/5.0 (Windows NT 6.1; WOW64) AppleWebKit/537.36 (KHTML, like Gecko) Chrome/35.0.1916.153 Safari/537.36"
179.192.232.104 - - [26/Jul/2015:08:57:37 +0000] "GET /bootstrap/js/bootstrap.min.js HTTP/1.1" 200 8019 "http://tasktools.org/" "Mozilla/5.0 (Windows NT 6.1; WOW64) AppleWebKit/537.36 (KHTML, like Gecko) Chrome/35.0.1916.153 Safari/537.36"
179.192.232.104 - - [26/Jul/2015:08:57:37 +0000] "GET /tw-m.png HTTP/1.1" 200 6860 "http://tasktools.org/" "Mozilla/5.0 (Windows NT 6.1; WOW64) AppleWebKit/537.36 (KHTML, like Gecko) Chrome/35.0.1916.153 Safari/537.36"
157.55.39.187 - - [26/Jul/2015:10:10:06 +0000] "GET / HTTP/1.1" 200 3533 "-" "Mozilla/5.0 (compatible; bingbot/2.0; +http://www.bing.com/bingbot.htm)"
123.125.71.82 - - [26/Jul/2015:10:10:31 +0000] "GET /about.html HTTP/1.1" 200 1982 "-" "Mozilla/5.0 (compatible; Baiduspider/2.0; +http://www.baidu.com/search/spider.html)"
77.58.169.93 - - [26/Jul/2015:10:16:54 +0000] "GET /favicon.ico HTTP/1.1" 200 1714 "-" "Mozilla/5.0 (X11; Linux x86_64; rv:31.0) Gecko/20100101 Firefox/31.0"
180.76.15.141 - - [26/Jul/2015:10:30:15 +0000] "GET / HTTP/1.1" 304 175 "-" "Mozilla/5.0 (compatible; Baiduspider/2.0; +http://www.baidu.com/search/spider.html)"
207.90.2.8 - - [26/Jul/2015:10:31:52 +0000] "GET / HTTP/1.0" 200 12681 "-" "=Mozilla/5.0 (Windows; U; Windows NT 6.1; en-US) AppleWebKit/534.16 (KHTML, like Gecko) Chrome/10.0.648.204 Safari/534.16"
66.249.75.152 - - [26/Jul/2015:10:32:34 +0000] "GET / HTTP/1.1" 200 3533 "-" "Mozilla/5.0 (compatible; Googlebot/2.1; +http://www.google.com/bot.html)"
77.75.78.164 - - [26/Jul/2015:10:53:32 +0000] "GET /robots.txt HTTP/1.1" 404 501 "-" "Mozilla/5.0 (compatible; SeznamBot/3.2; +http://fulltext.sblog.cz/)"
77.75.78.164 - - [26/Jul/2015:10:53:33 +0000] "GET /projects/clog/clog-rule1.png HTTP/1.1" 304 189 "-" "Mozilla/5.0 (compatible; SeznamBot/3.2; +http://fulltext.sblog.cz/)"
77.75.78.164 - - [26/Jul/2015:10:53:34 +0000] "GET /projects/clog/clog-rule12.png HTTP/1.1" 304 189 "-" "Mozilla/5.0 (compatible; SeznamBot/3.2; +http://fulltext.sblog.cz/)"
77.75.78.164 - - [26/Jul/2015:10:53:36 +0000] "GET /rfcs/index.html HTTP/1.1" 304 212 "-" "Mozilla/5.0 (compatible; SeznamBot/3.2; +http://fulltext.sblog.cz/)"
77.75.78.164 - - [26/Jul/2015:10:53:50 +0000] "GET /projects/clog/clog-timestamp.png HTTP/1.1" 304 190 "-" "Mozilla/5.0 (compatible; SeznamBot/3.2; +http://fulltext.sblog.cz/)"
66.249.75.152 - - [26/Jul/2015:11:31:33 +0000] "GET / HTTP/1.1" 200 3533 "-" "Mozilla/5.0 (compatible; Googlebot/2.1; +http://www.google.com/bot.html)"
180.76.15.147 - - [26/Jul/2015:11:32:14 +0000] "GET / HTTP/1.1" 200 12644 "-" "Mozilla/5.0 (compatible; Baiduspider/2.0; +http://www.baidu.com/search/spider.html)"
180.76.15.157 - - [26/Jul/2015:11:32:53 +0000] "GET / HTTP/1.1" 200 12644 "-" "Mozilla/5.0 (compatible; Baiduspider/2.0; +http://www.baidu.com/search/spider.html)"
180.76.15.161 - - [26/Jul/2015:11:56:12 +0000] "GET /rfcs/gitweb/gitweb.cgi?p=rfc.git;a=blob_plain;f=rfc35-threads.txt;hb=HEAD HTTP/1.1" 301 662 "-" "Mozilla/5.0 (compatible; Baiduspider/2.0; +http://www.baidu.com/search/spider.html)"
66.249.75.152 - - [26/Jul/2015:12:10:44 +0000] "GET /gitweb/?p=task.git;a=shortlog;h=3ef6aa9f8e9795b5e2d50afc62fddd906dcd7646 HTTP/1.1" 301 685 "-" "Mozilla/5.0 (compatible; Googlebot/2.1; +http://www.google.com/bot.html)"
17.142.151.220 - - [26/Jul/2015:12:31:25 +0000] "GET / HTTP/1.1" 200 3533 "-" "Mozilla/5.0 (Macintosh; Intel Mac OS X 10_10_1) AppleWebKit/600.2.5 (KHTML, like Gecko) Version/8.0.2 Safari/600.2.5 (Applebot/0.1; +http://www.apple.com/go/applebot)"
17.142.151.220 - - [26/Jul/2015:12:31:25 +0000] "GET / HTTP/1.1" 200 3533 "-" "Mozilla/5.0 (iPhone; CPU iPhone OS 8_1 like Mac OS X) AppleWebKit/600.1.4 (KHTML, like Gecko) Version/8.0 Mobile/12B410 Safari/600.1.4 (Applebot/0.1; +http://www.apple.com/go/applebot)"
17.142.151.220 - - [26/Jul/2015:12:31:26 +0000] "GET /robots.txt HTTP/1.1" 404 501 "-" "Mozilla/5.0 (iPhone; CPU iPhone OS 8_1 like Mac OS X) AppleWebKit/600.1.4 (KHTML, like Gecko) Version/8.0 Mobile/12B410 Safari/600.1.4 (Applebot/0.1; +http://www.apple.com/go/applebot)"
17.142.151.220 - - [26/Jul/2015:12:31:26 +0000] "GET /apple-touch-icon.png HTTP/1.1" 404 509 "-" "Mozilla/5.0 (iPhone; CPU iPhone OS 8_1 like Mac OS X) AppleWebKit/600.1.4 (KHTML, like Gecko) Version/8.0 Mobile/12B410 Safari/600.1.4 (Applebot/0.1; +http://www.apple.com/go/applebot)"
17.142.151.220 - - [26/Jul/2015:12:31:26 +0000] "GET /robots.txt HTTP/1.1" 404 501 "-" "Mozilla/5.0 (iPhone; CPU iPhone OS 8_1 like Mac OS X) AppleWebKit/600.1.4 (KHTML, like Gecko) Version/8.0 Mobile/12B410 Safari/600.1.4 (Applebot/0.1; +http://www.apple.com/go/applebot)"
17.142.151.220 - - [26/Jul/2015:12:31:26 +0000] "GET /apple-touch-icon.png HTTP/1.1" 404 509 "-" "Mozilla/5.0 (iPhone; CPU iPhone OS 8_1 like Mac OS X) AppleWebKit/600.1.4 (KHTML, like Gecko) Version/8.0 Mobile/12B410 Safari/600.1.4 (Applebot/0.1; +http://www.apple.com/go/applebot)"
17.142.151.220 - - [26/Jul/2015:12:31:26 +0000] "GET /robots.txt HTTP/1.1" 404 501 "-" "Mozilla/5.0 (Macintosh; Intel Mac OS X 10_10_1) AppleWebKit/600.2.5 (KHTML, like Gecko) Version/8.0.2 Safari/600.2.5 (Applebot/0.1; +http://www.apple.com/go/applebot)"
17.142.151.220 - - [26/Jul/2015:12:31:27 +0000] "GET /favicon.ico HTTP/1.1" 200 1714 "-" "Mozilla/5.0 (Macintosh; Intel Mac OS X 10_10_1) AppleWebKit/600.2.5 (KHTML, like Gecko) Version/8.0.2 Safari/600.2.5 (Applebot/0.1; +http://www.apple.com/go/applebot)"
68.180.228.44 - - [26/Jul/2015:12:58:22 +0000] "GET /talks/lt-task.pdf HTTP/1.1" 200 70176 "-" "Mozilla/5.0 (compatible; Yahoo! Slurp; http://help.yahoo.com/help/us/ysearch/slurp)"
194.152.46.22 - - [26/Jul/2015:12:58:49 +0000] "GET / HTTP/1.1" 200 3533 "https://www.google.pl/" "Mozilla/5.0 (X11; Linux i686) AppleWebKit/537.36 (KHTML, like Gecko) Chrome/44.0.2403.107 Safari/537.36"
194.152.46.22 - - [26/Jul/2015:12:58:49 +0000] "GET /bootstrap/css/bootstrap.min.css HTTP/1.1" 200 17588 "http://tasktools.org/" "Mozilla/5.0 (X11; Linux i686) AppleWebKit/537.36 (KHTML, like Gecko) Chrome/44.0.2403.107 Safari/537.36"
194.152.46.22 - - [26/Jul/2015:12:58:49 +0000] "GET /bootstrap/js/bootstrap.min.js HTTP/1.1" 200 8019 "http://tasktools.org/" "Mozilla/5.0 (X11; Linux i686) AppleWebKit/537.36 (KHTML, like Gecko) Chrome/44.0.2403.107 Safari/537.36"
194.152.46.22 - - [26/Jul/2015:12:58:49 +0000] "GET /tw-m.png HTTP/1.1" 200 6861 "http://tasktools.org/" "Mozilla/5.0 (X11; Linux i686) AppleWebKit/537.36 (KHTML, like Gecko) Chrome/44.0.2403.107 Safari/537.36"
194.152.46.22 - - [26/Jul/2015:12:58:50 +0000] "GET /bootstrap/fonts/glyphicons-halflings-regular.woff HTTP/1.1" 200 23600 "http://tasktools.org/bootstrap/css/bootstrap.min.css" "Mozilla/5.0 (X11; Linux i686) AppleWebKit/537.36 (KHTML, like Gecko) Chrome/44.0.2403.107 Safari/537.36"
194.152.46.22 - - [26/Jul/2015:12:58:50 +0000] "GET /favicon.ico HTTP/1.1" 200 1713 "http://tasktools.org/" "Mozilla/5.0 (X11; Linux i686) AppleWebKit/537.36 (KHTML, like Gecko) Chrome/44.0.2403.107 Safari/537.36"
66.249.75.152 - - [26/Jul/2015:12:59:50 +0000] "GET /robots.txt HTTP/1.1" 404 501 "-" "Mozilla/5.0 (compatible; Googlebot/2.1; +http://www.google.com/bot.html)"
66.249.75.161 - - [26/Jul/2015:13:00:38 +0000] "GET / HTTP/1.1" 200 3533 "-" "Mozilla/5.0 (iPhone; CPU iPhone OS 6_0 like Mac OS X) AppleWebKit/536.26 (KHTML, like Gecko) Version/6.0 Mobile/10A5376e Safari/8536.25 (compatible; Googlebot/2.1; +http://www.google.com/bot.html)"
194.152.46.22 - - [26/Jul/2015:13:01:49 +0000] "GET /projects/vit.html HTTP/1.1" 200 1896 "http://tasktools.org/" "Mozilla/5.0 (X11; Linux i686) AppleWebKit/537.36 (KHTML, like Gecko) Chrome/44.0.2403.107 Safari/537.36"
66.249.75.161 - - [26/Jul/2015:13:06:23 +0000] "GET /projects/clog/clog-r12.png HTTP/1.1" 304 190 "-" "Googlebot-Image/1.0"
188.165.15.202 - - [26/Jul/2015:13:09:37 +0000] "GET /rfcs/index.html HTTP/1.1" 200 1971 "-" "Mozilla/5.0 (compatible; AhrefsBot/5.0; +http://ahrefs.com/robot/)"
157.55.39.27 - - [26/Jul/2015:13:15:21 +0000] "GET /projects/kronisk.html HTTP/1.1" 200 2173 "-" "Mozilla/5.0 (compatible; bingbot/2.0; +http://www.bing.com/bingbot.htm)"
46.118.153.186 - - [26/Jul/2015:13:15:26 +0000] "GET /projects/ HTTP/1.1" 403 474 "http://serpuhov-protvino.ru/" "Mozilla/4.0 (compatible; MSIE 6.0; Windows NT 5.0; KTXN)"
46.118.153.186 - - [26/Jul/2015:13:15:27 +0000] "GET /projects/ HTTP/1.1" 403 474 "http://serpuhov-protvino.ru/" "Mozilla/4.0 (compatible; MSIE 6.0; Windows NT 5.0; KTXN)"
46.118.153.186 - - [26/Jul/2015:13:15:27 +0000] "GET /projects/ HTTP/1.1" 403 474 "http://pochemychka.net/" "Mozilla/4.0 (compatible; MSIE 6.0; Windows NT 5.1; SV1; FunWebProducts; MRA 4.6 (build 01425); .NET CLR 1.1.4322; .NET CLR 2.0.50727)"
46.118.153.186 - - [26/Jul/2015:13:15:28 +0000] "GET /projects/ HTTP/1.1" 403 474 "http://pochemychka.net/" "Mozilla/4.0 (compatible; MSIE 6.0; Windows NT 5.1; SV1; FunWebProducts; MRA 4.6 (build 01425); .NET CLR 1.1.4322; .NET CLR 2.0.50727)"
194.152.46.22 - - [26/Jul/2015:13:28:46 +0000] "GET /favicon.ico HTTP/1.1" 200 1714 "-" "Mozilla/5.0 (X11; Linux i686) AppleWebKit/537.36 (KHTML, like Gecko) Chrome/44.0.2403.107 Safari/537.36"
157.55.39.27 - - [26/Jul/2015:13:33:13 +0000] "GET /robots.txt HTTP/1.1" 404 527 "-" "Mozilla/5.0 (compatible; bingbot/2.0; +http://www.bing.com/bingbot.htm)"
180.76.15.145 - - [26/Jul/2015:13:34:55 +0000] "GET /projects/kronisk.html HTTP/1.1" 200 2136 "-" "Mozilla/5.0 (compatible; Baiduspider/2.0; +http://www.baidu.com/search/spider.html)"
157.55.39.27 - - [26/Jul/2015:13:35:17 +0000] "GET /projects/tasksh.html HTTP/1.1" 200 2041 "-" "Mozilla/5.0 (compatible; bingbot/2.0; +http://www.bing.com/bingbot.htm)"
66.249.75.170 - - [26/Jul/2015:13:52:06 +0000] "GET /projects/clog/clog-nothing.png HTTP/1.1" 304 189 "-" "Googlebot-Image/1.0"
129.27.3.93 - - [26/Jul/2015:13:56:46 +0000] "GET /projects/clog.html HTTP/1.1" 200 7744 "-" "Mozilla/5.0 (X11; Linux x86_64; rv:10.0.4) Gecko/20100101 Firefox/10.0.4 Iceweasel/10.0.4"
98.217.152.192 - - [26/Jul/2015:14:03:36 +0000] "GET /tw-m.png HTTP/1.1" 304 189 "http://central.tasktools.org/task-2.4.5.html" "Mozilla/5.0 (Macintosh; Intel Mac OS X 10_11_0) AppleWebKit/537.36 (KHTML, like Gecko) Chrome/44.0.2403.89 Safari/537.36"
74.237.137.28 - - [26/Jul/2015:14:18:03 +0000] "GET / HTTP/1.1" 200 3533 "http://www.google.com/url?sa=t&rct=j&q=&esrc=s&source=web&cd=12&cad=rja&uact=8&ved=0CE8QFjALahUKEwix1-S3__jGAhXDNz4KHSiYAN8&url=http%3A%2F%2Ftasktools.org%2F&ei=G-20VfHdH8Pv-AGosIL4DQ&usg=AFQjCNH2M4xPDpU4w3v_YmB86KePKqZZWA&bvm=bv.98717601,d.cWw" "Mozilla/5.0 (X11; Linux i686; rv:31.0) Gecko/20100101 Firefox/31.0 Iceweasel/31.8.0"
74.237.137.28 - - [26/Jul/2015:14:18:03 +0000] "GET /bootstrap/css/bootstrap.min.css HTTP/1.1" 200 17588 "http://tasktools.org/" "Mozilla/5.0 (X11; Linux i686; rv:31.0) Gecko/20100101 Firefox/31.0 Iceweasel/31.8.0"
74.237.137.28 - - [26/Jul/2015:14:18:03 +0000] "GET /bootstrap/js/bootstrap.min.js HTTP/1.1" 200 8018 "http://tasktools.org/" "Mozilla/5.0 (X11; Linux i686; rv:31.0) Gecko/20100101 Firefox/31.0 Iceweasel/31.8.0"
74.237.137.28 - - [26/Jul/2015:14:18:03 +0000] "GET /tw-m.png HTTP/1.1" 200 6861 "http://tasktools.org/" "Mozilla/5.0 (X11; Linux i686; rv:31.0) Gecko/20100101 Firefox/31.0 Iceweasel/31.8.0"
74.237.137.28 - - [26/Jul/2015:14:18:03 +0000] "GET /favicon.ico HTTP/1.1" 200 1713 "-" "Mozilla/5.0 (X11; Linux i686; rv:31.0) Gecko/20100101 Firefox/31.0 Iceweasel/31.8.0"
74.237.137.28 - - [26/Jul/2015:14:18:04 +0000] "GET /bootstrap/fonts/glyphicons-halflings-regular.woff HTTP/1.1" 200 23600 "http://tasktools.org/bootstrap/css/bootstrap.min.css" "Mozilla/5.0 (X11; Linux i686; rv:31.0) Gecko/20100101 Firefox/31.0 Iceweasel/31.8.0"
74.237.137.28 - - [26/Jul/2015:14:18:41 +0000] "GET /projects/taskwarrior.html HTTP/1.1" 200 2450 "http://tasktools.org/" "Mozilla/5.0 (X11; Linux i686; rv:31.0) Gecko/20100101 Firefox/31.0 Iceweasel/31.8.0"
157.55.39.168 - - [26/Jul/2015:14:33:44 +0000] "GET /projects/vit.html HTTP/1.1" 200 1896 "-" "Mozilla/5.0 (compatible; bingbot/2.0; +http://www.bing.com/bingbot.htm)"
180.76.15.143 - - [26/Jul/2015:14:34:57 +0000] "GET / HTTP/1.1" 304 175 "-" "Mozilla/5.0 (compatible; Baiduspider/2.0; +http://www.baidu.com/search/spider.html)"
66.249.75.161 - - [26/Jul/2015:14:37:54 +0000] "GET /projects/clog/clog-hamlet.png HTTP/1.1" 304 190 "-" "Googlebot-Image/1.0"
183.79.221.166 - - [26/Jul/2015:14:39:28 +0000] "GET /robots.txt HTTP/1.0" 404 464 "-" "Y!J-ASR/0.1 crawler (http://www.yahoo-help.jp/app/answers/detail/p/595/a_id/42716/)"
183.79.221.166 - - [26/Jul/2015:14:39:28 +0000] "GET /projects/taskwarrior.html HTTP/1.0" 200 2413 "-" "Y!J-ASR/0.1 crawler (http://www.yahoo-help.jp/app/answers/detail/p/595/a_id/42716/)"
79.182.99.143 - - [26/Jul/2015:14:43:28 +0000] "GET / HTTP/1.1" 200 3533 "-" "Mozilla/5.0 (X11; Linux x86_64; rv:31.0) Gecko/20100101 Firefox/31.0 Iceweasel/31.8.0"
79.182.99.143 - - [26/Jul/2015:14:43:28 +0000] "GET /bootstrap/css/bootstrap.min.css HTTP/1.1" 200 17588 "http://tasktools.org/" "Mozilla/5.0 (X11; Linux x86_64; rv:31.0) Gecko/20100101 Firefox/31.0 Iceweasel/31.8.0"
79.182.99.143 - - [26/Jul/2015:14:43:28 +0000] "GET /tw-m.png HTTP/1.1" 200 6860 "http://tasktools.org/" "Mozilla/5.0 (X11; Linux x86_64; rv:31.0) Gecko/20100101 Firefox/31.0 Iceweasel/31.8.0"
79.182.99.143 - - [26/Jul/2015:14:43:30 +0000] "GET /favicon.ico HTTP/1.1" 200 1713 "-" "Mozilla/5.0 (X11; Linux x86_64; rv:31.0) Gecko/20100101 Firefox/31.0 Iceweasel/31.8.0"
79.182.99.143 - - [26/Jul/2015:14:43:32 +0000] "GET /projects/taskwarrior.html HTTP/1.1" 200 2449 "http://tasktools.org/" "Mozilla/5.0 (X11; Linux x86_64; rv:31.0) Gecko/20100101 Firefox/31.0 Iceweasel/31.8.0"
98.217.152.192 - - [26/Jul/2015:15:00:35 +0000] "GET /tw-m.png HTTP/1.1" 304 189 "http://central.tasktools.org/task-2.4.5.html" "Mozilla/5.0 (Macintosh; Intel Mac OS X 10_11_0) AppleWebKit/537.36 (KHTML, like Gecko) Chrome/44.0.2403.89 Safari/537.36"
52.6.177.41 - - [26/Jul/2015:15:01:37 +0000] "GET /admin HTTP/1.1" 301 609 "-" "-"
52.6.177.41 - - [26/Jul/2015:15:01:37 +0000] "GET / HTTP/1.1" 200 12681 "-" "-"
52.6.177.41 - - [26/Jul/2015:15:01:37 +0000] "GET /index.html HTTP/1.1" 200 12681 "http://tasktools.org/index.html" "-"
52.6.177.41 - - [26/Jul/2015:15:01:37 +0000] "GET / HTTP/1.1" 200 12681 "http://tasktools.org/" "-"
157.55.39.27 - - [26/Jul/2015:15:13:30 +0000] "GET /projects/taskwarrior.html HTTP/1.1" 200 2450 "-" "Mozilla/5.0 (compatible; bingbot/2.0; +http://www.bing.com/bingbot.htm)"
150.101.178.132 - - [26/Jul/2015:15:23:15 +0000] "GET / HTTP/1.1" 304 212 "-" "Spillo/95 CFNetwork/720.4.4 Darwin/14.4.0 (x86_64)"
66.249.75.152 - - [26/Jul/2015:15:23:42 +0000] "GET /projects/clog/clog-timestamp.png HTTP/1.1" 304 190 "-" "Googlebot-Image/1.0"
98.217.152.192 - - [26/Jul/2015:15:25:10 +0000] "GET /tw-m.png HTTP/1.1" 304 189 "http://central.tasktools.org/task-2.4.5.html" "Mozilla/5.0 (Macintosh; Intel Mac OS X 10_11_0) AppleWebKit/537.36 (KHTML, like Gecko) Chrome/44.0.2403.89 Safari/537.36"
76.25.249.14 - - [26/Jul/2015:15:32:26 +0000] "GET /piwik/piwik.js HTTP/1.1" 301 575 "http://holidata.net/" "Mozilla/5.0 (X11; Ubuntu; Linux x86_64; rv:39.0) Gecko/20100101 Firefox/39.0"
76.25.249.14 - - [26/Jul/2015:15:32:26 +0000] "GET /piwik/piwik.php?action_name=%3A%3A%20holidata.net%20%3A%3A&idsite=5&rec=1&r=389019&h=9&m=37&s=57&url=http%3A%2F%2Fholidata.net%2F&urlref=http%3A%2F%2Ftaskwarrior.org%2F&_id=cf7009095c4e2a28&_idts=1437925077&_idvc=1&_idn=0&_refts=1437925077&_viewts=1437925077&_ref=http%3A%2F%2Ftaskwarrior.org%2F&send_image=0&pdf=0&qt=1&realp=0&wma=1&dir=0&fla=1&java=1&gears=0&ag=0&cookie=1&res=1920x1200&gt_ms=48 HTTP/1.1" 301 1171 "http://holidata.net/" "Mozilla/5.0 (X11; Ubuntu; Linux x86_64; rv:39.0) Gecko/20100101 Firefox/39.0"
76.25.249.14 - - [26/Jul/2015:15:32:37 +0000] "GET /piwik/piwik.php?action_name=flod.us&idsite=6&rec=1&r=963293&h=9&m=38&s=8&url=http%3A%2F%2Fflod.us%2Findex2.html&urlref=http%3A%2F%2Ftaskwarrior.org%2F&_id=01226e3738c4cde1&_idts=1437925089&_idvc=1&_idn=0&_refts=1437925089&_viewts=1437925089&_ref=http%3A%2F%2Ftaskwarrior.org%2F&send_image=0&pdf=0&qt=1&realp=0&wma=1&dir=0&fla=1&java=1&gears=0&ag=0&cookie=1&res=1920x1200&gt_ms=46 HTTP/1.1" 301 1154 "http://flod.us/index2.html" "Mozilla/5.0 (X11; Ubuntu; Linux x86_64; rv:39.0) Gecko/20100101 Firefox/39.0"
91.200.12.11 - - [26/Jul/2015:15:34:05 +0000] "GET /wp-login.php HTTP/1.1" 404 529 "-" "-"
94.153.10.225 - - [26/Jul/2015:15:34:53 +0000] "GET /projects/ HTTP/1.1" 403 474 "http://petrovka-online.com/" "Mozilla/4.0 (compatible; MSIE 6.0; Windows NT 5.1; SV1; InfoPath.1"
94.153.10.225 - - [26/Jul/2015:15:34:54 +0000] "GET /projects/ HTTP/1.1" 403 474 "http://petrovka-online.com/" "Mozilla/4.0 (compatible; MSIE 6.0; Windows NT 5.1; SV1; InfoPath.1"
183.79.221.166 - - [26/Jul/2015:15:35:59 +0000] "GET /index.html HTTP/1.0" 200 3496 "-" "Y!J-ASR/0.1 crawler (http://www.yahoo-help.jp/app/answers/detail/p/595/a_id/42716/)"
66.249.75.161 - - [26/Jul/2015:15:40:39 +0000] "GET /piwik/piwik.js HTTP/1.1" 301 575 "http://www.beckingham.net/" "Mozilla/5.0 AppleWebKit/537.36 (KHTML, like Gecko; Google Web Preview Analytics) Chrome/27.0.1453 Safari/537.36 (compatible; Googlebot/2.1; +http://www.google.com/bot.html)"
192.187.126.162 - - [26/Jul/2015:15:41:36 +0000] "GET / HTTP/1.1" 200 3533 "-" "Mozilla/4.0 (compatible; MSIE 6.0; Windows NT 5.1; SV1; Mozilla/4.0 (compatible; MSIE 6.0; Windows NT 5.1; SV1) )"
157.55.39.171 - - [26/Jul/2015:15:41:59 +0000] "GET /projects/vitapi.html HTTP/1.1" 200 2051 "-" "Mozilla/5.0 (compatible; bingbot/2.0; +http://www.bing.com/bingbot.htm)"
107.23.45.196 - - [26/Jul/2015:15:42:17 +0000] "GET / HTTP/1.1" 200 12681 "http://tasktools.org/" "Mozilla/5.0 (compatible; DuckDuckGo-Favicons-Bot/1.0; +http://duckduckgo.com)"
107.23.45.196 - - [26/Jul/2015:15:42:17 +0000] "GET /favicon.ico HTTP/1.1" 200 1713 "http://tasktools.org/favicon.ico" "Mozilla/5.0 (compatible; DuckDuckGo-Favicons-Bot/1.0; +http://duckduckgo.com)"
81.221.200.134 - - [26/Jul/2015:15:42:38 +0000] "GET / HTTP/1.1" 200 3533 "http://r.duckduckgo.com/l/?kh=-1&uddg=http%3A%2F%2Ftasktools.org%2F" "Mozilla/5.0 (X11; Linux x86_64; rv:37.0) Gecko/20100101 Firefox/37.0"
81.221.200.134 - - [26/Jul/2015:15:42:38 +0000] "GET /bootstrap/css/bootstrap.min.css HTTP/1.1" 200 17588 "http://tasktools.org/" "Mozilla/5.0 (X11; Linux x86_64; rv:37.0) Gecko/20100101 Firefox/37.0"
81.221.200.134 - - [26/Jul/2015:15:42:38 +0000] "GET /bootstrap/js/bootstrap.min.js HTTP/1.1" 200 8018 "http://tasktools.org/" "Mozilla/5.0 (X11; Linux x86_64; rv:37.0) Gecko/20100101 Firefox/37.0"
81.221.200.134 - - [26/Jul/2015:15:42:38 +0000] "GET /favicon.ico HTTP/1.1" 200 1714 "-" "Mozilla/5.0 (X11; Linux x86_64; rv:37.0) Gecko/20100101 Firefox/37.0"
81.221.200.134 - - [26/Jul/2015:15:42:38 +0000] "GET /tw-m.png HTTP/1.1" 200 6860 "http://tasktools.org/" "Mozilla/5.0 (X11; Linux x86_64; rv:37.0) Gecko/20100101 Firefox/37.0"
81.221.200.134 - - [26/Jul/2015:15:42:38 +0000] "GET /bootstrap/fonts/glyphicons-halflings-regular.woff HTTP/1.1" 200 23600 "http://tasktools.org/bootstrap/css/bootstrap.min.css" "Mozilla/5.0 (X11; Linux x86_64; rv:37.0) Gecko/20100101 Firefox/37.0"
157.55.39.171 - - [26/Jul/2015:15:45:36 +0000] "GET /tinderbox HTTP/1.1" 301 560 "-" "Mozilla/5.0 (compatible; bingbot/2.0; +http://www.bing.com/bingbot.htm)"
86.62.185.78 - - [26/Jul/2015:15:48:24 +0000] "GET /projects/vit.html HTTP/1.1" 200 1896 "http://taskwarrior.org/docs/tutorials/start.html" "Mozilla/5.0 (Macintosh; Intel Mac OS X 10_10_4) AppleWebKit/537.36 (KHTML, like Gecko) Chrome/44.0.2403.89 Safari/537.36"
86.62.185.78 - - [26/Jul/2015:15:48:24 +0000] "GET /bootstrap/css/bootstrap.min.css HTTP/1.1" 200 17588 "http://tasktools.org/projects/vit.html" "Mozilla/5.0 (Macintosh; Intel Mac OS X 10_10_4) AppleWebKit/537.36 (KHTML, like Gecko) Chrome/44.0.2403.89 Safari/537.36"
86.62.185.78 - - [26/Jul/2015:15:48:24 +0000] "GET /bootstrap/js/bootstrap.min.js HTTP/1.1" 200 8019 "http://tasktools.org/projects/vit.html" "Mozilla/5.0 (Macintosh; Intel Mac OS X 10_10_4) AppleWebKit/537.36 (KHTML, like Gecko) Chrome/44.0.2403.89 Safari/537.36"
86.62.185.78 - - [26/Jul/2015:15:48:24 +0000] "GET /bootstrap/fonts/glyphicons-halflings-regular.woff HTTP/1.1" 200 23600 "http://tasktools.org/bootstrap/css/bootstrap.min.css" "Mozilla/5.0 (Macintosh; Intel Mac OS X 10_10_4) AppleWebKit/537.36 (KHTML, like Gecko) Chrome/44.0.2403.89 Safari/537.36"
86.62.185.78 - - [26/Jul/2015:15:48:25 +0000] "GET /favicon.ico HTTP/1.1" 200 1713 "http://tasktools.org/projects/vit.html" "Mozilla/5.0 (Macintosh; Intel Mac OS X 10_10_4) AppleWebKit/537.36 (KHTML, like Gecko) Chrome/44.0.2403.89 Safari/537.36"
194.153.113.13 - - [26/Jul/2015:15:49:19 +0000] "GET /robots.txt HTTP/1.1" 404 471 "-" "Mozilla/5.0 (compatible; oBot/2.3.1; http://filterdb.iss.net/crawler/)"
194.153.113.13 - - [26/Jul/2015:15:49:19 +0000] "GET / HTTP/1.1" 200 12625 "-" "Mozilla/5.0 (compatible; oBot/2.3.1; http://filterdb.iss.net/crawler/)"
194.153.113.13 - - [26/Jul/2015:15:49:24 +0000] "GET / HTTP/1.1" 200 12680 "-" "Mozilla/5.0 (compatible; oBot/2.3.1; http://filterdb.iss.net/crawler/)"
207.46.13.72 - - [26/Jul/2015:15:52:58 +0000] "GET /index.html HTTP/1.1" 200 3533 "-" "Mozilla/5.0 (compatible; bingbot/2.0; +http://www.bing.com/bingbot.htm)"
157.55.39.27 - - [26/Jul/2015:15:59:18 +0000] "GET /projects/taskd.html HTTP/1.1" 200 1996 "-" "Mozilla/5.0 (compatible; bingbot/2.0; +http://www.bing.com/bingbot.htm)"
157.55.39.171 - - [26/Jul/2015:16:03:43 +0000] "GET /projects/vramsteg.html HTTP/1.1" 200 2062 "-" "Mozilla/5.0 (compatible; bingbot/2.0; +http://www.bing.com/bingbot.htm)"
157.55.39.27 - - [26/Jul/2015:16:15:21 +0000] "GET /projects/clog.html HTTP/1.1" 200 2700 "-" "Mozilla/5.0 (compatible; bingbot/2.0; +http://www.bing.com/bingbot.htm)"
66.249.75.161 - - [26/Jul/2015:16:16:11 +0000] "GET /gitweb/?p=task.git;a=log;h=b553954d378a47e6efd574f0201de0865958272a HTTP/1.1" 301 678 "-" "Mozilla/5.0 (compatible; Googlebot/2.1; +http://www.google.com/bot.html)"
100.43.125.177 - - [26/Jul/2015:16:21:36 +0000] "GET /piwik/piwik.js HTTP/1.1" 301 575 "http://holidata.net/" "Mozilla/5.0 (Windows NT 6.1; WOW64) AppleWebKit/537.36 (KHTML, like Gecko) Chrome/36.0.1985.143 Safari/537.36"
100.43.125.177 - - [26/Jul/2015:16:21:38 +0000] "GET /piwik/piwik.php?action_name=%3A%3A%20holidata.net%20%3A%3A&idsite=5&rec=1&r=605149&h=12&m=27&s=5&url=http%3A%2F%2Fholidata.net%2F&urlref=http%3A%2F%2Fbuttons-for-website.com&_id=b0366fc2d520492b&_idts=1437928026&_idvc=1&_idn=0&_refts=1437928026&_viewts=1437928026&_ref=http%3A%2F%2Fbuttons-for-website.com&send_image=0&cookie=1&res=1366x768 HTTP/1.1" 301 1080 "http://holidata.net/" "Mozilla/5.0 (Windows NT 6.1; WOW64) AppleWebKit/537.36 (KHTML, like Gecko) Chrome/36.0.1985.143 Safari/537.36"
180.76.15.136 - - [26/Jul/2015:16:24:03 +0000] "GET /projects/kronisk.html HTTP/1.1" 200 2136 "-" "Mozilla/5.0 (compatible; Baiduspider/2.0; +http://www.baidu.com/search/spider.html)"
37.115.185.109 - - [26/Jul/2015:16:24:45 +0000] "GET /projects/ HTTP/1.1" 403 474 "http://bablonow.ru/" "Mozilla/4.0 (compatible; MSIE 6.0; Windows NT 5.1; SV1; .NET CLR 1.1.4322; .NET CLR 2.0.50727)"
50.88.143.135 - - [26/Jul/2015:16:38:09 +0000] "GET / HTTP/1.1" 200 3533 "-" "Mozilla/5.0 (X11; Linux x86_64; rv:31.0) Gecko/20100101 Firefox/31.0 Iceweasel/31.7.0"
50.88.143.135 - - [26/Jul/2015:16:38:09 +0000] "GET /bootstrap/css/bootstrap.min.css HTTP/1.1" 200 17588 "http://tasktools.org/" "Mozilla/5.0 (X11; Linux x86_64; rv:31.0) Gecko/20100101 Firefox/31.0 Iceweasel/31.7.0"
50.88.143.135 - - [26/Jul/2015:16:38:09 +0000] "GET /bootstrap/js/bootstrap.min.js HTTP/1.1" 200 8018 "http://tasktools.org/" "Mozilla/5.0 (X11; Linux x86_64; rv:31.0) Gecko/20100101 Firefox/31.0 Iceweasel/31.7.0"
50.88.143.135 - - [26/Jul/2015:16:38:09 +0000] "GET /tw-m.png HTTP/1.1" 200 6861 "http://tasktools.org/" "Mozilla/5.0 (X11; Linux x86_64; rv:31.0) Gecko/20100101 Firefox/31.0 Iceweasel/31.7.0"
50.88.143.135 - - [26/Jul/2015:16:38:10 +0000] "GET /bootstrap/fonts/glyphicons-halflings-regular.woff HTTP/1.1" 200 23600 "http://tasktools.org/bootstrap/css/bootstrap.min.css" "Mozilla/5.0 (X11; Linux x86_64; rv:31.0) Gecko/20100101 Firefox/31.0 Iceweasel/31.7.0"
50.88.143.135 - - [26/Jul/2015:16:38:10 +0000] "GET /favicon.ico HTTP/1.1" 200 1713 "-" "Mozilla/5.0 (X11; Linux x86_64; rv:31.0) Gecko/20100101 Firefox/31.0 Iceweasel/31.7.0"
207.46.13.72 - - [26/Jul/2015:16:39:39 +0000] "GET /projects/anomaly.html HTTP/1.1" 200 3393 "-" "Mozilla/5.0 (compatible; bingbot/2.0; +http://www.bing.com/bingbot.htm)"
183.79.221.166 - - [26/Jul/2015:16:46:41 +0000] "GET /projects/vit.html HTTP/1.0" 200 1859 "-" "Y!J-ASR/0.1 crawler (http://www.yahoo-help.jp/app/answers/detail/p/595/a_id/42716/)"
173.252.112.117 - - [26/Jul/2015:16:53:03 +0000] "GET /projects/vramsteg.png HTTP/1.1" 200 69769 "-" "facebookexternalhit/1.1 (+http://www.facebook.com/externalhit_uatext.php)"
62.210.251.69 - - [26/Jul/2015:16:53:20 +0000] "POST /wp-content/plugins/inboundio-marketing/admin/partials/csv_uploader.php HTTP/1.1" 404 543 "-" "Mozilla/5.0 (Windows NT 6.1; rv:34.0) Gecko/20100101 Firefox/34.0"
180.76.15.150 - - [26/Jul/2015:16:54:04 +0000] "GET /projects/performance.html HTTP/1.1" 200 3767 "-" "Mozilla/5.0 (compatible; Baiduspider/2.0; +http://www.baidu.com/search/spider.html)"
66.249.75.152 - - [26/Jul/2015:16:54:50 +0000] "GET /projects/clog/clog-rule123.png HTTP/1.1" 304 189 "-" "Googlebot-Image/1.0"
62.210.251.69 - - [26/Jul/2015:17:01:06 +0000] "POST /wp-content/plugins/dzs-zoomsounds/admin/upload.php HTTP/1.1" 404 529 "-" "Mozilla/5.0 (Windows NT 6.1; rv:34.0) Gecko/20100101 Firefox/34.0"
188.77.81.128 - - [26/Jul/2015:17:01:35 +0000] "GET / HTTP/1.1" 200 3533 "https://www.google.es/" "Mozilla/5.0 (X11; Linux x86_64) AppleWebKit/537.36 (KHTML, like Gecko) Chrome/44.0.2403.107 Safari/537.36"
188.77.81.128 - - [26/Jul/2015:17:01:36 +0000] "GET /bootstrap/css/bootstrap.min.css HTTP/1.1" 200 17588 "http://tasktools.org/" "Mozilla/5.0 (X11; Linux x86_64) AppleWebKit/537.36 (KHTML, like Gecko) Chrome/44.0.2403.107 Safari/537.36"
188.77.81.128 - - [26/Jul/2015:17:01:36 +0000] "GET /tw-m.png HTTP/1.1" 200 6861 "http://tasktools.org/" "Mozilla/5.0 (X11; Linux x86_64) AppleWebKit/537.36 (KHTML, like Gecko) Chrome/44.0.2403.107 Safari/537.36"
188.77.81.128 - - [26/Jul/2015:17:01:36 +0000] "GET /bootstrap/js/bootstrap.min.js HTTP/1.1" 200 8019 "http://tasktools.org/" "Mozilla/5.0 (X11; Linux x86_64) AppleWebKit/537.36 (KHTML, like Gecko) Chrome/44.0.2403.107 Safari/537.36"
188.77.81.128 - - [26/Jul/2015:17:01:36 +0000] "GET /bootstrap/fonts/glyphicons-halflings-regular.woff HTTP/1.1" 200 23600 "http://tasktools.org/bootstrap/css/bootstrap.min.css" "Mozilla/5.0 (X11; Linux x86_64) AppleWebKit/537.36 (KHTML, like Gecko) Chrome/44.0.2403.107 Safari/537.36"
188.77.81.128 - - [26/Jul/2015:17:01:37 +0000] "GET /favicon.ico HTTP/1.1" 200 1713 "http://tasktools.org/" "Mozilla/5.0 (X11; Linux x86_64) AppleWebKit/537.36 (KHTML, like Gecko) Chrome/44.0.2403.107 Safari/537.36"
98.217.152.192 - - [26/Jul/2015:17:01:48 +0000] "GET /tw-m.png HTTP/1.1" 304 189 "http://central.tasktools.org/task-2.4.5.html" "Mozilla/5.0 (Macintosh; Intel Mac OS X 10_11_0) AppleWebKit/537.36 (KHTML, like Gecko) Chrome/44.0.2403.89 Safari/537.36"
193.201.224.8 - - [26/Jul/2015:17:03:22 +0000] "GET /wp-login.php HTTP/1.1" 404 504 "-" "Mozilla/5.0 (Windows NT 6.0; WOW64) AppleWebKit/537.1 (KHTML, like Gecko) Chrome/24.0.1290.1 Safari/537.13"
193.201.224.8 - - [26/Jul/2015:17:03:23 +0000] "GET /administrator/ HTTP/1.1" 404 502 "-" "Mozilla/5.0 (Windows NT 6.0; WOW64) AppleWebKit/537.1 (KHTML, like Gecko) Chrome/24.0.1290.1 Safari/537.13"
193.201.224.8 - - [26/Jul/2015:17:03:23 +0000] "GET /admin.php HTTP/1.1" 404 500 "-" "Mozilla/5.0 (Windows NT 6.0; WOW64) AppleWebKit/537.1 (KHTML, like Gecko) Chrome/24.0.1290.1 Safari/537.13"
188.143.232.24 - - [26/Jul/2015:17:03:58 +0000] "GET /gitweb/gitweb.cgi?p=rfc.git;a=blob_plain;f=rfc32-recurrences.txt;hb=HEAD HTTP/1.1" 301 710 "-" "Mozilla/4.0 (compatible; MSIE 6.0; Windows NT 5.1; SV1)"
62.210.251.69 - - [26/Jul/2015:17:04:15 +0000] "POST /wp-content/plugins/dzs-zoomsounds/admin/upload.php HTTP/1.1" 404 529 "-" "Mozilla/5.0 (Windows NT 6.1; rv:34.0) Gecko/20100101 Firefox/34.0"
66.249.83.155 - - [26/Jul/2015:17:07:04 +0000] "GET / HTTP/1.1" 200 3533 "-" "Google favicon"
66.249.83.155 - - [26/Jul/2015:17:07:04 +0000] "GET /favicon.ico HTTP/1.1" 200 1713 "-" "Google favicon"
62.210.251.69 - - [26/Jul/2015:17:15:20 +0000] "POST /wp-content/plugins/reflex-gallery/admin/scripts/FileUploader/php.php?Year=2015&Month=07 HTTP/1.1" 404 540 "-" "Mozilla/5.0 (Windows NT 6.1; rv:34.0) Gecko/20100101 Firefox/34.0"
176.184.8.118 - - [26/Jul/2015:17:21:37 +0000] "GET / HTTP/1.1" 200 3533 "https://www.google.fr" "Mozilla/5.0 (X11; Linux x86_64; rv:39.0) Gecko/20100101 Firefox/39.0"
176.184.8.118 - - [26/Jul/2015:17:21:37 +0000] "GET /bootstrap/css/bootstrap.min.css HTTP/1.1" 200 17588 "http://tasktools.org/" "Mozilla/5.0 (X11; Linux x86_64; rv:39.0) Gecko/20100101 Firefox/39.0"
176.184.8.118 - - [26/Jul/2015:17:21:37 +0000] "GET /bootstrap/js/bootstrap.min.js HTTP/1.1" 200 8019 "http://tasktools.org/" "Mozilla/5.0 (X11; Linux x86_64; rv:39.0) Gecko/20100101 Firefox/39.0"
176.184.8.118 - - [26/Jul/2015:17:21:37 +0000] "GET /favicon.ico HTTP/1.1" 200 1713 "-" "Mozilla/5.0 (X11; Linux x86_64; rv:39.0) Gecko/20100101 Firefox/39.0"
176.184.8.118 - - [26/Jul/2015:17:21:37 +0000] "GET /tw-m.png HTTP/1.1" 200 6861 "http://tasktools.org/" "Mozilla/5.0 (X11; Linux x86_64; rv:39.0) Gecko/20100101 Firefox/39.0"
176.184.8.118 - - [26/Jul/2015:17:21:37 +0000] "GET /bootstrap/fonts/glyphicons-halflings-regular.woff HTTP/1.1" 200 23600 "http://tasktools.org/bootstrap/css/bootstrap.min.css" "Mozilla/5.0 (X11; Linux x86_64; rv:39.0) Gecko/20100101 Firefox/39.0"
86.139.241.85 - - [26/Jul/2015:17:23:14 +0000] "GET / HTTP/1.1" 200 3533 "http://taskwarrior.org/" "Mozilla/5.0 (Windows NT 6.1; WOW64) AppleWebKit/537.36 (KHTML, like Gecko) Chrome/44.0.2403.89 Safari/537.36"
86.139.241.85 - - [26/Jul/2015:17:23:15 +0000] "GET /bootstrap/css/bootstrap.min.css HTTP/1.1" 200 17588 "http://tasktools.org/" "Mozilla/5.0 (Windows NT 6.1; WOW64) AppleWebKit/537.36 (KHTML, like Gecko) Chrome/44.0.2403.89 Safari/537.36"
86.139.241.85 - - [26/Jul/2015:17:23:15 +0000] "GET /bootstrap/js/bootstrap.min.js HTTP/1.1" 200 8019 "http://tasktools.org/" "Mozilla/5.0 (Windows NT 6.1; WOW64) AppleWebKit/537.36 (KHTML, like Gecko) Chrome/44.0.2403.89 Safari/537.36"
86.139.241.85 - - [26/Jul/2015:17:23:15 +0000] "GET /tw-m.png HTTP/1.1" 200 6861 "http://tasktools.org/" "Mozilla/5.0 (Windows NT 6.1; WOW64) AppleWebKit/537.36 (KHTML, like Gecko) Chrome/44.0.2403.89 Safari/537.36"
86.139.241.85 - - [26/Jul/2015:17:23:15 +0000] "GET /bootstrap/fonts/glyphicons-halflings-regular.woff HTTP/1.1" 200 23600 "http://tasktools.org/bootstrap/css/bootstrap.min.css" "Mozilla/5.0 (Windows NT 6.1; WOW64) AppleWebKit/537.36 (KHTML, like Gecko) Chrome/44.0.2403.89 Safari/537.36"
86.139.241.85 - - [26/Jul/2015:17:23:15 +0000] "GET /favicon.ico HTTP/1.1" 200 1713 "http://tasktools.org/" "Mozilla/5.0 (Windows NT 6.1; WOW64) AppleWebKit/537.36 (KHTML, like Gecko) Chrome/44.0.2403.89 Safari/537.36"
86.139.241.85 - - [26/Jul/2015:17:23:26 +0000] "GET /projects/vit.html HTTP/1.1" 200 1896 "http://tasktools.org/" "Mozilla/5.0 (Windows NT 6.1; WOW64) AppleWebKit/537.36 (KHTML, like Gecko) Chrome/44.0.2403.89 Safari/537.36"
101.226.168.200 - - [26/Jul/2015:17:24:46 +0000] "GET / HTTP/1.1" 200 3533 "http://www.tasktools.org/" "Mozilla/5.0 (Windows NT 6.1) AppleWebKit/537.1 (KHTML, like Gecko) Chrome/21.0.1180.89 Safari/537.1; 360Spider(compatible; HaosouSpider; http://www.haosou.com/help/help_3_2.html)"
98.217.152.192 - - [26/Jul/2015:17:25:40 +0000] "GET /tw-m.png HTTP/1.1" 304 189 "http://central.tasktools.org/task-2.4.5.html" "Mozilla/5.0 (Macintosh; Intel Mac OS X 10_11_0) AppleWebKit/537.36 (KHTML, like Gecko) Chrome/44.0.2403.89 Safari/537.36"
98.217.152.192 - - [26/Jul/2015:17:25:45 +0000] "GET /tw-m.png HTTP/1.1" 304 188 "http://central.tasktools.org/task-2.4.5.html" "Mozilla/5.0 (Macintosh; Intel Mac OS X 10_11_0) AppleWebKit/537.36 (KHTML, like Gecko) Chrome/44.0.2403.89 Safari/537.36"
98.217.152.192 - - [26/Jul/2015:17:25:50 +0000] "GET /tw-m.png HTTP/1.1" 304 189 "http://central.tasktools.org/task-2.4.5.html" "Mozilla/5.0 (Macintosh; Intel Mac OS X 10_11_0) AppleWebKit/537.36 (KHTML, like Gecko) Chrome/44.0.2403.89 Safari/537.36"
98.217.152.192 - - [26/Jul/2015:17:25:56 +0000] "GET /tw-m.png HTTP/1.1" 304 189 "http://central.tasktools.org/task-2.4.5.html" "Mozilla/5.0 (Macintosh; Intel Mac OS X 10_11_0) AppleWebKit/537.36 (KHTML, like Gecko) Chrome/44.0.2403.89 Safari/537.36"
98.217.152.192 - - [26/Jul/2015:17:26:03 +0000] "GET /tw-m.png HTTP/1.1" 304 189 "http://central.tasktools.org/task-2.4.5.html" "Mozilla/5.0 (Macintosh; Intel Mac OS X 10_11_0) AppleWebKit/537.36 (KHTML, like Gecko) Chrome/44.0.2403.89 Safari/537.36"
98.217.152.192 - - [26/Jul/2015:17:26:11 +0000] "GET /tw-m.png HTTP/1.1" 304 189 "http://central.tasktools.org/task-2.4.5.html" "Mozilla/5.0 (Macintosh; Intel Mac OS X 10_11_0) AppleWebKit/537.36 (KHTML, like Gecko) Chrome/44.0.2403.89 Safari/537.36"
101.226.167.232 - - [26/Jul/2015:17:26:28 +0000] "GET / HTTP/1.1" 200 3533 "http://tasktools.org/" "Mozilla/5.0 (Windows NT 6.1) AppleWebKit/537.1 (KHTML, like Gecko) Chrome/21.0.1180.89 Safari/537.1; 360Spider(compatible; HaosouSpider; http://www.haosou.com/help/help_3_2.html)"
98.217.152.192 - - [26/Jul/2015:17:27:04 +0000] "GET /tw-m.png HTTP/1.1" 304 189 "http://central.tasktools.org/task-2.4.5.html" "Mozilla/5.0 (Macintosh; Intel Mac OS X 10_11_0) AppleWebKit/537.36 (KHTML, like Gecko) Chrome/44.0.2403.89 Safari/537.36"
98.217.152.192 - - [26/Jul/2015:17:27:20 +0000] "GET /tw-m.png HTTP/1.1" 304 189 "http://central.tasktools.org/task-2.4.5.html" "Mozilla/5.0 (Macintosh; Intel Mac OS X 10_11_0) AppleWebKit/537.36 (KHTML, like Gecko) Chrome/44.0.2403.89 Safari/537.36"
98.217.152.192 - - [26/Jul/2015:17:27:56 +0000] "GET /tw-m.png HTTP/1.1" 304 189 "http://central.tasktools.org/task-2.4.5.html" "Mozilla/5.0 (Macintosh; Intel Mac OS X 10_11_0) AppleWebKit/537.36 (KHTML, like Gecko) Chrome/44.0.2403.89 Safari/537.36"
98.217.152.192 - - [26/Jul/2015:17:28:30 +0000] "GET /tw-m.png HTTP/1.1" 304 189 "http://central.tasktools.org/task-2.4.5.html" "Mozilla/5.0 (Macintosh; Intel Mac OS X 10_11_0) AppleWebKit/537.36 (KHTML, like Gecko) Chrome/44.0.2403.89 Safari/537.36"
62.210.251.69 - - [26/Jul/2015:17:28:50 +0000] "POST /wp-admin/admin-ajax.php HTTP/1.1" 404 510 "-" "Mozilla/5.0 (Windows NT 6.1; rv:34.0) Gecko/20100101 Firefox/34.0"
98.217.152.192 - - [26/Jul/2015:17:29:22 +0000] "GET /tw-m.png HTTP/1.1" 304 189 "http://central.tasktools.org/task-2.4.5.html" "Mozilla/5.0 (Macintosh; Intel Mac OS X 10_11_0) AppleWebKit/537.36 (KHTML, like Gecko) Chrome/44.0.2403.89 Safari/537.36"
98.217.152.192 - - [26/Jul/2015:17:29:43 +0000] "GET /tw-m.png HTTP/1.1" 304 189 "http://central.tasktools.org/task-2.4.5.html" "Mozilla/5.0 (Macintosh; Intel Mac OS X 10_11_0) AppleWebKit/537.36 (KHTML, like Gecko) Chrome/44.0.2403.89 Safari/537.36"
98.217.152.192 - - [26/Jul/2015:17:30:11 +0000] "GET /tw-m.png HTTP/1.1" 304 189 "http://central.tasktools.org/task-2.4.5.html" "Mozilla/5.0 (Macintosh; Intel Mac OS X 10_11_0) AppleWebKit/537.36 (KHTML, like Gecko) Chrome/44.0.2403.89 Safari/537.36"
98.217.152.192 - - [26/Jul/2015:17:30:23 +0000] "GET /tw-m.png HTTP/1.1" 304 189 "http://central.tasktools.org/task-2.4.5.html" "Mozilla/5.0 (Macintosh; Intel Mac OS X 10_11_0) AppleWebKit/537.36 (KHTML, like Gecko) Chrome/44.0.2403.89 Safari/537.36"
98.217.152.192 - - [26/Jul/2015:17:30:33 +0000] "GET /tw-m.png HTTP/1.1" 304 189 "http://central.tasktools.org/task-2.4.5.html" "Mozilla/5.0 (Macintosh; Intel Mac OS X 10_11_0) AppleWebKit/537.36 (KHTML, like Gecko) Chrome/44.0.2403.89 Safari/537.36"
98.217.152.192 - - [26/Jul/2015:17:30:47 +0000] "GET /tw-m.png HTTP/1.1" 304 189 "http://central.tasktools.org/task-2.4.5.html" "Mozilla/5.0 (Macintosh; Intel Mac OS X 10_11_0) AppleWebKit/537.36 (KHTML, like Gecko) Chrome/44.0.2403.89 Safari/537.36"
98.217.152.192 - - [26/Jul/2015:17:31:01 +0000] "GET /tw-m.png HTTP/1.1" 304 189 "http://central.tasktools.org/task-2.4.5.html" "Mozilla/5.0 (Macintosh; Intel Mac OS X 10_11_0) AppleWebKit/537.36 (KHTML, like Gecko) Chrome/44.0.2403.89 Safari/537.36"
207.253.160.129 - - [26/Jul/2015:17:31:11 +0000] "GET /projects/taskd.html HTTP/1.1" 200 1996 "https://www.google.ca" "Mozilla/5.0 (X11; Linux x86_64; rv:40.0) Gecko/20100101 Firefox/40.0"
207.253.160.129 - - [26/Jul/2015:17:31:11 +0000] "GET /bootstrap/css/bootstrap.min.css HTTP/1.1" 200 17588 "http://tasktools.org/projects/taskd.html" "Mozilla/5.0 (X11; Linux x86_64; rv:40.0) Gecko/20100101 Firefox/40.0"
207.253.160.129 - - [26/Jul/2015:17:31:11 +0000] "GET /bootstrap/js/bootstrap.min.js HTTP/1.1" 200 8019 "http://tasktools.org/projects/taskd.html" "Mozilla/5.0 (X11; Linux x86_64; rv:40.0) Gecko/20100101 Firefox/40.0"
207.253.160.129 - - [26/Jul/2015:17:31:11 +0000] "GET /favicon.ico HTTP/1.1" 200 1714 "-" "Mozilla/5.0 (X11; Linux x86_64; rv:40.0) Gecko/20100101 Firefox/40.0"
207.253.160.129 - - [26/Jul/2015:17:31:11 +0000] "GET /bootstrap/fonts/glyphicons-halflings-regular.woff HTTP/1.1" 200 23600 "http://tasktools.org/bootstrap/css/bootstrap.min.css" "Mozilla/5.0 (X11; Linux x86_64; rv:40.0) Gecko/20100101 Firefox/40.0"
207.253.160.129 - - [26/Jul/2015:17:31:25 +0000] "GET /tw-m.png HTTP/1.1" 200 6861 "http://central.tasktools.org/taskd-1.2.0.html" "Mozilla/5.0 (X11; Linux x86_64; rv:40.0) Gecko/20100101 Firefox/40.0"
98.217.152.192 - - [26/Jul/2015:17:31:52 +0000] "GET /tw-m.png HTTP/1.1" 304 189 "http://central.tasktools.org/task-2.4.5.html" "Mozilla/5.0 (Macintosh; Intel Mac OS X 10_11_0) AppleWebKit/537.36 (KHTML, like Gecko) Chrome/44.0.2403.89 Safari/537.36"
98.217.152.192 - - [26/Jul/2015:17:32:06 +0000] "GET /tw-m.png HTTP/1.1" 304 189 "http://central.tasktools.org/task-2.4.5.html" "Mozilla/5.0 (Macintosh; Intel Mac OS X 10_11_0) AppleWebKit/537.36 (KHTML, like Gecko) Chrome/44.0.2403.89 Safari/537.36"
98.217.152.192 - - [26/Jul/2015:17:32:24 +0000] "GET /tw-m.png HTTP/1.1" 304 189 "http://central.tasktools.org/task-2.4.5.html" "Mozilla/5.0 (Macintosh; Intel Mac OS X 10_11_0) AppleWebKit/537.36 (KHTML, like Gecko) Chrome/44.0.2403.89 Safari/537.36"
98.217.152.192 - - [26/Jul/2015:17:33:32 +0000] "GET /tw-m.png HTTP/1.1" 304 189 "http://central.tasktools.org/task-2.4.5.html" "Mozilla/5.0 (Macintosh; Intel Mac OS X 10_11_0) AppleWebKit/537.36 (KHTML, like Gecko) Chrome/44.0.2403.89 Safari/537.36"
98.217.152.192 - - [26/Jul/2015:17:33:51 +0000] "GET /tw-m.png HTTP/1.1" 304 189 "http://central.tasktools.org/task-2.4.5.html" "Mozilla/5.0 (Macintosh; Intel Mac OS X 10_11_0) AppleWebKit/537.36 (KHTML, like Gecko) Chrome/44.0.2403.89 Safari/537.36"
98.217.152.192 - - [26/Jul/2015:17:34:04 +0000] "GET /tw-m.png HTTP/1.1" 304 189 "http://central.tasktools.org/task-2.4.5.html" "Mozilla/5.0 (Macintosh; Intel Mac OS X 10_11_0) AppleWebKit/537.36 (KHTML, like Gecko) Chrome/44.0.2403.89 Safari/537.36"
98.217.152.192 - - [26/Jul/2015:17:34:52 +0000] "GET /tw-m.png HTTP/1.1" 304 189 "http://central.tasktools.org/task-2.4.5.html" "Mozilla/5.0 (Macintosh; Intel Mac OS X 10_11_0) AppleWebKit/537.36 (KHTML, like Gecko) Chrome/44.0.2403.89 Safari/537.36"
98.217.152.192 - - [26/Jul/2015:17:35:09 +0000] "GET /tw-m.png HTTP/1.1" 304 189 "http://central.tasktools.org/task-2.4.5.html" "Mozilla/5.0 (Macintosh; Intel Mac OS X 10_11_0) AppleWebKit/537.36 (KHTML, like Gecko) Chrome/44.0.2403.89 Safari/537.36"
98.217.152.192 - - [26/Jul/2015:17:35:29 +0000] "GET /tw-m.png HTTP/1.1" 304 189 "http://central.tasktools.org/task-2.4.5.html" "Mozilla/5.0 (Macintosh; Intel Mac OS X 10_11_0) AppleWebKit/537.36 (KHTML, like Gecko) Chrome/44.0.2403.89 Safari/537.36"
98.217.152.192 - - [26/Jul/2015:17:35:45 +0000] "GET /tw-m.png HTTP/1.1" 304 189 "http://central.tasktools.org/task-2.4.5.html" "Mozilla/5.0 (Macintosh; Intel Mac OS X 10_11_0) AppleWebKit/537.36 (KHTML, like Gecko) Chrome/44.0.2403.89 Safari/537.36"
98.217.152.192 - - [26/Jul/2015:17:35:56 +0000] "GET /tw-m.png HTTP/1.1" 304 189 "http://central.tasktools.org/task-2.4.5.html" "Mozilla/5.0 (Macintosh; Intel Mac OS X 10_11_0) AppleWebKit/537.36 (KHTML, like Gecko) Chrome/44.0.2403.89 Safari/537.36"
98.217.152.192 - - [26/Jul/2015:17:36:29 +0000] "GET /tw-m.png HTTP/1.1" 304 189 "http://central.tasktools.org/task-2.4.5.html" "Mozilla/5.0 (Macintosh; Intel Mac OS X 10_11_0) AppleWebKit/537.36 (KHTML, like Gecko) Chrome/44.0.2403.89 Safari/537.36"
98.217.152.192 - - [26/Jul/2015:17:36:42 +0000] "GET /tw-m.png HTTP/1.1" 304 189 "http://central.tasktools.org/task-2.4.5.html" "Mozilla/5.0 (Macintosh; Intel Mac OS X 10_11_0) AppleWebKit/537.36 (KHTML, like Gecko) Chrome/44.0.2403.89 Safari/537.36"
98.217.152.192 - - [26/Jul/2015:17:36:54 +0000] "GET /tw-m.png HTTP/1.1" 304 189 "http://central.tasktools.org/task-2.4.5.html" "Mozilla/5.0 (Macintosh; Intel Mac OS X 10_11_0) AppleWebKit/537.36 (KHTML, like Gecko) Chrome/44.0.2403.89 Safari/537.36"
98.217.152.192 - - [26/Jul/2015:17:38:23 +0000] "GET /tw-m.png HTTP/1.1" 304 189 "http://central.tasktools.org/task-2.4.5.html" "Mozilla/5.0 (Macintosh; Intel Mac OS X 10_11_0) AppleWebKit/537.36 (KHTML, like Gecko) Chrome/44.0.2403.89 Safari/537.36"
98.217.152.192 - - [26/Jul/2015:17:38:41 +0000] "GET /tw-m.png HTTP/1.1" 304 189 "http://central.tasktools.org/task-2.4.5.html" "Mozilla/5.0 (Macintosh; Intel Mac OS X 10_11_0) AppleWebKit/537.36 (KHTML, like Gecko) Chrome/44.0.2403.89 Safari/537.36"
