54.151.42.39 - - [27/Sep/2015:15:44:00 +0000] "HEAD /download/vramsteg-1.1.0.tar.gz HTTP/1.1" 200 304 "-" "Google-HTTP-Java-Client/1.17.0-rc (gzip)"
54.151.42.39 - - [27/Sep/2015:15:44:00 +0000] "HEAD /download/vramsteg-1.1.0.tar.gz HTTP/1.1" 200 304 "-" "Google-HTTP-Java-Client/1.17.0-rc (gzip)"
17.142.151.220 - - [27/Sep/2015:15:44:01 +0000] "GET /download/vramsteg-1.1.0.tar.gz HTTP/1.1" 200 12839 "-" "Mozilla/5.0 (Macintosh; Intel Mac OS X 10_10_1) AppleWebKit/600.2.5 (KHTML, like Gecko) Version/8.0.2 Safari/600.2.5 (Applebot/0.1; +http://www.apple.com/go/applebot)"
173.192.79.101 - - [27/Sep/2015:15:44:01 +0000] "GET /download/vramsteg-1.1.0.tar.gz HTTP/1.1" 200 12783 "-" "ShowyouBot (http://showyou.com/crawler)"
54.165.46.39 - - [27/Sep/2015:15:44:02 +0000] "GET /download/vramsteg-1.1.0.tar.gz HTTP/1.1" 200 12802 "-" "Mozilla/5.0 (Windows NT 6.2; WOW64) AppleWebKit/537.31 (KHTML, like Gecko) Chrome/26.0.1410.64 Safari/537.31"
54.198.122.232 - - [27/Sep/2015:15:44:03 +0000] "GET /download/vramsteg-1.1.0.tar.gz HTTP/1.1" 200 12802 "-" "Mozilla/5.0 (Macintosh; Intel Mac OS X 10_6_6) AppleWebKit/534.24 (KHTML, like Gecko) (Contact: backend@getprismatic.com)"
23.96.208.137 - - [27/Sep/2015:15:44:14 +0000] "GET /download/vramsteg-1.1.0.tar.gz HTTP/1.1" 200 12839 "-" "Mozilla/5.0 (compatible; MSIE 10.0; Windows NT 6.1; Trident/6.0)"
199.59.148.211 - - [27/Sep/2015:15:44:18 +0000] "GET /robots.txt HTTP/1.1" 404 445 "-" "Twitterbot/1.0"
199.59.148.211 - - [27/Sep/2015:15:44:18 +0000] "GET /download/vramsteg-1.1.0.tar.gz HTTP/1.1" 200 12783 "-" "Twitterbot/1.0"
176.9.151.196 - - [27/Sep/2015:15:44:24 +0000] "HEAD /download/vramsteg-1.1.0.tar.gz HTTP/1.1" 200 304 "-" "Mozilla/5.0 (compatible; uMBot-LN/1.0; mailto: crawling@ubermetrics-technologies.com)"
104.239.143.149 - - [27/Sep/2015:15:44:38 +0000] "HEAD /download/vramsteg-1.1.0.tar.gz HTTP/1.1" 200 248 "-" "Jakarta Commons-HttpClient/3.0.1"
199.16.156.124 - - [27/Sep/2015:15:44:42 +0000] "GET /robots.txt HTTP/1.1" 404 445 "-" "Twitterbot/1.0"
199.16.156.124 - - [27/Sep/2015:15:44:42 +0000] "GET /download/vramsteg-1.1.0.tar.gz HTTP/1.1" 200 12783 "-" "Twitterbot/1.0"
199.59.148.210 - - [27/Sep/2015:15:45:00 +0000] "GET /robots.txt HTTP/1.1" 404 445 "-" "Twitterbot/1.0"
199.59.148.210 - - [27/Sep/2015:15:45:00 +0000] "GET /download/vramsteg-1.1.0.tar.gz HTTP/1.1" 200 12783 "-" "Twitterbot/1.0"
199.16.156.125 - - [27/Sep/2015:15:46:01 +0000] "GET /download/clog-1.2.0.tar.gz HTTP/1.1" 200 21950 "-" "Twitterbot/1.0"
17.142.151.220 - - [27/Sep/2015:15:46:01 +0000] "GET /download/clog-1.2.0.tar.gz HTTP/1.1" 200 22006 "-" "Mozilla/5.0 (Macintosh; Intel Mac OS X 10_10_1) AppleWebKit/600.2.5 (KHTML, like Gecko) Version/8.0.2 Safari/600.2.5 (Applebot/0.1; +http://www.apple.com/go/applebot)"
74.112.131.244 - - [27/Sep/2015:15:46:02 +0000] "GET /download/clog-1.2.0.tar.gz HTTP/1.1" 200 22006 "-" "Mozilla/5.0 ()"
173.192.79.101 - - [27/Sep/2015:15:46:02 +0000] "GET /download/clog-1.2.0.tar.gz HTTP/1.1" 200 21720 "-" "ShowyouBot (http://showyou.com/crawler)"
184.173.106.130 - - [27/Sep/2015:15:46:02 +0000] "GET /download/clog-1.2.0.tar.gz HTTP/1.1" 200 21720 "-" "ShowyouBot (http://showyou.com/crawler)"
50.18.94.121 - - [27/Sep/2015:15:46:03 +0000] "HEAD /download/clog-1.2.0.tar.gz HTTP/1.1" 200 304 "-" "Google-HTTP-Java-Client/1.17.0-rc (gzip)"
50.18.94.121 - - [27/Sep/2015:15:46:03 +0000] "HEAD /download/clog-1.2.0.tar.gz HTTP/1.1" 200 304 "-" "Google-HTTP-Java-Client/1.17.0-rc (gzip)"
54.246.154.8 - - [27/Sep/2015:15:46:04 +0000] "HEAD /download/clog-1.2.0.tar.gz HTTP/1.1" 200 248 "-" "Mozilla/5.0 (Macintosh; Intel Mac OS X 10_8_2) AppleWebKit/537.13 (KHTML, like Gecko) Chrome/30.0.1599.66 Safari/537.13 Luminator-ur/2.0"
54.198.122.232 - - [27/Sep/2015:15:46:11 +0000] "GET /download/clog-1.2.0.tar.gz HTTP/1.1" 200 21969 "-" "Mozilla/5.0 (Macintosh; Intel Mac OS X 10_6_6) AppleWebKit/534.24 (KHTML, like Gecko) (Contact: backend@getprismatic.com)"
199.16.156.126 - - [27/Sep/2015:15:46:20 +0000] "GET /robots.txt HTTP/1.1" 404 445 "-" "Twitterbot/1.0"
23.96.208.137 - - [27/Sep/2015:15:46:20 +0000] "GET /download/clog-1.2.0.tar.gz HTTP/1.1" 200 22006 "-" "Mozilla/5.0 (compatible; MSIE 10.0; Windows NT 6.1; Trident/6.0)"
199.16.156.126 - - [27/Sep/2015:15:46:20 +0000] "GET /download/vramsteg-1.1.0.tar.gz HTTP/1.1" 200 12783 "-" "Twitterbot/1.0"
199.59.148.209 - - [27/Sep/2015:15:46:27 +0000] "GET /robots.txt HTTP/1.1" 404 445 "-" "Twitterbot/1.0"
199.59.148.210 - - [27/Sep/2015:15:46:27 +0000] "GET /robots.txt HTTP/1.1" 404 445 "-" "Twitterbot/1.0"
199.59.148.209 - - [27/Sep/2015:15:46:27 +0000] "GET /download/vramsteg-1.1.0.tar.gz HTTP/1.1" 200 12783 "-" "Twitterbot/1.0"
199.59.148.210 - - [27/Sep/2015:15:46:27 +0000] "GET /download/clog-1.2.0.tar.gz HTTP/1.1" 200 21950 "-" "Twitterbot/1.0"
104.239.143.146 - - [27/Sep/2015:15:46:32 +0000] "HEAD /download/clog-1.2.0.tar.gz HTTP/1.1" 200 248 "-" "Jakarta Commons-HttpClient/3.0.1"
199.16.156.124 - - [27/Sep/2015:15:46:44 +0000] "GET /robots.txt HTTP/1.1" 404 445 "-" "Twitterbot/1.0"
199.16.156.124 - - [27/Sep/2015:15:46:44 +0000] "GET /download/clog-1.2.0.tar.gz HTTP/1.1" 200 21950 "-" "Twitterbot/1.0"
199.16.156.125 - - [27/Sep/2015:15:46:58 +0000] "GET /robots.txt HTTP/1.1" 404 445 "-" "Twitterbot/1.0"
199.16.156.125 - - [27/Sep/2015:15:46:58 +0000] "GET /download/vramsteg-1.1.0.tar.gz HTTP/1.1" 200 12783 "-" "Twitterbot/1.0"
199.59.148.209 - - [27/Sep/2015:15:47:00 +0000] "GET /robots.txt HTTP/1.1" 404 445 "-" "Twitterbot/1.0"
199.59.148.209 - - [27/Sep/2015:15:47:00 +0000] "GET /download/clog-1.2.0.tar.gz HTTP/1.1" 200 21950 "-" "Twitterbot/1.0"
199.16.156.125 - - [27/Sep/2015:15:47:26 +0000] "GET /robots.txt HTTP/1.1" 404 445 "-" "Twitterbot/1.0"
199.16.156.125 - - [27/Sep/2015:15:47:26 +0000] "GET /download/clog-1.2.0.tar.gz HTTP/1.1" 200 21950 "-" "Twitterbot/1.0"
199.59.148.210 - - [27/Sep/2015:15:47:35 +0000] "GET /download/clog-1.2.0.tar.gz HTTP/1.1" 200 21950 "-" "Twitterbot/1.0"
199.16.156.126 - - [27/Sep/2015:15:48:00 +0000] "GET /robots.txt HTTP/1.1" 404 445 "-" "Twitterbot/1.0"
199.16.156.126 - - [27/Sep/2015:15:48:00 +0000] "GET /download/clog-1.2.0.tar.gz HTTP/1.1" 200 21950 "-" "Twitterbot/1.0"
199.16.156.125 - - [27/Sep/2015:15:48:33 +0000] "GET /robots.txt HTTP/1.1" 404 445 "-" "Twitterbot/1.0"
199.16.156.125 - - [27/Sep/2015:15:48:33 +0000] "GET /robots.txt HTTP/1.1" 404 445 "-" "Twitterbot/1.0"
199.16.156.125 - - [27/Sep/2015:15:48:33 +0000] "GET /download/vramsteg-1.1.0.tar.gz HTTP/1.1" 200 12783 "-" "Twitterbot/1.0"
199.16.156.125 - - [27/Sep/2015:15:48:33 +0000] "GET /download/clog-1.2.0.tar.gz HTTP/1.1" 200 21950 "-" "Twitterbot/1.0"
199.59.148.210 - - [27/Sep/2015:15:48:41 +0000] "GET /robots.txt HTTP/1.1" 404 445 "-" "Twitterbot/1.0"
199.59.148.210 - - [27/Sep/2015:15:48:41 +0000] "GET /download/clog-1.2.0.tar.gz HTTP/1.1" 200 21950 "-" "Twitterbot/1.0"
199.16.156.126 - - [27/Sep/2015:15:49:45 +0000] "GET /robots.txt HTTP/1.1" 404 445 "-" "Twitterbot/1.0"
199.16.156.126 - - [27/Sep/2015:15:49:45 +0000] "GET /download/clog-1.2.0.tar.gz HTTP/1.1" 200 21950 "-" "Twitterbot/1.0"
37.59.18.190 - - [27/Sep/2015:15:52:24 +0000] "GET /download/vramsteg-1.1.0.tar.gz HTTP/1.1" 200 12839 "-" "Mozilla/5.0 (compatible; PaperLiBot/2.1; http://support.paper.li/entries/20023257-what-is-paper-li)"
37.59.19.42 - - [27/Sep/2015:15:52:26 +0000] "GET /download/clog-1.2.0.tar.gz HTTP/1.1" 200 22006 "-" "Mozilla/5.0 (compatible; PaperLiBot/2.1; http://support.paper.li/entries/20023257-what-is-paper-li)"
199.16.156.124 - - [27/Sep/2015:15:52:41 +0000] "GET /download/vramsteg-1.1.0.tar.gz HTTP/1.1" 200 12783 "-" "Twitterbot/1.0"
199.16.156.125 - - [27/Sep/2015:15:52:41 +0000] "GET /download/clog-1.2.0.tar.gz HTTP/1.1" 200 21950 "-" "Twitterbot/1.0"
75.138.227.193 - - [27/Sep/2015:15:52:46 +0000] "GET /download/clog-1.2.0.tar.gz HTTP/1.1" 200 22006 "http://t.co/shglpNK51h" "Mozilla/5.0 (iPhone; CPU iPhone OS 9_0_1 like Mac OS X) AppleWebKit/600.1.4 (KHTML, like Gecko) Mobile/13A404 Twitter for iPhone"
75.138.227.193 - - [27/Sep/2015:15:52:46 +0000] "GET /download/clog-1.2.0.tar.gz HTTP/1.1" 200 22006 "-" "Twitter/6.37.2 CFNetwork/758.0.2 Darwin/15.0.0"
199.59.148.209 - - [27/Sep/2015:15:53:13 +0000] "GET /robots.txt HTTP/1.1" 404 445 "-" "Twitterbot/1.0"
199.59.148.209 - - [27/Sep/2015:15:53:13 +0000] "GET /download/clog-1.2.0.tar.gz HTTP/1.1" 200 21950 "-" "Twitterbot/1.0"
207.241.225.226 - - [27/Sep/2015:15:56:20 +0000] "GET /robots.txt HTTP/1.1" 404 490 "-" "Mozilla/5.0 (compatible; archive.org_bot; Wayback Machine Live Record; +http://archive.org/details/archive.org_bot)"
199.16.156.126 - - [27/Sep/2015:15:57:09 +0000] "GET /robots.txt HTTP/1.1" 404 445 "-" "Twitterbot/1.0"
199.16.156.126 - - [27/Sep/2015:15:57:09 +0000] "GET /download/clog-1.2.0.tar.gz HTTP/1.1" 200 21950 "-" "Twitterbot/1.0"
199.59.148.211 - - [27/Sep/2015:15:57:34 +0000] "GET /robots.txt HTTP/1.1" 404 445 "-" "Twitterbot/1.0"
199.59.148.211 - - [27/Sep/2015:15:57:34 +0000] "GET /download/clog-1.2.0.tar.gz HTTP/1.1" 200 21950 "-" "Twitterbot/1.0"
37.187.140.154 - - [27/Sep/2015:15:58:24 +0000] "GET /download/clog-1.2.0.tar.gz HTTP/1.1" 200 22006 "-" "Mozilla/5.0 (Macintosh; U; Intel Mac OS X 10.4; en-US; rv:1.9.2.2) Gecko/20100316 Firefox/3.6.2"
199.16.156.125 - - [27/Sep/2015:15:59:59 +0000] "GET /robots.txt HTTP/1.1" 404 445 "-" "Twitterbot/1.0"
199.16.156.125 - - [27/Sep/2015:15:59:59 +0000] "GET /download/vramsteg-1.1.0.tar.gz HTTP/1.1" 200 12783 "-" "Twitterbot/1.0"
199.59.148.209 - - [27/Sep/2015:16:02:08 +0000] "GET /download/clog-1.2.0.tar.gz HTTP/1.1" 200 21950 "-" "Twitterbot/1.0"
24.7.105.54 - - [27/Sep/2015:16:06:05 +0000] "GET /download/vramsteg-1.1.0.tar.gz HTTP/1.1" 200 12839 "http://t.co/6KIwdEdzxS" "Mozilla/5.0 (iPhone; CPU iPhone OS 9_0_1 like Mac OS X) AppleWebKit/600.1.4 (KHTML, like Gecko) Mobile/13A405 Twitter for iPhone"
24.7.105.54 - - [27/Sep/2015:16:06:06 +0000] "GET /download/vramsteg-1.1.0.tar.gz HTTP/1.1" 200 12839 "-" "Twitter/6.37.2 CFNetwork/758.0.2 Darwin/15.0.0"
24.7.105.54 - - [27/Sep/2015:16:06:29 +0000] "GET /download/clog-1.2.0.tar.gz HTTP/1.1" 200 22006 "http://t.co/shglpNK51h" "Mozilla/5.0 (iPhone; CPU iPhone OS 9_0_1 like Mac OS X) AppleWebKit/600.1.4 (KHTML, like Gecko) Mobile/13A405 Twitter for iPhone"
24.7.105.54 - - [27/Sep/2015:16:06:29 +0000] "GET /download/clog-1.2.0.tar.gz HTTP/1.1" 200 22006 "-" "Twitter/6.37.2 CFNetwork/758.0.2 Darwin/15.0.0"
199.16.156.126 - - [27/Sep/2015:16:06:47 +0000] "GET /robots.txt HTTP/1.1" 404 445 "-" "Twitterbot/1.0"
199.16.156.126 - - [27/Sep/2015:16:06:47 +0000] "GET /download/clog-1.2.0.tar.gz HTTP/1.1" 200 21950 "-" "Twitterbot/1.0"
54.176.17.88 - - [27/Sep/2015:16:08:01 +0000] "HEAD /download/clog-1.2.0.tar.gz HTTP/1.1" 200 304 "-" "Mozilla/5.0 (Macintosh; Intel Mac OS X 10_9_3) AppleWebKit/537.36 (KHTML, like Gecko) Chrome/35.0.1916.153 Safari/537.36"
54.193.212.129 - - [27/Sep/2015:16:08:02 +0000] "HEAD /download/vramsteg-1.1.0.tar.gz HTTP/1.1" 200 304 "-" "Mozilla/5.0 (Macintosh; Intel Mac OS X 10_9_3) AppleWebKit/537.36 (KHTML, like Gecko) Chrome/35.0.1916.153 Safari/537.36"
199.59.148.210 - - [27/Sep/2015:16:09:09 +0000] "GET /robots.txt HTTP/1.1" 404 445 "-" "Twitterbot/1.0"
199.59.148.210 - - [27/Sep/2015:16:09:09 +0000] "GET /download/vramsteg-1.1.0.tar.gz HTTP/1.1" 200 12783 "-" "Twitterbot/1.0"
217.30.75.162 - - [27/Sep/2015:16:09:13 +0000] "GET /download/vramsteg-1.1.0.tar.gz HTTP/1.1" 200 12839 "http://t.co/6KIwdEdzxS" "Mozilla/5.0 (X11; Fedora; Linux x86_64; rv:40.0) Gecko/20100101 Firefox/40.0"
217.30.75.162 - - [27/Sep/2015:16:09:13 +0000] "GET /download/clog-1.2.0.tar.gz HTTP/1.1" 200 22005 "http://t.co/shglpNK51h" "Mozilla/5.0 (X11; Fedora; Linux x86_64; rv:40.0) Gecko/20100101 Firefox/40.0"
199.16.156.126 - - [27/Sep/2015:16:10:38 +0000] "GET /robots.txt HTTP/1.1" 404 445 "-" "Twitterbot/1.0"
199.16.156.126 - - [27/Sep/2015:16:10:38 +0000] "GET /download/vramsteg-1.1.0.tar.gz HTTP/1.1" 200 12783 "-" "Twitterbot/1.0"
199.59.148.209 - - [27/Sep/2015:16:15:42 +0000] "GET /download/clog-1.2.0.tar.gz HTTP/1.1" 200 21950 "-" "Twitterbot/1.0"
104.41.156.5 - - [27/Sep/2015:16:15:57 +0000] "GET /download/vramsteg-1.1.0.tar.gz HTTP/1.1" 200 12783 "https://www.google.com/?gws_rd=ssl#q=news" "Mozilla/5.0 (Windows NT 6.1) AppleWebKit/537.36 (KHTML, like Gecko) Chrome/41.0.2228.0 Safari/537.36"
104.41.156.5 - - [27/Sep/2015:16:15:58 +0000] "GET /download/clog-1.2.0.tar.gz HTTP/1.1" 200 21950 "https://www.google.com/?gws_rd=ssl#q=news" "Mozilla/5.0 (Windows NT 6.1) AppleWebKit/537.36 (KHTML, like Gecko) Chrome/41.0.2228.0 Safari/537.36"
84.147.0.170 - - [27/Sep/2015:16:18:12 +0000] "GET /latest HTTP/1.1" 200 232 "-" "libwww-perl/6.08"
98.217.152.192 - - [27/Sep/2015:16:18:59 +0000] "GET / HTTP/1.1" 304 212 "-" "Mozilla/5.0 (Macintosh; Intel Mac OS X 10_11_0) AppleWebKit/537.36 (KHTML, like Gecko) Chrome/45.0.2454.101 Safari/537.36"
98.217.152.192 - - [27/Sep/2015:16:18:59 +0000] "GET /bootstrap/css/bootstrap.min.css HTTP/1.1" 304 212 "http://tasktools.org/" "Mozilla/5.0 (Macintosh; Intel Mac OS X 10_11_0) AppleWebKit/537.36 (KHTML, like Gecko) Chrome/45.0.2454.101 Safari/537.36"
98.217.152.192 - - [27/Sep/2015:16:18:59 +0000] "GET /tw-m.png HTTP/1.1" 304 189 "http://tasktools.org/" "Mozilla/5.0 (Macintosh; Intel Mac OS X 10_11_0) AppleWebKit/537.36 (KHTML, like Gecko) Chrome/45.0.2454.101 Safari/537.36"
98.217.152.192 - - [27/Sep/2015:16:18:59 +0000] "GET /bootstrap/js/bootstrap.min.js HTTP/1.1" 304 212 "http://tasktools.org/" "Mozilla/5.0 (Macintosh; Intel Mac OS X 10_11_0) AppleWebKit/537.36 (KHTML, like Gecko) Chrome/45.0.2454.101 Safari/537.36"
98.217.152.192 - - [27/Sep/2015:16:18:59 +0000] "GET /favicon.ico HTTP/1.1" 200 1713 "http://tasktools.org/" "Mozilla/5.0 (Macintosh; Intel Mac OS X 10_11_0) AppleWebKit/537.36 (KHTML, like Gecko) Chrome/45.0.2454.101 Safari/537.36"
52.21.115.243 - - [27/Sep/2015:16:20:41 +0000] "GET /robots.txt HTTP/1.1" 404 445 "-" "Mozilla/5.0 (Macintosh; Intel Mac OS X 10.9; rv:28.0) Gecko/20100101 Firefox/28.0 (FlipboardProxy/1.1; +http://flipboard.com/browserproxy)"
52.21.115.243 - - [27/Sep/2015:16:20:41 +0000] "GET /download/vramsteg-1.1.0.tar.gz HTTP/1.1" 200 12783 "-" "Mozilla/5.0 (Macintosh; Intel Mac OS X 10.9; rv:28.0) Gecko/20100101 Firefox/28.0 (FlipboardProxy/1.1; +http://flipboard.com/browserproxy)"
52.21.115.243 - - [27/Sep/2015:16:20:41 +0000] "GET /download/clog-1.2.0.tar.gz HTTP/1.1" 200 21950 "-" "Mozilla/5.0 (Macintosh; Intel Mac OS X 10.9; rv:28.0) Gecko/20100101 Firefox/28.0 (FlipboardProxy/1.1; +http://flipboard.com/browserproxy)"
52.22.33.202 - - [27/Sep/2015:16:20:42 +0000] "GET /robots.txt HTTP/1.1" 404 527 "-" "Mozilla/5.0 (Macintosh; Intel Mac OS X 10.9; rv:28.0) Gecko/20100101 Firefox/28.0 (FlipboardProxy/1.1; +http://flipboard.com/browserproxy)"
52.22.33.202 - - [27/Sep/2015:16:20:42 +0000] "GET /download/clog-1.2.0.tar.gz HTTP/1.1" 200 22006 "-" "Mozilla/5.0 (Macintosh; Intel Mac OS X 10.9; rv:28.0) Gecko/20100101 Firefox/28.0 (FlipboardProxy/1.1; +http://flipboard.com/browserproxy)"
52.7.125.153 - - [27/Sep/2015:16:20:42 +0000] "GET /download/vramsteg-1.1.0.tar.gz HTTP/1.1" 200 12839 "-" "Mozilla/5.0 (Macintosh; Intel Mac OS X 10.9; rv:28.0) Gecko/20100101 Firefox/28.0 (FlipboardProxy/1.1; +http://flipboard.com/browserproxy)"
76.217.100.39 - - [27/Sep/2015:16:25:18 +0000] "GET /download/clog-1.2.0.tar.gz HTTP/1.1" 200 22006 "https://t.co/shglpNK51h" "Mozilla/5.0 (X11; Linux x86_64) AppleWebKit/537.36 (KHTML, like Gecko) Ubuntu Chromium/45.0.2454.85 Chrome/45.0.2454.85 Safari/537.36"
199.16.156.125 - - [27/Sep/2015:16:27:17 +0000] "GET /robots.txt HTTP/1.1" 404 445 "-" "Twitterbot/1.0"
199.16.156.125 - - [27/Sep/2015:16:27:17 +0000] "GET /download/clog-1.2.0.tar.gz HTTP/1.1" 200 21950 "-" "Twitterbot/1.0"
199.59.148.211 - - [27/Sep/2015:16:27:21 +0000] "GET /robots.txt HTTP/1.1" 404 445 "-" "Twitterbot/1.0"
199.59.148.209 - - [27/Sep/2015:16:27:21 +0000] "GET /robots.txt HTTP/1.1" 404 445 "-" "Twitterbot/1.0"
199.59.148.209 - - [27/Sep/2015:16:27:21 +0000] "GET /download/vramsteg-1.1.0.tar.gz HTTP/1.1" 200 12783 "-" "Twitterbot/1.0"
199.59.148.211 - - [27/Sep/2015:16:27:21 +0000] "GET /download/clog-1.2.0.tar.gz HTTP/1.1" 200 21950 "-" "Twitterbot/1.0"
98.217.152.192 - - [27/Sep/2015:16:29:00 +0000] "GET /download/vramsteg-1.1.0.tar.gz HTTP/1.1" 200 12839 "http://localhost:8000/" "Mozilla/5.0 (Macintosh; Intel Mac OS X 10_11_0) AppleWebKit/537.36 (KHTML, like Gecko) Chrome/45.0.2454.101 Safari/537.36"
66.249.75.161 - - [27/Sep/2015:16:29:06 +0000] "GET /projects/tasksh.html HTTP/1.1" 200 1974 "-" "Mozilla/5.0 (iPhone; CPU iPhone OS 8_3 like Mac OS X) AppleWebKit/600.1.4 (KHTML, like Gecko) Version/8.0 Mobile/12F70 Safari/600.1.4 (compatible; Googlebot/2.1; +http://www.google.com/bot.html)"
186.227.78.132 - - [27/Sep/2015:16:29:25 +0000] "GET /piwik/piwik.js HTTP/1.1" 301 575 "http://holidata.net/" "Mozilla/5.0 (Windows NT 6.1; WOW64) AppleWebKit/537.36 (KHTML, like Gecko) Chrome/36.0.1985.143 Safari/537.36"
92.40.249.157 - - [27/Sep/2015:16:30:35 +0000] "GET /download/vramsteg-1.1.0.tar.gz HTTP/1.1" 200 12839 "-" "Mozilla/5.0 (Linux; Android 5.1.1; Nexus 9 Build/LMY48M; wv) AppleWebKit/537.36 (KHTML, like Gecko) Version/4.0 Chrome/45.0.2454.95 Safari/537.36"
92.40.249.157 - - [27/Sep/2015:16:31:10 +0000] "GET /download/vramsteg-1.1.0.tar.gz HTTP/1.1" 200 12839 "-" "Mozilla/5.0 (Linux; Android 5.1.1; Nexus 9 Build/LMY48M) AppleWebKit/537.36 (KHTML, like Gecko) Chrome/45.0.2454.94 Safari/537.36"
92.40.249.157 - - [27/Sep/2015:16:31:14 +0000] "GET /download/vramsteg-1.1.0.tar.gz HTTP/1.1" 200 12802 "" "Mozilla/5.0 (Linux; Android 5.1.1; Nexus 9 Build/LMY48M) AppleWebKit/537.36 (KHTML, like Gecko) Chrome/45.0.2454.94 Safari/537.36"
66.249.75.170 - - [27/Sep/2015:16:31:56 +0000] "GET /projects/clog.html HTTP/1.1" 200 2631 "-" "Mozilla/5.0 (iPhone; CPU iPhone OS 8_3 like Mac OS X) AppleWebKit/600.1.4 (KHTML, like Gecko) Version/8.0 Mobile/12F70 Safari/600.1.4 (compatible; Googlebot/2.1; +http://www.google.com/bot.html)"
180.76.15.33 - - [27/Sep/2015:16:31:59 +0000] "GET / HTTP/1.1" 200 3310 "-" "Mozilla/5.0 (compatible; Baiduspider/2.0; +http://www.baidu.com/search/spider.html)"
76.217.100.39 - - [27/Sep/2015:16:32:39 +0000] "GET /download/clog-1.2.0.tar.gz HTTP/1.1" 200 22006 "https://t.co/shglpNK51h" "Mozilla/5.0 (X11; Linux x86_64) AppleWebKit/537.36 (KHTML, like Gecko) Ubuntu Chromium/45.0.2454.85 Chrome/45.0.2454.85 Safari/537.36"
199.16.156.124 - - [27/Sep/2015:16:38:27 +0000] "GET /robots.txt HTTP/1.1" 404 445 "-" "Twitterbot/1.0"
199.16.156.124 - - [27/Sep/2015:16:38:27 +0000] "GET /download/vramsteg-1.1.0.tar.gz HTTP/1.1" 200 12783 "-" "Twitterbot/1.0"
54.166.112.98 - - [27/Sep/2015:16:43:03 +0000] "GET /download/vramsteg-1.1.0.tar.gz HTTP/1.1" 200 12839 "-" "Mozilla/5.0 (compatible)"
66.249.75.170 - - [27/Sep/2015:16:43:14 +0000] "GET / HTTP/1.1" 200 3347 "-" "Mozilla/5.0 (compatible; Googlebot/2.1; +http://www.google.com/bot.html)"
66.249.75.152 - - [27/Sep/2015:16:43:31 +0000] "GET /projects/taskwarrior.html HTTP/1.1" 200 2387 "-" "Mozilla/5.0 (iPhone; CPU iPhone OS 8_3 like Mac OS X) AppleWebKit/600.1.4 (KHTML, like Gecko) Version/8.0 Mobile/12F70 Safari/600.1.4 (compatible; Googlebot/2.1; +http://www.google.com/bot.html)"
209.59.144.72 - - [27/Sep/2015:16:45:59 +0000] "HEAD /download/clog-1.2.0.tar.gz HTTP/1.1" 200 248 "-" "HTTPClient/1.0 (2.6.0.1, ruby 2.0.0 (2014-05-08))"
209.59.144.72 - - [27/Sep/2015:16:46:00 +0000] "HEAD /download/vramsteg-1.1.0.tar.gz HTTP/1.1" 200 248 "-" "HTTPClient/1.0 (2.6.0.1, ruby 2.0.0 (2014-05-08))"
217.69.133.18 - - [27/Sep/2015:16:46:54 +0000] "GET /robots.txt HTTP/1.0" 404 490 "-" "Mozilla/5.0 (compatible; Linux x86_64; Mail.RU_Bot/2.0; +http://go.mail.ru/help/robots)"
217.69.133.193 - - [27/Sep/2015:16:46:55 +0000] "GET /projects/kronisk.html HTTP/1.1" 301 526 "-" "Mozilla/5.0 (compatible; Linux x86_64; Mail.RU_Bot/2.0; +http://go.mail.ru/help/robots)"
217.69.133.13 - - [27/Sep/2015:16:46:57 +0000] "GET /index.html HTTP/1.1" 200 3310 "-" "Mozilla/5.0 (compatible; Linux x86_64; Mail.RU_Bot/2.0; +http://go.mail.ru/help/robots)"
85.195.230.112 - - [27/Sep/2015:16:47:26 +0000] "GET /download/clog-1.2.0.tar.gz HTTP/1.1" 200 22006 "http://t.co/shglpNK51h" "Mozilla/5.0 (Linux; Android 5.1.1; A0001 Build/LMY48B) AppleWebKit/537.36 (KHTML, like Gecko) Chrome/45.0.2454.94 Mobile Safari/537.36"
85.195.230.112 - - [27/Sep/2015:16:47:27 +0000] "GET /download/clog-1.2.0.tar.gz HTTP/1.1" 200 21969 "http://t.co/shglpNK51h" "Mozilla/5.0 (Linux; Android 5.1.1; A0001 Build/LMY48B) AppleWebKit/537.36 (KHTML, like Gecko) Chrome/45.0.2454.94 Mobile Safari/537.36"
85.195.230.112 - - [27/Sep/2015:16:48:36 +0000] "GET /projects/clog.html HTTP/1.1" 200 2631 "https://www.google.ch/" "Mozilla/5.0 (Linux; Android 5.1.1; A0001 Build/LMY48B) AppleWebKit/537.36 (KHTML, like Gecko) Chrome/45.0.2454.94 Mobile Safari/537.36"
85.195.230.112 - - [27/Sep/2015:16:48:36 +0000] "GET /bootstrap/css/bootstrap.min.css HTTP/1.1" 200 17589 "https://www.google.ch/" "Mozilla/5.0 (Linux; Android 5.1.1; A0001 Build/LMY48B) AppleWebKit/537.36 (KHTML, like Gecko) Chrome/45.0.2454.94 Mobile Safari/537.36"
85.195.230.112 - - [27/Sep/2015:16:48:36 +0000] "GET /bootstrap/js/bootstrap.min.js HTTP/1.1" 200 8018 "http://tasktools.org/projects/clog.html" "Mozilla/5.0 (Linux; Android 5.1.1; A0001 Build/LMY48B) AppleWebKit/537.36 (KHTML, like Gecko) Chrome/45.0.2454.94 Mobile Safari/537.36"
85.195.230.112 - - [27/Sep/2015:16:48:36 +0000] "GET /projects/clog/clog-sed.png HTTP/1.1" 200 10547 "http://tasktools.org/projects/clog.html" "Mozilla/5.0 (Linux; Android 5.1.1; A0001 Build/LMY48B) AppleWebKit/537.36 (KHTML, like Gecko) Chrome/45.0.2454.94 Mobile Safari/537.36"
85.195.230.112 - - [27/Sep/2015:16:48:36 +0000] "GET /projects/clog/clog-nothing.png HTTP/1.1" 200 11907 "http://tasktools.org/projects/clog.html" "Mozilla/5.0 (Linux; Android 5.1.1; A0001 Build/LMY48B) AppleWebKit/537.36 (KHTML, like Gecko) Chrome/45.0.2454.94 Mobile Safari/537.36"
85.195.230.112 - - [27/Sep/2015:16:48:36 +0000] "GET /projects/clog/clog-rule.png HTTP/1.1" 200 11504 "http://tasktools.org/projects/clog.html" "Mozilla/5.0 (Linux; Android 5.1.1; A0001 Build/LMY48B) AppleWebKit/537.36 (KHTML, like Gecko) Chrome/45.0.2454.94 Mobile Safari/537.36"
85.195.230.112 - - [27/Sep/2015:16:48:36 +0000] "GET /projects/clog/clog-rule2.png HTTP/1.1" 200 12531 "http://tasktools.org/projects/clog.html" "Mozilla/5.0 (Linux; Android 5.1.1; A0001 Build/LMY48B) AppleWebKit/537.36 (KHTML, like Gecko) Chrome/45.0.2454.94 Mobile Safari/537.36"
85.195.230.112 - - [27/Sep/2015:16:48:36 +0000] "GET /projects/clog/clog-rule3.png HTTP/1.1" 200 12352 "http://tasktools.org/projects/clog.html" "Mozilla/5.0 (Linux; Android 5.1.1; A0001 Build/LMY48B) AppleWebKit/537.36 (KHTML, like Gecko) Chrome/45.0.2454.94 Mobile Safari/537.36"
85.195.230.112 - - [27/Sep/2015:16:48:36 +0000] "GET /projects/clog/clog-rule123.png HTTP/1.1" 200 63873 "http://tasktools.org/projects/clog.html" "Mozilla/5.0 (Linux; Android 5.1.1; A0001 Build/LMY48B) AppleWebKit/537.36 (KHTML, like Gecko) Chrome/45.0.2454.94 Mobile Safari/537.36"
85.195.230.112 - - [27/Sep/2015:16:48:36 +0000] "GET /projects/clog/clog-hamlet.png HTTP/1.1" 200 107927 "http://tasktools.org/projects/clog.html" "Mozilla/5.0 (Linux; Android 5.1.1; A0001 Build/LMY48B) AppleWebKit/537.36 (KHTML, like Gecko) Chrome/45.0.2454.94 Mobile Safari/537.36"
85.195.230.112 - - [27/Sep/2015:16:48:36 +0000] "GET /projects/clog/clog-timestamp.png HTTP/1.1" 200 94241 "http://tasktools.org/projects/clog.html" "Mozilla/5.0 (Linux; Android 5.1.1; A0001 Build/LMY48B) AppleWebKit/537.36 (KHTML, like Gecko) Chrome/45.0.2454.94 Mobile Safari/537.36"
85.195.230.112 - - [27/Sep/2015:16:48:36 +0000] "GET /projects/clog/clog-rule1.png HTTP/1.1" 200 108719 "http://tasktools.org/projects/clog.html" "Mozilla/5.0 (Linux; Android 5.1.1; A0001 Build/LMY48B) AppleWebKit/537.36 (KHTML, like Gecko) Chrome/45.0.2454.94 Mobile Safari/537.36"
85.195.230.112 - - [27/Sep/2015:16:48:36 +0000] "GET /projects/clog/clog-regex.png HTTP/1.1" 200 17162 "http://tasktools.org/projects/clog.html" "Mozilla/5.0 (Linux; Android 5.1.1; A0001 Build/LMY48B) AppleWebKit/537.36 (KHTML, like Gecko) Chrome/45.0.2454.94 Mobile Safari/537.36"
85.195.230.112 - - [27/Sep/2015:16:48:36 +0000] "GET /projects/clog/clog-rule12.png HTTP/1.1" 200 108828 "http://tasktools.org/projects/clog.html" "Mozilla/5.0 (Linux; Android 5.1.1; A0001 Build/LMY48B) AppleWebKit/537.36 (KHTML, like Gecko) Chrome/45.0.2454.94 Mobile Safari/537.36"
85.195.230.112 - - [27/Sep/2015:16:48:37 +0000] "GET /projects/clog/clog-set2.png HTTP/1.1" 200 10154 "http://tasktools.org/projects/clog.html" "Mozilla/5.0 (Linux; Android 5.1.1; A0001 Build/LMY48B) AppleWebKit/537.36 (KHTML, like Gecko) Chrome/45.0.2454.94 Mobile Safari/537.36"
85.195.230.112 - - [27/Sep/2015:16:48:37 +0000] "GET /projects/clog/clog-sets.png HTTP/1.1" 200 59072 "http://tasktools.org/projects/clog.html" "Mozilla/5.0 (Linux; Android 5.1.1; A0001 Build/LMY48B) AppleWebKit/537.36 (KHTML, like Gecko) Chrome/45.0.2454.94 Mobile Safari/537.36"
85.195.230.112 - - [27/Sep/2015:16:48:37 +0000] "GET /projects/clog/clog-set1.png HTTP/1.1" 200 8964 "http://tasktools.org/projects/clog.html" "Mozilla/5.0 (Linux; Android 5.1.1; A0001 Build/LMY48B) AppleWebKit/537.36 (KHTML, like Gecko) Chrome/45.0.2454.94 Mobile Safari/537.36"
85.195.230.112 - - [27/Sep/2015:16:48:37 +0000] "GET /projects/clog/clog-set12.png HTTP/1.1" 200 10545 "http://tasktools.org/projects/clog.html" "Mozilla/5.0 (Linux; Android 5.1.1; A0001 Build/LMY48B) AppleWebKit/537.36 (KHTML, like Gecko) Chrome/45.0.2454.94 Mobile Safari/537.36"
85.195.230.112 - - [27/Sep/2015:16:48:36 +0000] "GET /projects/clog/clog-r12.png HTTP/1.1" 200 110789 "http://tasktools.org/projects/clog.html" "Mozilla/5.0 (Linux; Android 5.1.1; A0001 Build/LMY48B) AppleWebKit/537.36 (KHTML, like Gecko) Chrome/45.0.2454.94 Mobile Safari/537.36"
85.195.230.112 - - [27/Sep/2015:16:48:37 +0000] "GET /favicon.ico HTTP/1.1" 200 1713 "http://tasktools.org/projects/clog.html" "Mozilla/5.0 (Linux; Android 5.1.1; A0001 Build/LMY48B) AppleWebKit/537.36 (KHTML, like Gecko) Chrome/45.0.2454.94 Mobile Safari/537.36"
199.16.156.126 - - [27/Sep/2015:16:52:05 +0000] "GET /robots.txt HTTP/1.1" 404 445 "-" "Twitterbot/1.0"
199.16.156.126 - - [27/Sep/2015:16:52:05 +0000] "GET /download/clog-1.2.0.tar.gz HTTP/1.1" 200 21950 "-" "Twitterbot/1.0"
84.119.73.119 - - [27/Sep/2015:16:54:06 +0000] "GET /download/vramsteg-1.1.0.tar.gz HTTP/1.1" 200 12839 "-" "Mozilla/5.0 (Linux; Android 5.1.1; Nexus 6 Build/LMY48M) AppleWebKit/537.36 (KHTML, like Gecko) Chrome/45.0.2454.94 Mobile Safari/537.36"
84.119.73.119 - - [27/Sep/2015:16:54:07 +0000] "GET /download/vramsteg-1.1.0.tar.gz HTTP/1.1" 200 12802 "" "Mozilla/5.0 (Linux; Android 5.1.1; Nexus 6 Build/LMY48M) AppleWebKit/537.36 (KHTML, like Gecko) Chrome/45.0.2454.94 Mobile Safari/537.36"
59.115.239.149 - - [27/Sep/2015:16:57:12 +0000] "GET /projects/vit.html HTTP/1.1" 200 1826 "http://taskwarrior.org/tools/" "Mozilla/5.0 (X11; Linux x86_64; rv:41.0) Gecko/20100101 Firefox/41.0"
59.115.239.149 - - [27/Sep/2015:16:57:13 +0000] "GET /bootstrap/js/bootstrap.min.js HTTP/1.1" 200 8019 "http://tasktools.org/projects/vit.html" "Mozilla/5.0 (X11; Linux x86_64; rv:41.0) Gecko/20100101 Firefox/41.0"
59.115.239.149 - - [27/Sep/2015:16:57:13 +0000] "GET /bootstrap/css/bootstrap.min.css HTTP/1.1" 200 17588 "http://tasktools.org/projects/vit.html" "Mozilla/5.0 (X11; Linux x86_64; rv:41.0) Gecko/20100101 Firefox/41.0"
59.115.239.149 - - [27/Sep/2015:16:57:14 +0000] "GET /favicon.ico HTTP/1.1" 200 1713 "-" "Mozilla/5.0 (X11; Linux x86_64; rv:41.0) Gecko/20100101 Firefox/41.0"
108.61.123.85 - - [27/Sep/2015:16:58:27 +0000] "GET /bootstrap/css/bootstrap.min.css HTTP/1.1" 200 17589 "http://tasktools.org/projects/taskd.html" "Mozilla/5.0 (X11; Linux x86_64) AppleWebKit/537.36 (KHTML, like Gecko) Chrome/45.0.2454.85 Safari/537.36"
117.198.27.29 - - [27/Sep/2015:16:59:12 +0000] "GET /download/clog-1.2.0.tar.gz HTTP/1.1" 200 22006 "http://taskwarrior.org/news/news.20150927.html" "Mozilla/5.0 (X11; Linux i686 on x86_64; rv:21.0) Gecko/20100101 Firefox/21.0 Iceweasel/21.0"
46.129.44.239 - - [27/Sep/2015:17:01:04 +0000] "GET /download/clog-1.2.0.tar.gz HTTP/1.1" 200 22006 "-" "Mozilla/5.0 (Macintosh; Intel Mac OS X 10.10; rv:41.0) Gecko/20100101 Firefox/41.0"
62.210.206.144 - - [27/Sep/2015:17:01:18 +0000] "HEAD /license.txt HTTP/1.1" 404 219 "-" "-"
62.210.206.144 - - [27/Sep/2015:17:01:18 +0000] "HEAD /robots.txt HTTP/1.1" 404 163 "-" "-"
62.210.206.144 - - [27/Sep/2015:17:01:19 +0000] "HEAD /wp-content/themes/twentyten/images/wordpress.png HTTP/1.1" 404 163 "-" "-"
62.210.206.144 - - [27/Sep/2015:17:01:19 +0000] "HEAD /wp-admin/images/wp-logo-2x.png HTTP/1.1" 404 163 "-" "-"
62.210.206.144 - - [27/Sep/2015:17:01:19 +0000] "HEAD /readme.txt HTTP/1.1" 404 163 "-" "-"
62.210.206.144 - - [27/Sep/2015:17:01:19 +0000] "HEAD /help.txt HTTP/1.1" 404 163 "-" "-"
62.210.206.144 - - [27/Sep/2015:17:01:19 +0000] "HEAD /readme.html HTTP/1.1" 404 163 "-" "-"
62.210.206.144 - - [27/Sep/2015:17:01:19 +0000] "HEAD /readme.htm HTTP/1.1" 404 163 "-" "-"
62.210.206.144 - - [27/Sep/2015:17:01:19 +0000] "HEAD /wp-admin/css/colors-classic.css HTTP/1.1" 404 163 "-" "-"
62.210.206.144 - - [27/Sep/2015:17:01:19 +0000] "HEAD /wp-admin/js/media-upload.dev.js HTTP/1.1" 404 163 "-" "-"
62.210.206.144 - - [27/Sep/2015:17:01:19 +0000] "HEAD /wp-content/plugins/akismet/akismet.js HTTP/1.1" 404 163 "-" "-"
62.210.206.144 - - [27/Sep/2015:17:01:20 +0000] "HEAD /wp-content/themes/classic/rtl.css HTTP/1.1" 404 163 "-" "-"
62.210.206.144 - - [27/Sep/2015:17:01:20 +0000] "HEAD /wp-content/themes/twentyeleven/readme.txt HTTP/1.1" 404 163 "-" "-"
62.210.206.144 - - [27/Sep/2015:17:01:20 +0000] "HEAD /wp-content/themes/twentyten/style.css HTTP/1.1" 404 163 "-" "-"
62.210.206.144 - - [27/Sep/2015:17:01:20 +0000] "HEAD /wp-includes/css/buttons.css HTTP/1.1" 404 163 "-" "-"
62.210.206.144 - - [27/Sep/2015:17:01:20 +0000] "HEAD /wp-includes/js/scriptaculous/wp-scriptaculous.js HTTP/1.1" 404 163 "-" "-"
62.210.206.144 - - [27/Sep/2015:17:01:20 +0000] "HEAD /wp-includes/js/tinymce/langs/wp-langs-en.js HTTP/1.1" 404 163 "-" "-"
62.210.206.144 - - [27/Sep/2015:17:01:20 +0000] "HEAD /wp-includes/js/tinymce/wp-tinymce.js HTTP/1.1" 404 163 "-" "-"
62.210.206.144 - - [27/Sep/2015:17:01:20 +0000] "HEAD /wp-includes/wlwmanifest.xml HTTP/1.1" 404 163 "-" "-"
199.59.148.211 - - [27/Sep/2015:17:09:45 +0000] "GET /robots.txt HTTP/1.1" 404 445 "-" "Twitterbot/1.0"
199.59.148.211 - - [27/Sep/2015:17:09:45 +0000] "GET /download/vramsteg-1.1.0.tar.gz HTTP/1.1" 200 12783 "-" "Twitterbot/1.0"
23.20.28.118 - - [27/Sep/2015:17:14:09 +0000] "GET /robots.txt HTTP/1.1" 404 445 "-" "bitlybot/3.0 (+http://bit.ly/)"
23.20.28.118 - - [27/Sep/2015:17:14:09 +0000] "GET /download/vramsteg-1.1.0.tar.gz HTTP/1.1" 200 12783 "-" "bitlybot/3.0 (+http://bit.ly/)"
54.198.211.4 - - [27/Sep/2015:17:14:10 +0000] "GET /download/clog-1.2.0.tar.gz HTTP/1.1" 200 21950 "-" "bitlybot/3.0 (+http://bit.ly/)"
199.16.156.125 - - [27/Sep/2015:17:17:26 +0000] "GET /robots.txt HTTP/1.1" 404 445 "-" "Twitterbot/1.0"
199.16.156.125 - - [27/Sep/2015:17:17:26 +0000] "GET /download/vramsteg-1.1.0.tar.gz HTTP/1.1" 200 12783 "-" "Twitterbot/1.0"
199.16.156.124 - - [27/Sep/2015:17:27:11 +0000] "GET /robots.txt HTTP/1.1" 404 445 "-" "Twitterbot/1.0"
199.16.156.124 - - [27/Sep/2015:17:27:11 +0000] "GET /download/vramsteg-1.1.0.tar.gz HTTP/1.1" 200 12783 "-" "Twitterbot/1.0"
199.16.156.126 - - [27/Sep/2015:17:27:11 +0000] "GET /robots.txt HTTP/1.1" 404 445 "-" "Twitterbot/1.0"
199.16.156.126 - - [27/Sep/2015:17:27:11 +0000] "GET /download/clog-1.2.0.tar.gz HTTP/1.1" 200 21950 "-" "Twitterbot/1.0"
54.176.5.146 - - [27/Sep/2015:17:27:31 +0000] "GET /download/clog-1.2.0.tar.gz HTTP/1.1" 200 21950 "-" "newsme/1.0; feedback@news.me"
54.176.5.146 - - [27/Sep/2015:17:27:31 +0000] "GET /download/vramsteg-1.1.0.tar.gz HTTP/1.1" 200 12783 "-" "newsme/1.0; feedback@news.me"
66.249.75.161 - - [27/Sep/2015:17:32:16 +0000] "GET /projects/anomaly.html HTTP/1.1" 200 3322 "-" "Mozilla/5.0 (iPhone; CPU iPhone OS 8_3 like Mac OS X) AppleWebKit/600.1.4 (KHTML, like Gecko) Version/8.0 Mobile/12F70 Safari/600.1.4 (compatible; Googlebot/2.1; +http://www.google.com/bot.html)"
108.61.123.85 - - [27/Sep/2015:17:36:40 +0000] "GET / HTTP/1.1" 304 212 "http://tasktools.org/projects/taskd.html" "Mozilla/5.0 (X11; Linux x86_64) AppleWebKit/537.36 (KHTML, like Gecko) Chrome/45.0.2454.85 Safari/537.36"
108.61.123.85 - - [27/Sep/2015:17:36:41 +0000] "GET /tw-m.png HTTP/1.1" 200 6860 "http://tasktools.org/" "Mozilla/5.0 (X11; Linux x86_64) AppleWebKit/537.36 (KHTML, like Gecko) Chrome/45.0.2454.85 Safari/537.36"
54.176.195.13 - - [27/Sep/2015:17:37:44 +0000] "HEAD /download/clog-1.2.0.tar.gz HTTP/1.1" 200 304 "-" "Mozilla/5.0 (Macintosh; Intel Mac OS X 10_9_3) AppleWebKit/537.36 (KHTML, like Gecko) Chrome/35.0.1916.153 Safari/537.36"
54.193.212.129 - - [27/Sep/2015:17:37:45 +0000] "HEAD /download/vramsteg-1.1.0.tar.gz HTTP/1.1" 200 304 "-" "Mozilla/5.0 (Macintosh; Intel Mac OS X 10_9_3) AppleWebKit/537.36 (KHTML, like Gecko) Chrome/35.0.1916.153 Safari/537.36"
84.23.210.205 - - [27/Sep/2015:17:37:47 +0000] "GET /piwik/piwik.js HTTP/1.1" 301 575 "http://holidata.net/" "Mozilla/5.0 (Windows NT 6.1; WOW64) AppleWebKit/537.36 (KHTML, like Gecko) Chrome/36.0.1985.143 Safari/537.36"
84.23.210.205 - - [27/Sep/2015:17:37:48 +0000] "GET /piwik/piwik.php?action_name=%3A%3A%20holidata.net%20%3A%3A&idsite=5&rec=1&r=685667&h=18&m=45&s=45&url=http%3A%2F%2Fholidata.net%2F&urlref=http%3A%2F%2Fsuccess-seo.com%2Ftry.php%3Fu%3Dhttp%3A%2F%2Fholidata.net&_id=a2b7cd848970fb81&_idts=1443375945&_idvc=1&_idn=0&_refts=1443375945&_viewts=1443375945&_ref=http%3A%2F%2Fsuccess-seo.com%2Ftry.php%3Fu%3Dhttp%3A%2F%2Fholidata.net&send_image=0&cookie=1&res=1920x1080 HTTP/1.1" 301 1162 "http://holidata.net/" "Mozilla/5.0 (Windows NT 6.1; WOW64) AppleWebKit/537.36 (KHTML, like Gecko) Chrome/36.0.1985.143 Safari/537.36"
195.154.157.47 - - [27/Sep/2015:17:46:45 +0000] "GET /robots.txt HTTP/1.0" 404 490 "-" "Mozilla/5.0 (compatible; MJ12bot/v1.4.5; http://www.majestic12.co.uk/bot.php?+)"
195.154.157.47 - - [27/Sep/2015:17:46:47 +0000] "GET /latest HTTP/1.0" 200 232 "-" "Mozilla/5.0 (compatible; MJ12bot/v1.4.5; http://www.majestic12.co.uk/bot.php?+)"
195.154.157.47 - - [27/Sep/2015:17:46:48 +0000] "GET /mon HTTP/1.0" 301 516 "-" "Mozilla/5.0 (compatible; MJ12bot/v1.4.5; http://www.majestic12.co.uk/bot.php?+)"
195.154.157.47 - - [27/Sep/2015:17:46:50 +0000] "GET /mon/ HTTP/1.0" 200 2002 "-" "Mozilla/5.0 (compatible; MJ12bot/v1.4.5; http://www.majestic12.co.uk/bot.php?+)"
195.154.157.47 - - [27/Sep/2015:17:46:51 +0000] "GET /rfcs/index.html HTTP/1.0" 200 1921 "-" "Mozilla/5.0 (compatible; MJ12bot/v1.4.5; http://www.majestic12.co.uk/bot.php?+)"
195.154.157.47 - - [27/Sep/2015:17:46:53 +0000] "GET /talks/index.html HTTP/1.0" 200 1621 "-" "Mozilla/5.0 (compatible; MJ12bot/v1.4.5; http://www.majestic12.co.uk/bot.php?+)"
199.16.156.124 - - [27/Sep/2015:17:54:51 +0000] "GET /robots.txt HTTP/1.1" 404 445 "-" "Twitterbot/1.0"
199.16.156.124 - - [27/Sep/2015:17:54:51 +0000] "GET /download/vramsteg-1.1.0.tar.gz HTTP/1.1" 200 12783 "-" "Twitterbot/1.0"
73.225.32.88 - - [27/Sep/2015:17:56:05 +0000] "GET /download/clog-1.2.0.tar.gz HTTP/1.1" 200 22006 "https://www.google.com/" "Mozilla/5.0 (iPhone; CPU iPhone OS 8_4_1 like Mac OS X) AppleWebKit/600.1.4 (KHTML, like Gecko) CriOS/45.0.2454.89 Mobile/12H321 Safari/600.1.4"
157.55.39.85 - - [27/Sep/2015:17:58:40 +0000] "GET / HTTP/1.1" 200 3347 "-" "Mozilla/5.0 (compatible; bingbot/2.0; +http://www.bing.com/bingbot.htm)"
199.16.156.125 - - [27/Sep/2015:18:01:24 +0000] "GET /robots.txt HTTP/1.1" 404 445 "-" "Twitterbot/1.0"
199.16.156.125 - - [27/Sep/2015:18:01:24 +0000] "GET /download/clog-1.2.0.tar.gz HTTP/1.1" 200 21950 "-" "Twitterbot/1.0"
87.164.179.23 - - [27/Sep/2015:18:05:11 +0000] "GET /projects/vit.html HTTP/1.1" 200 1826 "http://tasktools.org/" "Mozilla/5.0 (X11; Ubuntu; Linux x86_64; rv:43.0) Gecko/20100101 Firefox/43.0"
87.164.179.23 - - [27/Sep/2015:18:05:11 +0000] "GET /bootstrap/css/bootstrap.min.css HTTP/1.1" 200 17588 "http://tasktools.org/projects/vit.html" "Mozilla/5.0 (X11; Ubuntu; Linux x86_64; rv:43.0) Gecko/20100101 Firefox/43.0"
87.164.179.23 - - [27/Sep/2015:18:05:12 +0000] "GET /bootstrap/js/bootstrap.min.js HTTP/1.1" 200 8019 "http://tasktools.org/projects/vit.html" "Mozilla/5.0 (X11; Ubuntu; Linux x86_64; rv:43.0) Gecko/20100101 Firefox/43.0"
87.164.179.23 - - [27/Sep/2015:18:05:12 +0000] "GET /favicon.ico HTTP/1.1" 200 1714 "-" "Mozilla/5.0 (X11; Ubuntu; Linux x86_64; rv:43.0) Gecko/20100101 Firefox/43.0"
217.69.133.15 - - [27/Sep/2015:18:21:11 +0000] "GET /robots.txt HTTP/1.0" 404 490 "-" "Mozilla/5.0 (compatible; Linux x86_64; Mail.RU_Bot/2.0; +http://go.mail.ru/help/robots)"
217.69.133.13 - - [27/Sep/2015:18:21:12 +0000] "GET /talks/index.html HTTP/1.1" 200 1621 "-" "Mozilla/5.0 (compatible; Linux x86_64; Mail.RU_Bot/2.0; +http://go.mail.ru/help/robots)"
185.17.204.205 - - [27/Sep/2015:18:27:05 +0000] "GET /download/clog-1.2.0.tar.gz HTTP/1.1" 200 22006 "http://t.co/shglpNK51h" "Mozilla/5.0 (Linux; Android 5.0; SM-N9005 Build/LRX21V) AppleWebKit/537.36 (KHTML, like Gecko) Chrome/45.0.2454.94 Mobile Safari/537.36"
185.17.204.205 - - [27/Sep/2015:18:27:06 +0000] "GET /download/clog-1.2.0.tar.gz HTTP/1.1" 200 22006 "http://t.co/shglpNK51h" "Mozilla/5.0 (Linux; Android 5.0; SM-N9005 Build/LRX21V) AppleWebKit/537.36 (KHTML, like Gecko) Chrome/45.0.2454.94 Mobile Safari/537.36"
87.147.47.162 - - [27/Sep/2015:18:30:12 +0000] "GET /projects/vramsteg.html HTTP/1.1" 200 1997 "-" "Mozilla/5.0 (Windows NT 6.1; WOW64) AppleWebKit/537.36 (KHTML, like Gecko) Chrome/42.0.2311.135 Safari/537.36"
87.147.47.162 - - [27/Sep/2015:18:30:13 +0000] "GET /bootstrap/css/bootstrap.min.css HTTP/1.1" 200 17588 "-" "Mozilla/5.0 (Windows NT 6.1; WOW64) AppleWebKit/537.36 (KHTML, like Gecko) Chrome/42.0.2311.135 Safari/537.36"
87.147.47.162 - - [27/Sep/2015:18:30:13 +0000] "GET /favicon.ico HTTP/1.1" 200 1714 "-" "Mozilla/5.0 (Windows NT 6.1; WOW64) AppleWebKit/537.36 (KHTML, like Gecko) Chrome/42.0.2311.135 Safari/537.36"
87.147.47.162 - - [27/Sep/2015:18:30:13 +0000] "GET /projects/vramsteg.png HTTP/1.1" 200 69768 "-" "Mozilla/5.0 (Windows NT 6.1; WOW64) AppleWebKit/537.36 (KHTML, like Gecko) Chrome/42.0.2311.135 Safari/537.36"
188.120.208.7 - - [27/Sep/2015:18:32:05 +0000] "GET /download/vramsteg-1.1.0.tar.gz HTTP/1.1" 200 12839 "-" "Mozilla/5.0 (Android; Mobile; rv:40.0) Gecko/40.0 Firefox/40.0"
188.120.208.7 - - [27/Sep/2015:18:32:21 +0000] "GET /download/clog-1.2.0.tar.gz HTTP/1.1" 200 22006 "-" "Mozilla/5.0 (Android; Mobile; rv:40.0) Gecko/40.0 Firefox/40.0"
199.16.156.124 - - [27/Sep/2015:18:35:29 +0000] "GET /robots.txt HTTP/1.1" 404 445 "-" "Twitterbot/1.0"
199.16.156.124 - - [27/Sep/2015:18:35:29 +0000] "GET /download/vramsteg-1.1.0.tar.gz HTTP/1.1" 200 12783 "-" "Twitterbot/1.0"
208.94.145.109 - - [27/Sep/2015:18:36:41 +0000] "HEAD /download/clog-1.2.0.tar.gz HTTP/1.1" 200 248 "http://longurl.org" "LongURL API"
208.94.145.109 - - [27/Sep/2015:18:39:45 +0000] "HEAD /download/vramsteg-1.1.0.tar.gz HTTP/1.1" 200 248 "http://longurl.org" "LongURL API"
208.94.145.109 - - [27/Sep/2015:18:39:46 +0000] "HEAD /download/clog-1.2.0.tar.gz HTTP/1.1" 200 248 "http://longurl.org" "LongURL API"
87.147.140.218 - - [27/Sep/2015:18:40:29 +0000] "GET /download/vramsteg-1.1.0.tar.gz HTTP/1.1" 200 12839 "-" "Mozilla/5.0 (X11; FreeBSD amd64; rv:40.0) Gecko/20100101 Firefox/40.0"
87.147.140.218 - - [27/Sep/2015:18:40:35 +0000] "GET / HTTP/1.1" 200 3347 "-" "Mozilla/5.0 (X11; FreeBSD amd64; rv:40.0) Gecko/20100101 Firefox/40.0"
87.147.140.218 - - [27/Sep/2015:18:40:36 +0000] "GET /bootstrap/css/bootstrap.min.css HTTP/1.1" 200 17588 "http://tasktools.org/" "Mozilla/5.0 (X11; FreeBSD amd64; rv:40.0) Gecko/20100101 Firefox/40.0"
87.147.140.218 - - [27/Sep/2015:18:40:36 +0000] "GET /bootstrap/js/bootstrap.min.js HTTP/1.1" 200 8019 "http://tasktools.org/" "Mozilla/5.0 (X11; FreeBSD amd64; rv:40.0) Gecko/20100101 Firefox/40.0"
87.147.140.218 - - [27/Sep/2015:18:40:36 +0000] "GET /tw-m.png HTTP/1.1" 200 6860 "http://tasktools.org/" "Mozilla/5.0 (X11; FreeBSD amd64; rv:40.0) Gecko/20100101 Firefox/40.0"
87.147.140.218 - - [27/Sep/2015:18:40:36 +0000] "GET /favicon.ico HTTP/1.1" 200 1713 "-" "Mozilla/5.0 (X11; FreeBSD amd64; rv:40.0) Gecko/20100101 Firefox/40.0"
87.147.140.218 - - [27/Sep/2015:18:40:38 +0000] "GET /favicon.ico HTTP/1.1" 200 1713 "-" "Mozilla/5.0 (X11; FreeBSD amd64; rv:40.0) Gecko/20100101 Firefox/40.0"
87.147.140.218 - - [27/Sep/2015:18:41:09 +0000] "GET /projects/vit.html HTTP/1.1" 200 1826 "http://tasktools.org/" "Mozilla/5.0 (X11; FreeBSD amd64; rv:40.0) Gecko/20100101 Firefox/40.0"
87.147.140.218 - - [27/Sep/2015:18:41:09 +0000] "GET /bootstrap/css/bootstrap.min.css HTTP/1.1" 200 17588 "http://tasktools.org/projects/vit.html" "Mozilla/5.0 (X11; FreeBSD amd64; rv:40.0) Gecko/20100101 Firefox/40.0"
87.147.140.218 - - [27/Sep/2015:18:41:09 +0000] "GET /bootstrap/js/bootstrap.min.js HTTP/1.1" 200 8019 "http://tasktools.org/projects/vit.html" "Mozilla/5.0 (X11; FreeBSD amd64; rv:40.0) Gecko/20100101 Firefox/40.0"
87.147.140.218 - - [27/Sep/2015:18:41:53 +0000] "GET /projects/taskwarrior.html HTTP/1.1" 200 2387 "http://tasktools.org/" "Mozilla/5.0 (X11; FreeBSD amd64; rv:40.0) Gecko/20100101 Firefox/40.0"
87.147.140.218 - - [27/Sep/2015:18:41:53 +0000] "GET /bootstrap/css/bootstrap.min.css HTTP/1.1" 200 17588 "http://tasktools.org/projects/taskwarrior.html" "Mozilla/5.0 (X11; FreeBSD amd64; rv:40.0) Gecko/20100101 Firefox/40.0"
87.147.140.218 - - [27/Sep/2015:18:41:54 +0000] "GET /bootstrap/js/bootstrap.min.js HTTP/1.1" 200 8019 "http://tasktools.org/projects/taskwarrior.html" "Mozilla/5.0 (X11; FreeBSD amd64; rv:40.0) Gecko/20100101 Firefox/40.0"
54.176.137.163 - - [27/Sep/2015:18:56:01 +0000] "HEAD /download/clog-1.2.0.tar.gz HTTP/1.1" 200 304 "-" "Mozilla/5.0 (Macintosh; Intel Mac OS X 10_9_3) AppleWebKit/537.36 (KHTML, like Gecko) Chrome/35.0.1916.153 Safari/537.36"
54.176.17.88 - - [27/Sep/2015:18:56:03 +0000] "HEAD /download/vramsteg-1.1.0.tar.gz HTTP/1.1" 200 304 "-" "Mozilla/5.0 (Macintosh; Intel Mac OS X 10_9_3) AppleWebKit/537.36 (KHTML, like Gecko) Chrome/35.0.1916.153 Safari/537.36"
199.16.156.125 - - [27/Sep/2015:19:07:08 +0000] "GET /robots.txt HTTP/1.1" 404 445 "-" "Twitterbot/1.0"
199.16.156.125 - - [27/Sep/2015:19:07:08 +0000] "GET /download/clog-1.2.0.tar.gz HTTP/1.1" 200 21950 "-" "Twitterbot/1.0"
77.7.142.48 - - [27/Sep/2015:19:10:33 +0000] "GET /download/clog-1.2.0.tar.gz HTTP/1.1" 200 22006 "-" "Mozilla/5.0 (Android 4.4.2; Tablet; rv:41.0) Gecko/41.0 Firefox/41.0"
176.8.91.248 - - [27/Sep/2015:19:16:44 +0000] "GET / HTTP/1.1" 200 11626 "http://live-videochat.ru/" "Mozilla/4.0 (compatible; MSIE 6.0; Windows NT 5.1; ru) Opera 8.01"
176.8.91.248 - - [27/Sep/2015:19:16:45 +0000] "GET / HTTP/1.1" 200 11626 "http://live-videochat.ru/" "Mozilla/4.0 (compatible; MSIE 6.0; Windows NT 5.1; ru) Opera 8.01"
176.8.91.248 - - [27/Sep/2015:19:16:45 +0000] "GET / HTTP/1.1" 200 11626 "http://live-videochat.ru/" "Mozilla/4.0 (compatible; MSIE 6.0; Windows NT 5.1; ru) Opera 8.01"
199.59.148.210 - - [27/Sep/2015:19:19:15 +0000] "GET /robots.txt HTTP/1.1" 404 445 "-" "Twitterbot/1.0"
199.59.148.210 - - [27/Sep/2015:19:19:16 +0000] "GET /download/vramsteg-1.1.0.tar.gz HTTP/1.1" 200 12783 "-" "Twitterbot/1.0"
208.115.113.86 - - [27/Sep/2015:19:23:58 +0000] "GET /robots.txt HTTP/1.1" 404 471 "-" "Mozilla/5.0 (compatible; DotBot/1.1; http://www.opensiteexplorer.org/dotbot, help@moz.com)"
146.90.173.248 - - [27/Sep/2015:19:31:49 +0000] "GET /projects/vit.html HTTP/1.1" 200 1826 "-" "Mozilla/5.0 (Android 5.1.1; Mobile; rv:41.0) Gecko/41.0 Firefox/41.0"
146.90.173.248 - - [27/Sep/2015:19:31:49 +0000] "GET /bootstrap/css/bootstrap.min.css HTTP/1.1" 200 17588 "http://tasktools.org/projects/vit.html" "Mozilla/5.0 (Android 5.1.1; Mobile; rv:41.0) Gecko/41.0 Firefox/41.0"
146.90.173.248 - - [27/Sep/2015:19:31:49 +0000] "GET /bootstrap/js/bootstrap.min.js HTTP/1.1" 200 8018 "http://tasktools.org/projects/vit.html" "Mozilla/5.0 (Android 5.1.1; Mobile; rv:41.0) Gecko/41.0 Firefox/41.0"
146.90.173.248 - - [27/Sep/2015:19:31:51 +0000] "GET /favicon.ico HTTP/1.1" 200 1714 "-" "Mozilla/5.0 (Android 5.1.1; Mobile; rv:41.0) Gecko/41.0 Firefox/41.0"
146.90.173.248 - - [27/Sep/2015:19:32:37 +0000] "GET /about.html HTTP/1.1" 200 1949 "http://tasktools.org/projects/vit.html" "Mozilla/5.0 (Android 5.1.1; Mobile; rv:41.0) Gecko/41.0 Firefox/41.0"
92.143.150.251 - - [27/Sep/2015:19:44:43 +0000] "GET /download/vramsteg-1.1.0.tar.gz HTTP/1.1" 200 12839 "http://t.co/6KIwdEdzxS" "Mozilla/5.0 (iPhone; CPU iPhone OS 9_0_1 like Mac OS X) AppleWebKit/600.1.4 (KHTML, like Gecko) Mobile/13A404 Twitter for iPhone"
92.143.150.251 - - [27/Sep/2015:19:44:43 +0000] "GET /download/vramsteg-1.1.0.tar.gz HTTP/1.1" 200 12839 "-" "Twitter/6.37.2 CFNetwork/758.0.2 Darwin/15.0.0"
199.59.148.210 - - [27/Sep/2015:19:57:38 +0000] "GET /robots.txt HTTP/1.1" 404 445 "-" "Twitterbot/1.0"
199.59.148.210 - - [27/Sep/2015:19:57:38 +0000] "GET /download/clog-1.2.0.tar.gz HTTP/1.1" 200 21950 "-" "Twitterbot/1.0"
199.16.156.125 - - [27/Sep/2015:19:59:42 +0000] "GET /robots.txt HTTP/1.1" 404 445 "-" "Twitterbot/1.0"
199.16.156.125 - - [27/Sep/2015:19:59:42 +0000] "GET /download/vramsteg-1.1.0.tar.gz HTTP/1.1" 200 12783 "-" "Twitterbot/1.0"
98.217.152.192 - - [27/Sep/2015:20:01:10 +0000] "GET / HTTP/1.1" 304 212 "-" "Mozilla/5.0 (Macintosh; Intel Mac OS X 10_11_0) AppleWebKit/537.36 (KHTML, like Gecko) Chrome/45.0.2454.101 Safari/537.36"
86.174.234.221 - - [27/Sep/2015:20:15:09 +0000] "GET /download/clog-1.2.0.tar.gz HTTP/1.1" 200 22006 "http://taskwarrior.org/news/news.20150927.html" "Mozilla/5.0 (Linux; Android 5.1.1; D6503 Build/23.4.A.0.546) AppleWebKit/537.36 (KHTML, like Gecko) Chrome/45.0.2454.94 Mobile Safari/537.36"
86.174.234.221 - - [27/Sep/2015:20:15:10 +0000] "GET /download/clog-1.2.0.tar.gz HTTP/1.1" 200 21969 "http://taskwarrior.org/news/news.20150927.html" "Mozilla/5.0 (Linux; Android 5.1.1; D6503 Build/23.4.A.0.546) AppleWebKit/537.36 (KHTML, like Gecko) Chrome/45.0.2454.94 Mobile Safari/537.36"
86.174.234.221 - - [27/Sep/2015:20:15:54 +0000] "GET /bootstrap/css/bootstrap.min.css HTTP/1.1" 200 17589 "https://www.google.co.uk/" "Mozilla/5.0 (Linux; Android 5.1.1; D6503 Build/23.4.A.0.546) AppleWebKit/537.36 (KHTML, like Gecko) Chrome/45.0.2454.94 Mobile Safari/537.36"
86.174.234.221 - - [27/Sep/2015:20:15:54 +0000] "GET /projects/clog.html HTTP/1.1" 200 2631 "-" "Mozilla/5.0 (Linux; Android 5.1.1; D6503 Build/23.4.A.0.546) AppleWebKit/537.36 (KHTML, like Gecko) Chrome/45.0.2454.94 Mobile Safari/537.36"
86.174.234.221 - - [27/Sep/2015:20:15:55 +0000] "GET /projects/clog/clog-sed.png HTTP/1.1" 200 10547 "http://tasktools.org/projects/clog.html" "Mozilla/5.0 (Linux; Android 5.1.1; D6503 Build/23.4.A.0.546) AppleWebKit/537.36 (KHTML, like Gecko) Chrome/45.0.2454.94 Mobile Safari/537.36"
86.174.234.221 - - [27/Sep/2015:20:15:55 +0000] "GET /bootstrap/js/bootstrap.min.js HTTP/1.1" 200 8019 "http://tasktools.org/projects/clog.html" "Mozilla/5.0 (Linux; Android 5.1.1; D6503 Build/23.4.A.0.546) AppleWebKit/537.36 (KHTML, like Gecko) Chrome/45.0.2454.94 Mobile Safari/537.36"
86.174.234.221 - - [27/Sep/2015:20:15:55 +0000] "GET /projects/clog/clog-nothing.png HTTP/1.1" 200 11907 "http://tasktools.org/projects/clog.html" "Mozilla/5.0 (Linux; Android 5.1.1; D6503 Build/23.4.A.0.546) AppleWebKit/537.36 (KHTML, like Gecko) Chrome/45.0.2454.94 Mobile Safari/537.36"
86.174.234.221 - - [27/Sep/2015:20:15:55 +0000] "GET /projects/clog/clog-rule.png HTTP/1.1" 200 11504 "http://tasktools.org/projects/clog.html" "Mozilla/5.0 (Linux; Android 5.1.1; D6503 Build/23.4.A.0.546) AppleWebKit/537.36 (KHTML, like Gecko) Chrome/45.0.2454.94 Mobile Safari/537.36"
86.174.234.221 - - [27/Sep/2015:20:15:55 +0000] "GET /projects/clog/clog-hamlet.png HTTP/1.1" 200 107927 "http://tasktools.org/projects/clog.html" "Mozilla/5.0 (Linux; Android 5.1.1; D6503 Build/23.4.A.0.546) AppleWebKit/537.36 (KHTML, like Gecko) Chrome/45.0.2454.94 Mobile Safari/537.36"
86.174.234.221 - - [27/Sep/2015:20:15:55 +0000] "GET /projects/clog/clog-rule2.png HTTP/1.1" 200 12531 "http://tasktools.org/projects/clog.html" "Mozilla/5.0 (Linux; Android 5.1.1; D6503 Build/23.4.A.0.546) AppleWebKit/537.36 (KHTML, like Gecko) Chrome/45.0.2454.94 Mobile Safari/537.36"
86.174.234.221 - - [27/Sep/2015:20:15:55 +0000] "GET /projects/clog/clog-rule3.png HTTP/1.1" 200 12352 "http://tasktools.org/projects/clog.html" "Mozilla/5.0 (Linux; Android 5.1.1; D6503 Build/23.4.A.0.546) AppleWebKit/537.36 (KHTML, like Gecko) Chrome/45.0.2454.94 Mobile Safari/537.36"
86.174.234.221 - - [27/Sep/2015:20:15:55 +0000] "GET /projects/clog/clog-timestamp.png HTTP/1.1" 200 94240 "http://tasktools.org/projects/clog.html" "Mozilla/5.0 (Linux; Android 5.1.1; D6503 Build/23.4.A.0.546) AppleWebKit/537.36 (KHTML, like Gecko) Chrome/45.0.2454.94 Mobile Safari/537.36"
86.174.234.221 - - [27/Sep/2015:20:15:55 +0000] "GET /projects/clog/clog-rule123.png HTTP/1.1" 200 63873 "http://tasktools.org/projects/clog.html" "Mozilla/5.0 (Linux; Android 5.1.1; D6503 Build/23.4.A.0.546) AppleWebKit/537.36 (KHTML, like Gecko) Chrome/45.0.2454.94 Mobile Safari/537.36"
86.174.234.221 - - [27/Sep/2015:20:15:55 +0000] "GET /projects/clog/clog-regex.png HTTP/1.1" 200 17162 "http://tasktools.org/projects/clog.html" "Mozilla/5.0 (Linux; Android 5.1.1; D6503 Build/23.4.A.0.546) AppleWebKit/537.36 (KHTML, like Gecko) Chrome/45.0.2454.94 Mobile Safari/537.36"
