79.168.110.243 - - [26/Apr/2015:17:39:34 +0000] "GET /tw-m.png HTTP/1.1" 304 189 "http://central.tasktools.org/task-2.4.4.html" "Mozilla/5.0 (X11; Linux x86_64) AppleWebKit/537.36 (KHTML, like Gecko) Chrome/42.0.2311.90 Safari/537.36"
66.249.75.18 - - [26/Apr/2015:17:53:16 +0000] "GET /rfcs/gitweb/gitweb.cgi?p=rfc.git;a=blob_plain;f=rfc34-uda.txt;hb=HEAD HTTP/1.1" 404 508 "-" "Mozilla/5.0 (compatible; Googlebot/2.1; +http://www.google.com/bot.html)"
79.168.110.243 - - [26/Apr/2015:18:00:47 +0000] "GET /tw-m.png HTTP/1.1" 200 6861 "http://central.tasktools.org/" "Mozilla/5.0 (X11; Linux x86_64) AppleWebKit/537.36 (KHTML, like Gecko) Chrome/42.0.2311.90 Safari/537.36"
92.140.65.47 - - [26/Apr/2015:18:06:08 +0000] "GET / HTTP/1.1" 200 3524 "https://www.google.fr/" "Mozilla/5.0 (iPhone; CPU iPhone OS 8_3 like Mac OS X) AppleWebKit/600.1.4 (KHTML, like Gecko) Version/8.0 Mobile/12F70 Safari/600.1.4"
92.140.65.47 - - [26/Apr/2015:18:06:08 +0000] "GET /bootstrap/css/bootstrap.min.css HTTP/1.1" 200 17588 "http://tasktools.org/" "Mozilla/5.0 (iPhone; CPU iPhone OS 8_3 like Mac OS X) AppleWebKit/600.1.4 (KHTML, like Gecko) Version/8.0 Mobile/12F70 Safari/600.1.4"
92.140.65.47 - - [26/Apr/2015:18:06:08 +0000] "GET /tw-m.png HTTP/1.1" 200 6861 "http://tasktools.org/" "Mozilla/5.0 (iPhone; CPU iPhone OS 8_3 like Mac OS X) AppleWebKit/600.1.4 (KHTML, like Gecko) Version/8.0 Mobile/12F70 Safari/600.1.4"
92.140.65.47 - - [26/Apr/2015:18:06:08 +0000] "GET /bootstrap/js/bootstrap.min.js HTTP/1.1" 200 8019 "http://tasktools.org/" "Mozilla/5.0 (iPhone; CPU iPhone OS 8_3 like Mac OS X) AppleWebKit/600.1.4 (KHTML, like Gecko) Version/8.0 Mobile/12F70 Safari/600.1.4"
207.46.13.27 - - [26/Apr/2015:18:23:03 +0000] "GET /about.html HTTP/1.1" 200 2019 "-" "Mozilla/5.0 (compatible; bingbot/2.0; +http://www.bing.com/bingbot.htm)"
123.125.71.79 - - [26/Apr/2015:18:28:51 +0000] "GET /projects/vramsteg.html HTTP/1.1" 200 2025 "-" "Mozilla/5.0 (compatible; Baiduspider/2.0; +http://www.baidu.com/search/spider.html)"
176.9.113.45 - - [26/Apr/2015:18:38:51 +0000] "GET / HTTP/1.0" 200 12565 "-" "Mozilla/4.0 (compatible; MSIE 6.0; Windows NT 5.1)"
220.181.108.145 - - [26/Apr/2015:18:41:32 +0000] "GET /bootstrap/js/bootstrap.min.js HTTP/1.1" 200 29372 "http://tasktools.org/projects/vramsteg.html" "Mozilla/5.0 (compatible; Baiduspider/2.0; +http://www.baidu.com/search/spider.html)"
220.181.108.172 - - [26/Apr/2015:18:41:27 +0000] "GET /bootstrap/css/bootstrap.min.css HTTP/1.1" 200 101858 "http://tasktools.org/projects/vramsteg.html" "Mozilla/5.0 (compatible; Baiduspider/2.0; +http://www.baidu.com/search/spider.html)"
64.185.154.205 - - [26/Apr/2015:18:44:46 +0000] "GET /talks/index.html HTTP/1.1" 200 1729 "http://tasktools.org/projects/taskwarrior.html" "Mozilla/5.0 (Macintosh; Intel Mac OS X 10_10_3) AppleWebKit/537.36 (KHTML, like Gecko) Chrome/42.0.2311.90 Safari/537.36"
64.185.154.205 - - [26/Apr/2015:18:44:47 +0000] "GET /rfcs/index.html HTTP/1.1" 200 2026 "http://tasktools.org/projects/taskwarrior.html" "Mozilla/5.0 (Macintosh; Intel Mac OS X 10_10_3) AppleWebKit/537.36 (KHTML, like Gecko) Chrome/42.0.2311.90 Safari/537.36"
64.185.154.205 - - [26/Apr/2015:18:45:22 +0000] "GET /latest HTTP/1.1" 200 269 "http://tasktools.org/projects/taskwarrior.html" "Mozilla/5.0 (Macintosh; Intel Mac OS X 10_10_3) AppleWebKit/537.36 (KHTML, like Gecko) Chrome/42.0.2311.90 Safari/537.36"
98.217.152.192 - - [26/Apr/2015:18:46:21 +0000] "GET /tw-m.png HTTP/1.1" 304 189 "http://central.tasktools.org/task-2.4.4.html" "Mozilla/5.0 (Macintosh; Intel Mac OS X 10_10_4) AppleWebKit/537.36 (KHTML, like Gecko) Chrome/42.0.2311.90 Safari/537.36"
98.217.152.192 - - [26/Apr/2015:18:46:33 +0000] "GET /tw-m.png HTTP/1.1" 304 189 "http://central.tasktools.org/taskd-1.1.0.html" "Mozilla/5.0 (Macintosh; Intel Mac OS X 10_10_4) AppleWebKit/537.36 (KHTML, like Gecko) Chrome/42.0.2311.90 Safari/537.36"
98.217.152.192 - - [26/Apr/2015:18:47:29 +0000] "GET /tw-m.png HTTP/1.1" 304 189 "http://central.tasktools.org/taskd-1.1.0.html" "Mozilla/5.0 (Macintosh; Intel Mac OS X 10_10_4) AppleWebKit/537.36 (KHTML, like Gecko) Chrome/42.0.2311.90 Safari/537.36"
64.185.154.205 - - [26/Apr/2015:18:50:16 +0000] "GET /piwik/piwik.js HTTP/1.1" 404 502 "http://flod.us/" "Mozilla/5.0 (Macintosh; Intel Mac OS X 10_10_3) AppleWebKit/537.36 (KHTML, like Gecko) Chrome/42.0.2311.90 Safari/537.36"
92.140.65.47 - - [26/Apr/2015:18:52:24 +0000] "GET /projects/tasksh.html HTTP/1.1" 200 2024 "http://tasktools.org/" "Mozilla/5.0 (iPhone; CPU iPhone OS 8_3 like Mac OS X) AppleWebKit/600.1.4 (KHTML, like Gecko) Version/8.0 Mobile/12F70 Safari/600.1.4"
92.140.65.47 - - [26/Apr/2015:18:52:42 +0000] "GET /bootstrap/fonts/glyphicons-halflings-regular.woff HTTP/1.1" 200 23601 "http://tasktools.org/projects/tasksh.html" "Mozilla/5.0 (iPhone; CPU iPhone OS 8_3 like Mac OS X) AppleWebKit/600.1.4 (KHTML, like Gecko) Version/8.0 Mobile/12F70 Safari/600.1.4"
92.140.65.47 - - [26/Apr/2015:18:52:44 +0000] "GET /about.html HTTP/1.1" 200 2018 "http://tasktools.org/projects/tasksh.html" "Mozilla/5.0 (iPhone; CPU iPhone OS 8_3 like Mac OS X) AppleWebKit/600.1.4 (KHTML, like Gecko) Version/8.0 Mobile/12F70 Safari/600.1.4"
92.140.65.47 - - [26/Apr/2015:18:53:10 +0000] "GET /index.html HTTP/1.1" 200 3524 "http://tasktools.org/projects/tasksh.html" "Mozilla/5.0 (iPhone; CPU iPhone OS 8_3 like Mac OS X) AppleWebKit/600.1.4 (KHTML, like Gecko) Version/8.0 Mobile/12F70 Safari/600.1.4"
92.140.65.47 - - [26/Apr/2015:18:53:17 +0000] "GET /projects/vit.html HTTP/1.1" 200 1896 "http://tasktools.org/index.html" "Mozilla/5.0 (iPhone; CPU iPhone OS 8_3 like Mac OS X) AppleWebKit/600.1.4 (KHTML, like Gecko) Version/8.0 Mobile/12F70 Safari/600.1.4"
98.217.152.192 - - [26/Apr/2015:18:55:57 +0000] "GET /tw-m.png HTTP/1.1" 304 189 "http://central.tasktools.org/taskd-1.1.0.html" "Mozilla/5.0 (Macintosh; Intel Mac OS X 10_10_4) AppleWebKit/537.36 (KHTML, like Gecko) Chrome/42.0.2311.90 Safari/537.36"
100.43.90.9 - - [26/Apr/2015:19:02:36 +0000] "GET /robots.txt HTTP/1.1" 404 527 "-" "Mozilla/5.0 (compatible; YandexBot/3.0; +http://yandex.com/bots)"
100.43.90.12 - - [26/Apr/2015:19:02:40 +0000] "GET /license.html HTTP/1.1" 200 2197 "-" "Mozilla/5.0 (compatible; YandexBot/3.0; +http://yandex.com/bots)"
46.237.215.144 - - [26/Apr/2015:19:17:29 +0000] "GET /piwik/piwik.js HTTP/1.1" 404 502 "http://flod.us/index2.html" "Mozilla/5.0 (X11; Linux x86_64) AppleWebKit/537.36 (KHTML, like Gecko) Chrome/42.0.2311.90 Safari/537.36"
46.237.215.144 - - [26/Apr/2015:19:17:39 +0000] "GET /piwik/piwik.js HTTP/1.1" 404 502 "http://flod.us/install.html" "Mozilla/5.0 (X11; Linux x86_64) AppleWebKit/537.36 (KHTML, like Gecko) Chrome/42.0.2311.90 Safari/537.36"
46.237.215.144 - - [26/Apr/2015:19:17:51 +0000] "GET /piwik/piwik.js HTTP/1.1" 404 502 "http://flod.us/index.html" "Mozilla/5.0 (X11; Linux x86_64) AppleWebKit/537.36 (KHTML, like Gecko) Chrome/42.0.2311.90 Safari/537.36"
46.237.215.144 - - [26/Apr/2015:19:18:06 +0000] "GET /piwik/piwik.js HTTP/1.1" 404 502 "http://holidata.net/" "Mozilla/5.0 (X11; Linux x86_64) AppleWebKit/537.36 (KHTML, like Gecko) Chrome/42.0.2311.90 Safari/537.36"
66.249.75.34 - - [26/Apr/2015:19:26:53 +0000] "GET /tw-m.png HTTP/1.1" 304 189 "-" "Googlebot-Image/1.0"
66.249.75.34 - - [26/Apr/2015:19:27:51 +0000] "GET /gitweb/?p=task.git;a=blob;f=doc/rc/dark-256.theme;h=ae5a60116832a07a6c2f88b9197f5c700d11045f;hb=HEAD HTTP/1.1" 404 500 "-" "Mozilla/5.0 (compatible; Googlebot/2.1; +http://www.google.com/bot.html)"
207.46.13.27 - - [26/Apr/2015:19:29:57 +0000] "GET /index.html HTTP/1.1" 200 3524 "-" "Mozilla/5.0 (compatible; bingbot/2.0; +http://www.bing.com/bingbot.htm)"
157.55.39.203 - - [26/Apr/2015:19:38:07 +0000] "GET /projects/taskwarrior.html HTTP/1.1" 200 2450 "-" "Mozilla/5.0 (compatible; bingbot/2.0; +http://www.bing.com/bingbot.htm)"
157.55.39.203 - - [26/Apr/2015:19:42:01 +0000] "GET /robots.txt HTTP/1.1" 404 527 "-" "Mozilla/5.0 (compatible; bingbot/2.0; +http://www.bing.com/bingbot.htm)"
157.55.39.204 - - [26/Apr/2015:19:43:42 +0000] "GET /tinderbox HTTP/1.1" 404 501 "-" "Mozilla/5.0 (compatible; bingbot/2.0; +http://www.bing.com/bingbot.htm)"
157.55.39.198 - - [26/Apr/2015:19:46:48 +0000] "GET /projects/taskd.html HTTP/1.1" 200 1995 "-" "Mozilla/5.0 (compatible; bingbot/2.0; +http://www.bing.com/bingbot.htm)"
157.55.39.25 - - [26/Apr/2015:19:49:11 +0000] "GET /projects/vitapi.html HTTP/1.1" 200 2051 "-" "Mozilla/5.0 (compatible; bingbot/2.0; +http://www.bing.com/bingbot.htm)"
123.125.71.17 - - [26/Apr/2015:19:55:35 +0000] "GET / HTTP/1.1" 200 3487 "-" "Mozilla/5.0 (compatible; Baiduspider/2.0; +http://www.baidu.com/search/spider.html)"
188.165.15.41 - - [26/Apr/2015:20:03:56 +0000] "GET /talks/index.html HTTP/1.1" 200 1673 "-" "Mozilla/5.0 (compatible; AhrefsBot/5.0; +http://ahrefs.com/robot/)"
185.70.185.32 - - [26/Apr/2015:20:07:15 +0000] "GET / HTTP/1.1" 200 12565 "-" "Mozilla/4.0 (compatible; MSIE 5.0; Windows NT; DigExt; DTS Agent"
92.203.29.84 - - [26/Apr/2015:20:16:36 +0000] "GET /projects/taskd.html HTTP/1.1" 200 1995 "-" "Mozilla/5.0 (Macintosh; Intel Mac OS X 10_10_3) AppleWebKit/600.5.17 (KHTML, like Gecko) Version/8.0.5 Safari/600.5.17"
92.203.29.84 - - [26/Apr/2015:20:16:36 +0000] "GET /bootstrap/css/bootstrap.min.css HTTP/1.1" 200 17588 "http://tasktools.org/projects/taskd.html" "Mozilla/5.0 (Macintosh; Intel Mac OS X 10_10_3) AppleWebKit/600.5.17 (KHTML, like Gecko) Version/8.0.5 Safari/600.5.17"
92.203.29.84 - - [26/Apr/2015:20:16:37 +0000] "GET /bootstrap/js/bootstrap.min.js HTTP/1.1" 200 8019 "http://tasktools.org/projects/taskd.html" "Mozilla/5.0 (Macintosh; Intel Mac OS X 10_10_3) AppleWebKit/600.5.17 (KHTML, like Gecko) Version/8.0.5 Safari/600.5.17"
92.203.29.84 - - [26/Apr/2015:20:16:37 +0000] "GET /bootstrap/fonts/glyphicons-halflings-regular.woff HTTP/1.1" 200 23600 "http://tasktools.org/projects/taskd.html" "Mozilla/5.0 (Macintosh; Intel Mac OS X 10_10_3) AppleWebKit/600.5.17 (KHTML, like Gecko) Version/8.0.5 Safari/600.5.17"
92.203.29.84 - - [26/Apr/2015:20:16:40 +0000] "GET /favicon.ico HTTP/1.1" 200 1714 "http://tasktools.org/projects/taskd.html" "Mozilla/5.0 (Macintosh; Intel Mac OS X 10_10_3) AppleWebKit/600.5.17 (KHTML, like Gecko) Version/8.0.5 Safari/600.5.17"
66.249.75.18 - - [26/Apr/2015:20:20:49 +0000] "GET /robots.txt HTTP/1.1" 404 501 "-" "Mozilla/5.0 (compatible; Googlebot/2.1; +http://www.google.com/bot.html)"
66.249.75.18 - - [26/Apr/2015:20:20:49 +0000] "GET /rfcs/gitweb/gitweb.cgi?p=rfc.git;a=blob_plain;f=rfc27-dependencies.txt;hb=HEAD HTTP/1.1" 404 507 "-" "Mozilla/5.0 (compatible; Googlebot/2.1; +http://www.google.com/bot.html)"
66.249.75.26 - - [26/Apr/2015:20:37:07 +0000] "GET /projects/vramsteg.html HTTP/1.1" 304 212 "-" "Mozilla/5.0 (iPhone; CPU iPhone OS 6_0 like Mac OS X) AppleWebKit/536.26 (KHTML, like Gecko) Version/6.0 Mobile/10A5376e Safari/8536.25 (compatible; Googlebot/2.1; +http://www.google.com/bot.html)"
199.59.148.211 - - [26/Apr/2015:20:47:44 +0000] "GET /robots.txt HTTP/1.1" 404 445 "-" "Twitterbot/1.0"
199.59.148.211 - - [26/Apr/2015:20:47:45 +0000] "GET /tinderbox/taskwarrior.html HTTP/1.1" 404 452 "-" "Twitterbot/1.0"
207.46.13.27 - - [26/Apr/2015:20:55:15 +0000] "GET /projects/clog.html HTTP/1.1" 200 2700 "-" "Mozilla/5.0 (compatible; bingbot/2.0; +http://www.bing.com/bingbot.htm)"
95.222.26.112 - - [26/Apr/2015:20:59:20 +0000] "GET / HTTP/1.1" 200 3524 "http://www.google.de/url?sa=t&rct=j&q=&esrc=s&source=web&cd=5&ved=0CEMQFjAE&url=http%3A%2F%2Ftasktools.org%2F&ei=F1I9VeDKAtHTaNONgLgP&usg=AFQjCNH2M4xPDpU4w3v_YmB86KePKqZZWA&sig2=yNL2ctsb-oD4BH5KmxDa5g&bvm=bv.91665533,d.d2s&cad=rja" "Mozilla/5.0 (X11; Linux x86_64; rv:37.0) Gecko/20100101 Firefox/37.0"
95.222.26.112 - - [26/Apr/2015:20:59:21 +0000] "GET /bootstrap/css/bootstrap.min.css HTTP/1.1" 200 17588 "http://tasktools.org/" "Mozilla/5.0 (X11; Linux x86_64; rv:37.0) Gecko/20100101 Firefox/37.0"
95.222.26.112 - - [26/Apr/2015:20:59:21 +0000] "GET /favicon.ico HTTP/1.1" 200 1714 "-" "Mozilla/5.0 (X11; Linux x86_64; rv:37.0) Gecko/20100101 Firefox/37.0"
95.222.26.112 - - [26/Apr/2015:20:59:21 +0000] "GET /bootstrap/js/bootstrap.min.js HTTP/1.1" 200 8019 "http://tasktools.org/" "Mozilla/5.0 (X11; Linux x86_64; rv:37.0) Gecko/20100101 Firefox/37.0"
95.222.26.112 - - [26/Apr/2015:20:59:21 +0000] "GET /tw-m.png HTTP/1.1" 200 6861 "http://tasktools.org/" "Mozilla/5.0 (X11; Linux x86_64; rv:37.0) Gecko/20100101 Firefox/37.0"
95.222.26.112 - - [26/Apr/2015:20:59:21 +0000] "GET /bootstrap/fonts/glyphicons-halflings-regular.woff HTTP/1.1" 200 23600 "http://tasktools.org/bootstrap/css/bootstrap.min.css" "Mozilla/5.0 (X11; Linux x86_64; rv:37.0) Gecko/20100101 Firefox/37.0"
109.190.126.62 - - [26/Apr/2015:21:09:39 +0000] "GET /projects/taskd.html HTTP/1.1" 200 1995 "https://duckduckgo.com/" "Mozilla/5.0 (Macintosh; Intel Mac OS X 10_10_3) AppleWebKit/537.36 (KHTML, like Gecko) Chrome/41.0.2272.118 Safari/537.36"
109.190.126.62 - - [26/Apr/2015:21:09:40 +0000] "GET /bootstrap/css/bootstrap.min.css HTTP/1.1" 200 17588 "http://tasktools.org/projects/taskd.html" "Mozilla/5.0 (Macintosh; Intel Mac OS X 10_10_3) AppleWebKit/537.36 (KHTML, like Gecko) Chrome/41.0.2272.118 Safari/537.36"
109.190.126.62 - - [26/Apr/2015:21:09:40 +0000] "GET /bootstrap/js/bootstrap.min.js HTTP/1.1" 200 8019 "http://tasktools.org/projects/taskd.html" "Mozilla/5.0 (Macintosh; Intel Mac OS X 10_10_3) AppleWebKit/537.36 (KHTML, like Gecko) Chrome/41.0.2272.118 Safari/537.36"
109.190.126.62 - - [26/Apr/2015:21:09:40 +0000] "GET /bootstrap/fonts/glyphicons-halflings-regular.woff HTTP/1.1" 200 23600 "http://tasktools.org/bootstrap/css/bootstrap.min.css" "Mozilla/5.0 (Macintosh; Intel Mac OS X 10_10_3) AppleWebKit/537.36 (KHTML, like Gecko) Chrome/41.0.2272.118 Safari/537.36"
66.249.75.26 - - [26/Apr/2015:21:31:06 +0000] "GET /gitweb/?p=task.git;a=commit;h=02116a9a934b831b52a6a62f06d7650f048e8761 HTTP/1.1" 404 500 "-" "Mozilla/5.0 (compatible; Googlebot/2.1; +http://www.google.com/bot.html)"
66.249.75.26 - - [26/Apr/2015:21:38:14 +0000] "GET / HTTP/1.1" 200 3524 "-" "Mozilla/5.0 (compatible; Googlebot/2.1; +http://www.google.com/bot.html)"
66.249.75.34 - - [26/Apr/2015:21:51:37 +0000] "GET /rfcs/gitweb/gitweb.cgi?p=rfc.git;a=blob_plain;f=rfc8-special-tags.txt;hb=HEAD HTTP/1.1" 404 508 "-" "Mozilla/5.0 (compatible; Googlebot/2.1; +http://www.google.com/bot.html)"
157.55.39.203 - - [26/Apr/2015:21:58:13 +0000] "GET /projects/vramsteg.html HTTP/1.1" 200 2062 "-" "Mozilla/5.0 (compatible; bingbot/2.0; +http://www.bing.com/bingbot.htm)"
129.27.3.93 - - [26/Apr/2015:22:18:42 +0000] "GET /projects/anomaly.html HTTP/1.1" 200 9189 "-" "Mozilla/5.0 (X11; Linux x86_64; rv:10.0.4) Gecko/20100101 Firefox/10.0.4 Iceweasel/10.0.4"
98.217.152.192 - - [26/Apr/2015:22:21:16 +0000] "GET /tw-m.png HTTP/1.1" 304 189 "http://central.tasktools.org/taskd-1.1.0.html" "Mozilla/5.0 (Macintosh; Intel Mac OS X 10_10_4) AppleWebKit/537.36 (KHTML, like Gecko) Chrome/42.0.2311.90 Safari/537.36"
182.118.22.204 - - [26/Apr/2015:22:22:39 +0000] "GET / HTTP/1.1" 200 3524 "http://www.tasktools.org/" "Mozilla/5.0 (compatible; MSIE 9.0; Windows NT 6.1; Trident/5.0); 360Spider(compatible; HaosouSpider; http://www.haosou.com/help/help_3_2.html)"
101.226.166.205 - - [26/Apr/2015:22:31:43 +0000] "GET / HTTP/1.1" 200 3524 "http://tasktools.org/" "Mozilla/5.0 (Windows NT 6.1) AppleWebKit/537.1 (KHTML, like Gecko) Chrome/21.0.1180.89 Safari/537.1; 360Spider(compatible; HaosouSpider; http://www.haosou.com/help/help_3_2.html)"
66.249.83.188 - - [26/Apr/2015:22:38:16 +0000] "GET / HTTP/1.1" 200 3524 "-" "Mozilla/5.0 (Windows NT 6.1; rv:6.0) Gecko/20110814 Firefox/6.0 Google favicon"
66.249.83.194 - - [26/Apr/2015:22:38:16 +0000] "GET /favicon.ico HTTP/1.1" 200 1714 "-" "Mozilla/5.0 (Windows NT 6.1; rv:6.0) Gecko/20110814 Firefox/6.0 Google favicon"
157.55.39.25 - - [26/Apr/2015:22:58:59 +0000] "GET /projects/anomaly.html HTTP/1.1" 200 3393 "-" "Mozilla/5.0 (compatible; bingbot/2.0; +http://www.bing.com/bingbot.htm)"
95.237.1.115 - - [26/Apr/2015:23:04:01 +0000] "GET / HTTP/1.1" 200 3524 "http://best-seo-offer.com/try.php?u=http://tasktools.org" "Mozilla/5.0 (Windows NT 6.1; WOW64) AppleWebKit/537.36 (KHTML, like Gecko) Chrome/36.0.1985.143 Safari/537.36"
95.237.1.115 - - [26/Apr/2015:23:04:01 +0000] "GET /bootstrap/css/bootstrap.min.css HTTP/1.1" 200 17588 "http://tasktools.org/" "Mozilla/5.0 (Windows NT 6.1; WOW64) AppleWebKit/537.36 (KHTML, like Gecko) Chrome/36.0.1985.143 Safari/537.36"
95.237.1.115 - - [26/Apr/2015:23:04:01 +0000] "GET /bootstrap/js/bootstrap.min.js HTTP/1.1" 200 8019 "http://tasktools.org/" "Mozilla/5.0 (Windows NT 6.1; WOW64) AppleWebKit/537.36 (KHTML, like Gecko) Chrome/36.0.1985.143 Safari/537.36"
95.237.1.115 - - [26/Apr/2015:23:04:01 +0000] "GET /tw-m.png HTTP/1.1" 200 6861 "http://tasktools.org/" "Mozilla/5.0 (Windows NT 6.1; WOW64) AppleWebKit/537.36 (KHTML, like Gecko) Chrome/36.0.1985.143 Safari/537.36"
129.27.3.93 - - [26/Apr/2015:23:12:32 +0000] "GET /projects/clog.html HTTP/1.1" 200 7744 "-" "Mozilla/5.0 (X11; Linux x86_64; rv:10.0.4) Gecko/20100101 Firefox/10.0.4 Iceweasel/10.0.4"
66.249.75.26 - - [26/Apr/2015:23:26:13 +0000] "GET /rfcs/gitweb/gitweb.cgi?p=rfc.git;a=blob_plain;f=rfc33-projects-as-tasks.txt;hb=HEAD HTTP/1.1" 404 508 "-" "Mozilla/5.0 (compatible; Googlebot/2.1; +http://www.google.com/bot.html)"
188.81.70.173 - - [26/Apr/2015:23:45:00 +0000] "GET /projects/vit.html HTTP/1.1" 200 1896 "http://taskwarrior.org/docs/tutorials/start.html" "Mozilla/5.0 (Windows NT 6.3; WOW64; rv:31.0) Gecko/20100101 Firefox/31.0"
188.81.70.173 - - [26/Apr/2015:23:45:00 +0000] "GET /bootstrap/css/bootstrap.min.css HTTP/1.1" 200 17588 "http://tasktools.org/projects/vit.html" "Mozilla/5.0 (Windows NT 6.3; WOW64; rv:31.0) Gecko/20100101 Firefox/31.0"
188.81.70.173 - - [26/Apr/2015:23:45:01 +0000] "GET /favicon.ico HTTP/1.1" 200 1714 "-" "Mozilla/5.0 (Windows NT 6.3; WOW64; rv:31.0) Gecko/20100101 Firefox/31.0"
188.81.70.173 - - [26/Apr/2015:23:45:01 +0000] "GET /bootstrap/js/bootstrap.min.js HTTP/1.1" 200 8019 "http://tasktools.org/projects/vit.html" "Mozilla/5.0 (Windows NT 6.3; WOW64; rv:31.0) Gecko/20100101 Firefox/31.0"
188.81.70.173 - - [26/Apr/2015:23:45:01 +0000] "GET /bootstrap/fonts/glyphicons-halflings-regular.woff HTTP/1.1" 200 23600 "http://tasktools.org/bootstrap/css/bootstrap.min.css" "Mozilla/5.0 (Windows NT 6.3; WOW64; rv:31.0) Gecko/20100101 Firefox/31.0"
67.70.16.97 - - [26/Apr/2015:23:47:58 +0000] "GET /projects/taskd.html HTTP/1.1" 200 1995 "-" "Mozilla/5.0 (X11; Linux armv7l; rv:31.0) Gecko/20100101 Firefox/31.0 Iceweasel/31.6.0"
67.70.16.97 - - [26/Apr/2015:23:47:58 +0000] "GET /bootstrap/css/bootstrap.min.css HTTP/1.1" 200 17588 "http://tasktools.org/projects/taskd.html" "Mozilla/5.0 (X11; Linux armv7l; rv:31.0) Gecko/20100101 Firefox/31.0 Iceweasel/31.6.0"
67.70.16.97 - - [26/Apr/2015:23:47:58 +0000] "GET /bootstrap/js/bootstrap.min.js HTTP/1.1" 200 8018 "http://tasktools.org/projects/taskd.html" "Mozilla/5.0 (X11; Linux armv7l; rv:31.0) Gecko/20100101 Firefox/31.0 Iceweasel/31.6.0"
67.70.16.97 - - [26/Apr/2015:23:47:58 +0000] "GET /favicon.ico HTTP/1.1" 200 1713 "-" "Mozilla/5.0 (X11; Linux armv7l; rv:31.0) Gecko/20100101 Firefox/31.0 Iceweasel/31.6.0"
67.70.16.97 - - [26/Apr/2015:23:47:58 +0000] "GET /bootstrap/fonts/glyphicons-halflings-regular.woff HTTP/1.1" 200 23600 "http://tasktools.org/bootstrap/css/bootstrap.min.css" "Mozilla/5.0 (X11; Linux armv7l; rv:31.0) Gecko/20100101 Firefox/31.0 Iceweasel/31.6.0"
101.226.166.224 - - [27/Apr/2015:00:08:40 +0000] "GET /robots.txt HTTP/1.1" 404 501 "http://tasktools.org/robots.txt" "Mozilla/5.0 (Windows NT 6.1) AppleWebKit/537.1 (KHTML, like Gecko) Chrome/21.0.1180.89 Safari/537.1; 360Spider(compatible; HaosouSpider; http://www.haosou.com/help/help_3_2.html)"
149.125.52.77 - - [27/Apr/2015:00:19:03 +0000] "GET /projects/vit.html HTTP/1.1" 200 1896 "http://taskwarrior.org/tools/" "Mozilla/5.0 (Macintosh; Intel Mac OS X 10_10_3) AppleWebKit/537.36 (KHTML, like Gecko) Chrome/42.0.2311.90 Safari/537.36"
149.125.52.77 - - [27/Apr/2015:00:19:03 +0000] "GET /bootstrap/css/bootstrap.min.css HTTP/1.1" 200 17588 "http://tasktools.org/projects/vit.html" "Mozilla/5.0 (Macintosh; Intel Mac OS X 10_10_3) AppleWebKit/537.36 (KHTML, like Gecko) Chrome/42.0.2311.90 Safari/537.36"
149.125.52.77 - - [27/Apr/2015:00:19:03 +0000] "GET /bootstrap/js/bootstrap.min.js HTTP/1.1" 200 8019 "http://tasktools.org/projects/vit.html" "Mozilla/5.0 (Macintosh; Intel Mac OS X 10_10_3) AppleWebKit/537.36 (KHTML, like Gecko) Chrome/42.0.2311.90 Safari/537.36"
149.125.52.77 - - [27/Apr/2015:00:19:03 +0000] "GET /bootstrap/fonts/glyphicons-halflings-regular.woff HTTP/1.1" 200 23600 "http://tasktools.org/bootstrap/css/bootstrap.min.css" "Mozilla/5.0 (Macintosh; Intel Mac OS X 10_10_3) AppleWebKit/537.36 (KHTML, like Gecko) Chrome/42.0.2311.90 Safari/537.36"
149.125.52.77 - - [27/Apr/2015:00:19:03 +0000] "GET /favicon.ico HTTP/1.1" 200 1713 "http://tasktools.org/projects/vit.html" "Mozilla/5.0 (Macintosh; Intel Mac OS X 10_10_3) AppleWebKit/537.36 (KHTML, like Gecko) Chrome/42.0.2311.90 Safari/537.36"
66.249.75.18 - - [27/Apr/2015:00:34:17 +0000] "GET /rfcs/gitweb/gitweb.cgi?p=rfc.git;a=blob_plain;f=rfc4-grid.txt;hb=HEAD HTTP/1.1" 404 508 "-" "Mozilla/5.0 (compatible; Googlebot/2.1; +http://www.google.com/bot.html)"
24.21.97.218 - - [27/Apr/2015:00:52:32 +0000] "GET /gitweb/?p=task.git;a=blob_plain;f=scripts/add-ons/export-ical.pl;hb=2.3.0 HTTP/1.1" 404 500 "-" "Mozilla/5.0 (Windows NT 6.3; WOW64) AppleWebKit/537.36 (KHTML, like Gecko) Chrome/43.0.2357.37 Safari/537.36"
24.21.97.218 - - [27/Apr/2015:00:52:32 +0000] "GET /favicon.ico HTTP/1.1" 200 1713 "http://tasktools.org/gitweb/?p=task.git;a=blob_plain;f=scripts/add-ons/export-ical.pl;hb=2.3.0" "Mozilla/5.0 (Windows NT 6.3; WOW64) AppleWebKit/537.36 (KHTML, like Gecko) Chrome/43.0.2357.37 Safari/537.36"
5.178.135.226 - - [27/Apr/2015:01:34:54 +0000] "GET /wp-content/plugins/website-contact-form-with-file-upload/lib/wide-image/VERSION HTTP/1.1" 404 549 "-" "Mozilla/5.0 (Windows NT 6.1; WOW64; rv:38.0) Gecko/20100101 Firefox/38.0"
98.217.152.192 - - [27/Apr/2015:01:36:43 +0000] "GET /tw-m.png HTTP/1.1" 304 189 "http://central.tasktools.org/taskd-1.1.0.html" "Mozilla/5.0 (Macintosh; Intel Mac OS X 10_10_4) AppleWebKit/537.36 (KHTML, like Gecko) Chrome/42.0.2311.90 Safari/537.36"
61.135.190.105 - - [27/Apr/2015:01:54:01 +0000] "GET / HTTP/1.1" 200 3524 "http://www.baidu.com/s?wd=tasktools.org" "Mozilla/5.0 (Windows NT 6.1; WOW64) AppleWebKit/537.36 (KHTML, like Gecko) Chrome/36.0.1985.143 Safari/537.36"
61.135.190.105 - - [27/Apr/2015:01:54:02 +0000] "GET /bootstrap/js/bootstrap.min.js HTTP/1.1" 200 8018 "http://tasktools.org/" "Mozilla/5.0 (Windows NT 6.1; WOW64) AppleWebKit/537.36 (KHTML, like Gecko) Chrome/36.0.1985.143 Safari/537.36"
98.217.152.192 - - [27/Apr/2015:01:55:17 +0000] "GET /tw-m.png HTTP/1.1" 304 189 "http://central.tasktools.org/task-2.4.4.html" "Mozilla/5.0 (Macintosh; Intel Mac OS X 10_10_4) AppleWebKit/537.36 (KHTML, like Gecko) Chrome/42.0.2311.90 Safari/537.36"
98.217.152.192 - - [27/Apr/2015:01:57:27 +0000] "GET /tw-m.png HTTP/1.1" 304 189 "http://central.tasktools.org/task-2.4.4.html" "Mozilla/5.0 (Macintosh; Intel Mac OS X 10_10_4) AppleWebKit/537.36 (KHTML, like Gecko) Chrome/42.0.2311.90 Safari/537.36"
98.217.152.192 - - [27/Apr/2015:01:57:32 +0000] "GET /tw-m.png HTTP/1.1" 304 188 "http://central.tasktools.org/taskd-1.1.0.html" "Mozilla/5.0 (Macintosh; Intel Mac OS X 10_10_4) AppleWebKit/537.36 (KHTML, like Gecko) Chrome/42.0.2311.90 Safari/537.36"
98.217.152.192 - - [27/Apr/2015:02:01:52 +0000] "GET /tw-m.png HTTP/1.1" 304 189 "http://central.tasktools.org/task-2.4.4.html" "Mozilla/5.0 (Macintosh; Intel Mac OS X 10_10_4) AppleWebKit/537.36 (KHTML, like Gecko) Chrome/42.0.2311.90 Safari/537.36"
98.217.152.192 - - [27/Apr/2015:02:01:55 +0000] "GET /tw-m.png HTTP/1.1" 304 188 "http://central.tasktools.org/taskd-1.1.0.html" "Mozilla/5.0 (Macintosh; Intel Mac OS X 10_10_4) AppleWebKit/537.36 (KHTML, like Gecko) Chrome/42.0.2311.90 Safari/537.36"
208.184.77.186 - - [27/Apr/2015:02:06:05 +0000] "GET / HTTP/1.1" 200 12546 "-" "Mozilla/5.0 (Windows; U; Windows NT 5.1; en-US; rv:1.9.0.1) Gecko/2008070208 Firefox/3.0.1"
108.75.172.198 - - [27/Apr/2015:02:06:05 +0000] "GET / HTTP/1.1" 200 3524 "-" "Spillo/89 CFNetwork/720.3.13 Darwin/14.3.0 (x86_64)"
208.184.77.186 - - [27/Apr/2015:02:06:05 +0000] "GET / HTTP/1.1" 200 12546 "-" "Mozilla/5.0 (Windows; U; Windows NT 5.1; en-US; rv:1.9.0.1) Gecko/2008070208 Firefox/3.0.1"
128.177.108.218 - - [27/Apr/2015:02:06:46 +0000] "GET / HTTP/1.1" 200 12546 "-" "Mozilla/5.0 (Windows; U; Windows NT 5.1; en-US; rv:1.9.0.1) Gecko/2008070208 Firefox/3.0.1"
98.217.152.192 - - [27/Apr/2015:02:09:42 +0000] "GET /tw-m.png HTTP/1.1" 304 189 "http://central.tasktools.org/task-2.4.4.html" "Mozilla/5.0 (Macintosh; Intel Mac OS X 10_10_4) AppleWebKit/537.36 (KHTML, like Gecko) Chrome/42.0.2311.90 Safari/537.36"
98.217.152.192 - - [27/Apr/2015:02:09:48 +0000] "GET /tw-m.png HTTP/1.1" 304 189 "http://central.tasktools.org/taskd-1.1.0.html" "Mozilla/5.0 (Macintosh; Intel Mac OS X 10_10_4) AppleWebKit/537.36 (KHTML, like Gecko) Chrome/42.0.2311.90 Safari/537.36"
98.217.152.192 - - [27/Apr/2015:02:10:09 +0000] "GET /tw-m.png HTTP/1.1" 304 189 "http://central.tasktools.org/task-2.4.4.html" "Mozilla/5.0 (Macintosh; Intel Mac OS X 10_10_4) AppleWebKit/537.36 (KHTML, like Gecko) Chrome/42.0.2311.90 Safari/537.36"
98.217.152.192 - - [27/Apr/2015:02:10:10 +0000] "GET /tw-m.png HTTP/1.1" 304 188 "http://central.tasktools.org/taskd-1.1.0.html" "Mozilla/5.0 (Macintosh; Intel Mac OS X 10_10_4) AppleWebKit/537.36 (KHTML, like Gecko) Chrome/42.0.2311.90 Safari/537.36"
98.217.152.192 - - [27/Apr/2015:02:13:21 +0000] "GET /tw-m.png HTTP/1.1" 304 189 "http://central.tasktools.org/task-2.4.4.html" "Mozilla/5.0 (Macintosh; Intel Mac OS X 10_10_4) AppleWebKit/537.36 (KHTML, like Gecko) Chrome/42.0.2311.90 Safari/537.36"
98.217.152.192 - - [27/Apr/2015:02:13:23 +0000] "GET /tw-m.png HTTP/1.1" 304 188 "http://central.tasktools.org/taskd-1.1.0.html" "Mozilla/5.0 (Macintosh; Intel Mac OS X 10_10_4) AppleWebKit/537.36 (KHTML, like Gecko) Chrome/42.0.2311.90 Safari/537.36"
98.217.152.192 - - [27/Apr/2015:02:16:51 +0000] "GET /tw-m.png HTTP/1.1" 304 189 "http://central.tasktools.org/task-2.4.4.html" "Mozilla/5.0 (Macintosh; Intel Mac OS X 10_10_4) AppleWebKit/537.36 (KHTML, like Gecko) Chrome/42.0.2311.90 Safari/537.36"
98.217.152.192 - - [27/Apr/2015:02:16:55 +0000] "GET /tw-m.png HTTP/1.1" 304 188 "http://central.tasktools.org/taskd-1.1.0.html" "Mozilla/5.0 (Macintosh; Intel Mac OS X 10_10_4) AppleWebKit/537.36 (KHTML, like Gecko) Chrome/42.0.2311.90 Safari/537.36"
98.217.152.192 - - [27/Apr/2015:02:20:54 +0000] "GET /tw-m.png HTTP/1.1" 304 189 "http://central.tasktools.org/task-2.4.4.html" "Mozilla/5.0 (Macintosh; Intel Mac OS X 10_10_4) AppleWebKit/537.36 (KHTML, like Gecko) Chrome/42.0.2311.90 Safari/537.36"
98.217.152.192 - - [27/Apr/2015:02:20:58 +0000] "GET /tw-m.png HTTP/1.1" 304 188 "http://central.tasktools.org/taskd-1.1.0.html" "Mozilla/5.0 (Macintosh; Intel Mac OS X 10_10_4) AppleWebKit/537.36 (KHTML, like Gecko) Chrome/42.0.2311.90 Safari/537.36"
52.0.230.118 - - [27/Apr/2015:02:37:17 +0000] "GET /index.html HTTP/1.1" 200 12602 "-" "Mozilla/5.0 (X11; Ubuntu; Linux x86_64; rv:31.0) Gecko/20100101 Firefox/31.0"
52.5.164.129 - - [27/Apr/2015:02:37:19 +0000] "GET /projects/anomaly.html HTTP/1.1" 200 9245 "-" "Mozilla/5.0 (X11; Ubuntu; Linux x86_64; rv:31.0) Gecko/20100101 Firefox/31.0"
52.1.102.96 - - [27/Apr/2015:02:37:21 +0000] "GET /projects/clog.html HTTP/1.1" 200 7800 "-" "Mozilla/5.0 (X11; Ubuntu; Linux x86_64; rv:31.0) Gecko/20100101 Firefox/31.0"
52.5.171.165 - - [27/Apr/2015:02:37:21 +0000] "GET /projects/taskd.html HTTP/1.1" 200 4800 "-" "Mozilla/5.0 (X11; Ubuntu; Linux x86_64; rv:31.0) Gecko/20100101 Firefox/31.0"
52.5.171.165 - - [27/Apr/2015:02:37:21 +0000] "GET /favicon.ico HTTP/1.1" 200 1714 "-" "Mozilla/5.0 (X11; Ubuntu; Linux x86_64; rv:31.0) Gecko/20100101 Firefox/31.0"
52.6.205.99 - - [27/Apr/2015:02:37:22 +0000] "GET /projects/kronisk.html HTTP/1.1" 200 5300 "-" "Mozilla/5.0 (X11; Linux x86_64) AppleWebKit/537.36 (KHTML, like Gecko) Chrome/29.0.1547.57 Safari/537.36"
52.5.164.129 - - [27/Apr/2015:02:37:24 +0000] "GET /tinderbox HTTP/1.1" 404 526 "-" "Mozilla/5.0 (X11; Ubuntu; Linux x86_64; rv:31.0) Gecko/20100101 Firefox/31.0"
52.6.41.56 - - [27/Apr/2015:02:37:25 +0000] "GET /projects/vitapi.html HTTP/1.1" 200 4882 "-" "Mozilla/5.0 (X11; Ubuntu; Linux x86_64; rv:31.0) Gecko/20100101 Firefox/31.0"
98.217.152.192 - - [27/Apr/2015:02:39:54 +0000] "GET /tw-m.png HTTP/1.1" 304 189 "http://central.tasktools.org/task-2.4.4.html" "Mozilla/5.0 (Macintosh; Intel Mac OS X 10_10_4) AppleWebKit/537.36 (KHTML, like Gecko) Chrome/42.0.2311.90 Safari/537.36"
98.217.152.192 - - [27/Apr/2015:02:40:00 +0000] "GET /tw-m.png HTTP/1.1" 304 189 "http://central.tasktools.org/taskd-1.1.0.html" "Mozilla/5.0 (Macintosh; Intel Mac OS X 10_10_4) AppleWebKit/537.36 (KHTML, like Gecko) Chrome/42.0.2311.90 Safari/537.36"
66.249.75.26 - - [27/Apr/2015:02:48:27 +0000] "GET / HTTP/1.1" 200 3524 "-" "SAMSUNG-SGH-E250/1.0 Profile/MIDP-2.0 Configuration/CLDC-1.1 UP.Browser/6.2.3.3.c.1.101 (GUI) MMP/2.0 (compatible; Googlebot-Mobile/2.1; +http://www.google.com/bot.html)"
98.217.152.192 - - [27/Apr/2015:02:50:29 +0000] "GET /tw-m.png HTTP/1.1" 304 189 "http://central.tasktools.org/taskd-1.1.0.html" "Mozilla/5.0 (Macintosh; Intel Mac OS X 10_10_4) AppleWebKit/537.36 (KHTML, like Gecko) Chrome/42.0.2311.90 Safari/537.36"
98.217.152.192 - - [27/Apr/2015:03:00:20 +0000] "GET /tw-m.png HTTP/1.1" 304 189 "http://central.tasktools.org/taskd-1.1.0.html" "Mozilla/5.0 (Macintosh; Intel Mac OS X 10_10_4) AppleWebKit/537.36 (KHTML, like Gecko) Chrome/42.0.2311.90 Safari/537.36"
98.217.152.192 - - [27/Apr/2015:03:04:10 +0000] "GET /tw-m.png HTTP/1.1" 304 189 "http://central.tasktools.org/taskd-1.1.0.html" "Mozilla/5.0 (Macintosh; Intel Mac OS X 10_10_4) AppleWebKit/537.36 (KHTML, like Gecko) Chrome/42.0.2311.90 Safari/537.36"
98.217.152.192 - - [27/Apr/2015:03:12:41 +0000] "GET /tw-m.png HTTP/1.1" 304 189 "http://central.tasktools.org/taskd-1.1.0.html" "Mozilla/5.0 (Macintosh; Intel Mac OS X 10_10_4) AppleWebKit/537.36 (KHTML, like Gecko) Chrome/42.0.2311.90 Safari/537.36"
98.217.152.192 - - [27/Apr/2015:03:13:52 +0000] "GET /tw-m.png HTTP/1.1" 304 189 "http://central.tasktools.org/taskd-1.1.0.html" "Mozilla/5.0 (Macintosh; Intel Mac OS X 10_10_4) AppleWebKit/537.36 (KHTML, like Gecko) Chrome/42.0.2311.90 Safari/537.36"
98.217.152.192 - - [27/Apr/2015:03:14:18 +0000] "GET /favicon.ico HTTP/1.1" 200 1714 "http://tasktools.org/" "Mozilla/5.0 (Macintosh; Intel Mac OS X 10_10_4) AppleWebKit/537.36 (KHTML, like Gecko) Chrome/42.0.2311.90 Safari/537.36"
98.217.152.192 - - [27/Apr/2015:03:14:35 +0000] "GET /tw-m.png HTTP/1.1" 304 189 "http://central.tasktools.org/taskd-1.1.0.html" "Mozilla/5.0 (Macintosh; Intel Mac OS X 10_10_4) AppleWebKit/537.36 (KHTML, like Gecko) Chrome/42.0.2311.90 Safari/537.36"
98.217.152.192 - - [27/Apr/2015:03:16:08 +0000] "GET /tw-m.png HTTP/1.1" 304 189 "http://central.tasktools.org/taskd-1.1.0.html" "Mozilla/5.0 (Macintosh; Intel Mac OS X 10_10_4) AppleWebKit/537.36 (KHTML, like Gecko) Chrome/42.0.2311.90 Safari/537.36"
66.249.75.26 - - [27/Apr/2015:03:18:15 +0000] "GET /projects/vramsteg.png HTTP/1.1" 304 190 "-" "Googlebot-Image/1.0"
64.79.85.205 - - [27/Apr/2015:03:45:11 +0000] "GET / HTTP/1.1" 200 3524 "-" "Mozilla/5.0 (compatible; SMTBot/1.0; +http://www.similartech.com/smtbot)"
64.79.85.205 - - [27/Apr/2015:03:45:36 +0000] "GET / HTTP/1.1" 200 3524 "-" "Mozilla/5.0 (iPhone; CPU iPhone OS 6_0 like Mac OS X) AppleWebKit/536.26 (KHTML, like Gecko)                 Version/6.0 Mobile/10A5376e Safari/8536.25 (compatible; SMTBot/1.0; +http://www.similartech.com/smtbot)"
64.79.85.205 - - [27/Apr/2015:03:46:02 +0000] "GET /robots.txt HTTP/1.1" 404 501 "-" "Mozilla/5.0 (compatible; SMTBot/1.0; +http://www.similartech.com/smtbot)"
64.79.85.205 - - [27/Apr/2015:03:46:30 +0000] "GET / HTTP/1.1" 200 3524 "-" "Mozilla/5.0 (iPhone; CPU iPhone OS 6_0 like Mac OS X) AppleWebKit/536.26 (KHTML, like Gecko)                 Version/6.0 Mobile/10A5376e Safari/8536.25 (compatible; SMTBot/1.0; +http://www.similartech.com/smtbot)"
64.79.85.205 - - [27/Apr/2015:03:46:30 +0000] "GET / HTTP/1.1" 200 3524 "-" "Mozilla/5.0 (compatible; SMTBot/1.0; +http://www.similartech.com/smtbot)"
64.79.85.205 - - [27/Apr/2015:03:46:30 +0000] "GET /about.html HTTP/1.1" 200 2018 "-" "Mozilla/5.0 (compatible; SMTBot/1.0; +http://www.similartech.com/smtbot)"
64.79.85.205 - - [27/Apr/2015:03:47:01 +0000] "GET /projects/kronisk.html HTTP/1.1" 200 2173 "-" "Mozilla/5.0 (compatible; SMTBot/1.0; +http://www.similartech.com/smtbot)"
64.79.85.205 - - [27/Apr/2015:03:47:01 +0000] "GET /projects/taskwarrior.html HTTP/1.1" 200 2450 "-" "Mozilla/5.0 (compatible; SMTBot/1.0; +http://www.similartech.com/smtbot)"
64.79.85.205 - - [27/Apr/2015:03:47:01 +0000] "GET /tinderbox HTTP/1.1" 404 501 "-" "Mozilla/5.0 (compatible; SMTBot/1.0; +http://www.similartech.com/smtbot)"
64.79.85.205 - - [27/Apr/2015:03:47:01 +0000] "GET /projects/clog.html HTTP/1.1" 200 2700 "-" "Mozilla/5.0 (compatible; SMTBot/1.0; +http://www.similartech.com/smtbot)"
64.79.85.205 - - [27/Apr/2015:03:47:01 +0000] "GET /projects/anomaly.html HTTP/1.1" 200 3393 "-" "Mozilla/5.0 (compatible; SMTBot/1.0; +http://www.similartech.com/smtbot)"
64.79.85.205 - - [27/Apr/2015:03:47:01 +0000] "GET /projects/taskd.html HTTP/1.1" 200 1995 "-" "Mozilla/5.0 (compatible; SMTBot/1.0; +http://www.similartech.com/smtbot)"
64.79.85.205 - - [27/Apr/2015:03:47:01 +0000] "GET /projects/tasksh.html HTTP/1.1" 200 2024 "-" "Mozilla/5.0 (compatible; SMTBot/1.0; +http://www.similartech.com/smtbot)"
64.79.85.205 - - [27/Apr/2015:03:47:01 +0000] "GET /projects/vitapi.html HTTP/1.1" 200 2051 "-" "Mozilla/5.0 (compatible; SMTBot/1.0; +http://www.similartech.com/smtbot)"
64.79.85.205 - - [27/Apr/2015:03:47:01 +0000] "GET /projects/vit.html HTTP/1.1" 200 1896 "-" "Mozilla/5.0 (compatible; SMTBot/1.0; +http://www.similartech.com/smtbot)"
64.79.85.205 - - [27/Apr/2015:03:47:01 +0000] "GET /index.html HTTP/1.1" 200 3523 "-" "Mozilla/5.0 (compatible; SMTBot/1.0; +http://www.similartech.com/smtbot)"
64.79.85.205 - - [27/Apr/2015:03:47:01 +0000] "GET /tinderbox/vitapi.html HTTP/1.1" 404 507 "-" "Mozilla/5.0 (compatible; SMTBot/1.0; +http://www.similartech.com/smtbot)"
64.79.85.205 - - [27/Apr/2015:03:47:01 +0000] "GET /talks/index.html HTTP/1.1" 200 1728 "-" "Mozilla/5.0 (compatible; SMTBot/1.0; +http://www.similartech.com/smtbot)"
64.79.85.205 - - [27/Apr/2015:03:47:01 +0000] "GET /license.html HTTP/1.1" 200 2197 "-" "Mozilla/5.0 (compatible; SMTBot/1.0; +http://www.similartech.com/smtbot)"
64.79.85.205 - - [27/Apr/2015:03:47:01 +0000] "GET /rfcs/index.html HTTP/1.1" 200 2026 "-" "Mozilla/5.0 (compatible; SMTBot/1.0; +http://www.similartech.com/smtbot)"
64.79.85.205 - - [27/Apr/2015:03:47:01 +0000] "GET /projects/performance.html HTTP/1.1" 200 3662 "-" "Mozilla/5.0 (compatible; SMTBot/1.0; +http://www.similartech.com/smtbot)"
64.79.85.205 - - [27/Apr/2015:03:47:01 +0000] "GET /latest HTTP/1.1" 200 268 "-" "Mozilla/5.0 (compatible; SMTBot/1.0; +http://www.similartech.com/smtbot)"
64.79.85.205 - - [27/Apr/2015:03:47:01 +0000] "GET /projects/vramsteg.html HTTP/1.1" 200 2061 "-" "Mozilla/5.0 (compatible; SMTBot/1.0; +http://www.similartech.com/smtbot)"
64.79.85.205 - - [27/Apr/2015:03:47:01 +0000] "GET /rfcs/gitweb/gitweb.cgi?p=rfc.git%3Ba%3Dblob_plain%3Bf%3Drfc13-performance.txt%3Bhb%3DHEAD HTTP/1.1" 404 507 "-" "Mozilla/5.0 (compatible; SMTBot/1.0; +http://www.similartech.com/smtbot)"
64.79.85.205 - - [27/Apr/2015:03:47:01 +0000] "GET /rfcs/gitweb/gitweb.cgi?p=rfc.git%3Ba%3Dblob_plain%3Bf%3Drfc7-storage.txt%3Bhb%3DHEAD HTTP/1.1" 404 507 "-" "Mozilla/5.0 (compatible; SMTBot/1.0; +http://www.similartech.com/smtbot)"
64.79.85.205 - - [27/Apr/2015:03:47:01 +0000] "GET /rfcs/gitweb/gitweb.cgi?p=rfc.git%3Ba%3Dblob_plain%3Bf%3Drfc27-dependencies.txt%3Bhb%3DHEAD HTTP/1.1" 404 507 "-" "Mozilla/5.0 (compatible; SMTBot/1.0; +http://www.similartech.com/smtbot)"
64.79.85.205 - - [27/Apr/2015:03:47:01 +0000] "GET /rfcs/gitweb/gitweb.cgi?p=rfc.git%3Ba%3Dblob_plain%3Bf%3Drfc11-command-line.txt%3Bhb%3DHEAD HTTP/1.1" 404 507 "-" "Mozilla/5.0 (compatible; SMTBot/1.0; +http://www.similartech.com/smtbot)"
64.79.85.205 - - [27/Apr/2015:03:47:01 +0000] "GET /rfcs/gitweb/gitweb.cgi?p=rfc.git%3Ba%3Dblob_plain%3Bf%3Drfc30-accomplishinterval.txt%3Bhb%3DHEAD HTTP/1.1" 404 507 "-" "Mozilla/5.0 (compatible; SMTBot/1.0; +http://www.similartech.com/smtbot)"
64.79.85.205 - - [27/Apr/2015:03:47:01 +0000] "GET /rfcs/gitweb/gitweb.cgi?p=rfc.git%3Ba%3Dblob_plain%3Bf%3Drfc29-escalation.txt%3Bhb%3DHEAD HTTP/1.1" 404 507 "-" "Mozilla/5.0 (compatible; SMTBot/1.0; +http://www.similartech.com/smtbot)"
64.79.85.205 - - [27/Apr/2015:03:47:01 +0000] "GET /rfcs/gitweb/gitweb.cgi?p=rfc.git%3Ba%3Dblob_plain%3Bf%3Drfc15-file-format.txt%3Bhb%3DHEAD HTTP/1.1" 404 507 "-" "Mozilla/5.0 (compatible; SMTBot/1.0; +http://www.similartech.com/smtbot)"
64.79.85.205 - - [27/Apr/2015:03:47:01 +0000] "GET /rfcs/gitweb/gitweb.cgi?p=rfc.git%3Ba%3Dblob_plain%3Bf%3Drfc12-searching.txt%3Bhb%3DHEAD HTTP/1.1" 404 507 "-" "Mozilla/5.0 (compatible; SMTBot/1.0; +http://www.similartech.com/smtbot)"
64.79.85.205 - - [27/Apr/2015:03:47:01 +0000] "GET /rfcs/gitweb/gitweb.cgi?p=rfc.git%3Ba%3Dblob_plain%3Bf%3Drfc32-recurrences.txt%3Bhb%3DHEAD HTTP/1.1" 404 507 "-" "Mozilla/5.0 (compatible; SMTBot/1.0; +http://www.similartech.com/smtbot)"
64.79.85.205 - - [27/Apr/2015:03:47:26 +0000] "GET /rfcs/gitweb/gitweb.cgi?p=rfc.git%3Ba%3Dblob_plain%3Bf%3Drfc33-projects-as-tasks.txt%3Bhb%3DHEAD HTTP/1.1" 404 508 "-" "Mozilla/5.0 (compatible; SMTBot/1.0; +http://www.similartech.com/smtbot)"
64.79.85.205 - - [27/Apr/2015:03:47:26 +0000] "GET /rfcs/gitweb/gitweb.cgi?p=rfc.git%3Ba%3Dblob_plain%3Bf%3Drfc5-hooks.txt%3Bhb%3DHEAD HTTP/1.1" 404 507 "-" "Mozilla/5.0 (compatible; SMTBot/1.0; +http://www.similartech.com/smtbot)"
64.79.85.205 - - [27/Apr/2015:03:47:58 +0000] "GET /talks/instgit.sh HTTP/1.1" 200 818 "-" "Mozilla/5.0 (compatible; SMTBot/1.0; +http://www.similartech.com/smtbot)"
64.79.85.205 - - [27/Apr/2015:03:47:58 +0000] "GET /rfcs/gitweb/gitweb.cgi?p=rfc.git%3Ba%3Dblob_plain%3Bf%3Drfc22-substitutions.txt%3Bhb%3DHEAD HTTP/1.1" 404 508 "-" "Mozilla/5.0 (compatible; SMTBot/1.0; +http://www.similartech.com/smtbot)"
64.79.85.205 - - [27/Apr/2015:03:47:58 +0000] "GET /rfcs/gitweb/gitweb.cgi?p=rfc.git%3Ba%3Dblob_plain%3Bf%3Drfc4-grid.txt%3Bhb%3DHEAD HTTP/1.1" 404 508 "-" "Mozilla/5.0 (compatible; SMTBot/1.0; +http://www.similartech.com/smtbot)"
64.79.85.205 - - [27/Apr/2015:03:47:58 +0000] "GET /rfcs/gitweb/gitweb.cgi?p=rfc.git%3Ba%3Dblob_plain%3Bf%3Drfc16-dom.txt%3Bhb%3DHEAD HTTP/1.1" 404 508 "-" "Mozilla/5.0 (compatible; SMTBot/1.0; +http://www.similartech.com/smtbot)"
64.79.85.205 - - [27/Apr/2015:03:47:58 +0000] "GET /rfcs/gitweb/gitweb.cgi?p=rfc.git%3Ba%3Dblob_plain%3Bf%3Drfc14-fields.txt%3Bhb%3DHEAD HTTP/1.1" 404 508 "-" "Mozilla/5.0 (compatible; SMTBot/1.0; +http://www.similartech.com/smtbot)"
64.79.85.205 - - [27/Apr/2015:03:47:58 +0000] "GET /rfcs/gitweb/gitweb.cgi?p=rfc.git%3Ba%3Dblob_plain%3Bf%3Drfc9-filters.txt%3Bhb%3DHEAD HTTP/1.1" 404 508 "-" "Mozilla/5.0 (compatible; SMTBot/1.0; +http://www.similartech.com/smtbot)"
64.79.85.205 - - [27/Apr/2015:03:47:58 +0000] "GET /rfcs/gitweb/gitweb.cgi?p=rfc.git%3Ba%3Dblob_plain%3Bf%3Drfc35-threads.txt%3Bhb%3DHEAD HTTP/1.1" 404 508 "-" "Mozilla/5.0 (compatible; SMTBot/1.0; +http://www.similartech.com/smtbot)"
64.79.85.205 - - [27/Apr/2015:03:47:58 +0000] "GET /rfcs/gitweb/gitweb.cgi?p=rfc.git%3Ba%3Dblob_plain%3Bf%3Drfc8-special-tags.txt%3Bhb%3DHEAD HTTP/1.1" 404 508 "-" "Mozilla/5.0 (compatible; SMTBot/1.0; +http://www.similartech.com/smtbot)"
64.79.85.205 - - [27/Apr/2015:03:47:58 +0000] "GET /rfcs/gitweb/gitweb.cgi?p=rfc.git%3Ba%3Dblob_plain%3Bf%3Drfc31-urgency.txt%3Bhb%3DHEAD HTTP/1.1" 404 508 "-" "Mozilla/5.0 (compatible; SMTBot/1.0; +http://www.similartech.com/smtbot)"
64.79.85.205 - - [27/Apr/2015:03:47:58 +0000] "GET /rfcs/gitweb/gitweb.cgi?p=rfc.git%3Ba%3Dblob_plain%3Bf%3Drfc34-uda.txt%3Bhb%3DHEAD HTTP/1.1" 404 507 "-" "Mozilla/5.0 (compatible; SMTBot/1.0; +http://www.similartech.com/smtbot)"
64.79.85.205 - - [27/Apr/2015:03:47:58 +0000] "GET /rfcs/gitweb/gitweb.cgi?p=rfc.git%3Ba%3Dblob_plain%3Bf%3Drfc23-color-rules.txt%3Bhb%3DHEAD HTTP/1.1" 404 507 "-" "Mozilla/5.0 (compatible; SMTBot/1.0; +http://www.similartech.com/smtbot)"
183.79.218.133 - - [27/Apr/2015:03:48:02 +0000] "GET /robots.txt HTTP/1.0" 404 464 "-" "Y!J-ASR/0.1 crawler (http://www.yahoo-help.jp/app/answers/detail/p/595/a_id/42716/)"
183.79.218.133 - - [27/Apr/2015:03:48:02 +0000] "GET /projects/taskd.html HTTP/1.0" 200 1958 "-" "Y!J-ASR/0.1 crawler (http://www.yahoo-help.jp/app/answers/detail/p/595/a_id/42716/)"
183.79.218.133 - - [27/Apr/2015:03:52:47 +0000] "GET / HTTP/1.0" 200 3487 "-" "Y!J-ASR/0.1 crawler (http://www.yahoo-help.jp/app/answers/detail/p/595/a_id/42716/)"
76.126.56.171 - - [27/Apr/2015:04:12:44 +0000] "GET /projects/vit.html HTTP/1.1" 200 1896 "http://taskwarrior.org/tools/" "Mozilla/5.0 (X11; Linux x86_64) AppleWebKit/537.36 (KHTML, like Gecko) Chrome/42.0.2311.90 Safari/537.36"
76.126.56.171 - - [27/Apr/2015:04:12:44 +0000] "GET /bootstrap/js/bootstrap.min.js HTTP/1.1" 200 8019 "http://tasktools.org/projects/vit.html" "Mozilla/5.0 (X11; Linux x86_64) AppleWebKit/537.36 (KHTML, like Gecko) Chrome/42.0.2311.90 Safari/537.36"
76.126.56.171 - - [27/Apr/2015:04:12:44 +0000] "GET /bootstrap/css/bootstrap.min.css HTTP/1.1" 200 17588 "http://tasktools.org/projects/vit.html" "Mozilla/5.0 (X11; Linux x86_64) AppleWebKit/537.36 (KHTML, like Gecko) Chrome/42.0.2311.90 Safari/537.36"
76.126.56.171 - - [27/Apr/2015:04:12:45 +0000] "GET /bootstrap/fonts/glyphicons-halflings-regular.woff HTTP/1.1" 200 23600 "http://tasktools.org/bootstrap/css/bootstrap.min.css" "Mozilla/5.0 (X11; Linux x86_64) AppleWebKit/537.36 (KHTML, like Gecko) Chrome/42.0.2311.90 Safari/537.36"
76.126.56.171 - - [27/Apr/2015:04:12:45 +0000] "GET /favicon.ico HTTP/1.1" 200 1713 "http://tasktools.org/projects/vit.html" "Mozilla/5.0 (X11; Linux x86_64) AppleWebKit/537.36 (KHTML, like Gecko) Chrome/42.0.2311.90 Safari/537.36"
54.185.22.193 - - [27/Apr/2015:04:42:33 +0000] "GET / HTTP/1.1" 200 3524 "-" "Mozilla/5.0 (compatible; MSIE 9.0; Windows NT 6.1; WOW64; Trident/5.0; SLCC1; .NET CLR 2.0.50727; Media Center PC 5.0; .NET CLR 3.0.04506; .NET CLR 3.5.21022; InfoPath.2; BitTitan)"
192.99.40.137 - - [27/Apr/2015:05:13:21 +0000] "HEAD / HTTP/1.1" 200 341 "http://www.domaintuno.com/d/tasktools.org" "Mozilla/5.0 (compatible; DomainTunoCrawler/0.1; +http://www.domaintuno.com/robot)"
100.43.81.155 - - [27/Apr/2015:05:27:22 +0000] "GET /robots.txt HTTP/1.1" 404 527 "-" "Mozilla/5.0 (compatible; YandexBot/3.0; +http://yandex.com/bots)"
54.87.180.138 - - [27/Apr/2015:05:31:05 +0000] "GET /robots.txt HTTP/1.0" 404 464 "-" "CCBot/2.0 (http://commoncrawl.org/faq/)"
54.87.180.138 - - [27/Apr/2015:05:31:05 +0000] "GET /gitweb/?p=task.git;a=blob;f=NEWS;h=6f87bea2840e2f2f1948125e37a4e1f3091546a4;hb=2.0.0 HTTP/1.0" 404 463 "-" "CCBot/2.0 (http://commoncrawl.org/faq/)"
100.43.81.155 - - [27/Apr/2015:05:31:24 +0000] "GET /projects/taskwarrior.html HTTP/1.1" 200 2450 "-" "Mozilla/5.0 (compatible; YandexBot/3.0; +http://yandex.com/bots)"
100.43.81.155 - - [27/Apr/2015:05:50:06 +0000] "GET /projects/taskd.html HTTP/1.1" 200 1995 "-" "Mozilla/5.0 (compatible; YandexBot/3.0; +http://yandex.com/bots)"
100.43.81.155 - - [27/Apr/2015:06:00:47 +0000] "GET /gitweb/gitweb.cgi?p=rfc.git;a=blob_plain;f=rfc34-uda.txt;hb=HEAD HTTP/1.1" 404 504 "-" "Mozilla/5.0 (compatible; YandexBot/3.0; +http://yandex.com/bots)"
100.43.81.155 - - [27/Apr/2015:06:08:09 +0000] "GET /gitweb/gitweb.cgi?p=rfc.git;a=blob_plain;f=rfc5-hooks.txt;hb=HEAD HTTP/1.1" 404 504 "-" "Mozilla/5.0 (compatible; YandexBot/3.0; +http://yandex.com/bots)"
100.3.93.102 - - [27/Apr/2015:06:49:20 +0000] "GET /projects/vit.html HTTP/1.1" 200 1896 "http://taskwarrior.org/tools/" "Mozilla/5.0 (X11; Linux x86_64) AppleWebKit/537.36 (KHTML, like Gecko) Chrome/34.0.1847.132 Safari/537.36"
100.3.93.102 - - [27/Apr/2015:06:49:20 +0000] "GET /bootstrap/css/bootstrap.min.css HTTP/1.1" 200 17588 "http://tasktools.org/projects/vit.html" "Mozilla/5.0 (X11; Linux x86_64) AppleWebKit/537.36 (KHTML, like Gecko) Chrome/34.0.1847.132 Safari/537.36"
100.3.93.102 - - [27/Apr/2015:06:49:20 +0000] "GET /bootstrap/js/bootstrap.min.js HTTP/1.1" 200 8019 "http://tasktools.org/projects/vit.html" "Mozilla/5.0 (X11; Linux x86_64) AppleWebKit/537.36 (KHTML, like Gecko) Chrome/34.0.1847.132 Safari/537.36"
100.3.93.102 - - [27/Apr/2015:06:49:20 +0000] "GET /bootstrap/fonts/glyphicons-halflings-regular.woff HTTP/1.1" 200 23600 "http://tasktools.org/projects/vit.html" "Mozilla/5.0 (X11; Linux x86_64) AppleWebKit/537.36 (KHTML, like Gecko) Chrome/34.0.1847.132 Safari/537.36"
100.3.93.102 - - [27/Apr/2015:06:49:20 +0000] "GET /favicon.ico HTTP/1.1" 200 1713 "-" "Mozilla/5.0 (X11; Linux x86_64) AppleWebKit/537.36 (KHTML, like Gecko) Chrome/34.0.1847.132 Safari/537.36"
180.76.4.167 - - [27/Apr/2015:06:49:32 +0000] "GET / HTTP/1.1" 200 12565 "-" "Mozilla/4.0 (compatible; MSIE 7.0; Windows NT 6.0)"
66.249.81.148 - - [27/Apr/2015:06:50:54 +0000] "GET /projects/taskd.html HTTP/1.1" 200 1995 "-" "Mozilla/5.0 (Linux; Android 4.4.2; GT-I9505 Build/KOT49H) AppleWebKit/537.36 (KHTML, like Gecko) Chrome/42.0.2311.108 Mobile Safari/537.36"
66.249.81.148 - - [27/Apr/2015:06:50:54 +0000] "GET /bootstrap/css/bootstrap.min.css HTTP/1.1" 200 17588 "http://tasktools.org/projects/taskd.html" "Mozilla/5.0 (Linux; Android 4.4.2; GT-I9505 Build/KOT49H) AppleWebKit/537.36 (KHTML, like Gecko) Chrome/42.0.2311.108 Mobile Safari/537.36"
66.249.81.156 - - [27/Apr/2015:06:50:55 +0000] "GET /bootstrap/js/bootstrap.min.js HTTP/1.1" 200 8019 "http://tasktools.org/projects/taskd.html" "Mozilla/5.0 (Linux; Android 4.4.2; GT-I9505 Build/KOT49H) AppleWebKit/537.36 (KHTML, like Gecko) Chrome/42.0.2311.108 Mobile Safari/537.36"
66.249.81.156 - - [27/Apr/2015:06:50:57 +0000] "GET /favicon.ico HTTP/1.1" 200 1713 "http://tasktools.org/projects/taskd.html" "Mozilla/5.0 (Linux; Android 4.4.2; GT-I9505 Build/KOT49H) AppleWebKit/537.36 (KHTML, like Gecko) Chrome/42.0.2311.108 Mobile Safari/537.36"
66.249.75.26 - - [27/Apr/2015:07:00:11 +0000] "GET /rfcs/gitweb/gitweb.cgi?p=rfc.git;a=blob_plain;f=rfc29-escalation.txt;hb=HEAD HTTP/1.1" 404 508 "-" "Mozilla/5.0 (compatible; Googlebot/2.1; +http://www.google.com/bot.html)"
66.249.75.18 - - [27/Apr/2015:07:07:45 +0000] "GET /rfcs/gitweb/gitweb.cgi?p=rfc.git;a=blob_plain;f=rfc12-searching.txt;hb=HEAD HTTP/1.1" 404 508 "-" "Mozilla/5.0 (compatible; Googlebot/2.1; +http://www.google.com/bot.html)"
180.76.5.76 - - [27/Apr/2015:07:11:59 +0000] "GET /performance/perf_all.html HTTP/1.1" 404 473 "-" "Mozilla/5.0 (compatible; Baiduspider/2.0; +http://www.baidu.com/search/spider.html)"
183.79.218.30 - - [27/Apr/2015:07:18:39 +0000] "GET /robots.txt HTTP/1.0" 404 464 "-" "Y!J-ASR/0.1 crawler (http://www.yahoo-help.jp/app/answers/detail/p/595/a_id/42716/)"
183.79.218.30 - - [27/Apr/2015:07:18:39 +0000] "GET /projects/taskd.html HTTP/1.0" 200 1958 "-" "Y!J-ASR/0.1 crawler (http://www.yahoo-help.jp/app/answers/detail/p/595/a_id/42716/)"
180.76.6.152 - - [27/Apr/2015:07:26:59 +0000] "GET /talks/lt-task.pdf HTTP/1.1" 200 70195 "-" "Mozilla/5.0 (compatible; Baiduspider/2.0; +http://www.baidu.com/search/spider.html)"
50.131.153.144 - - [27/Apr/2015:07:28:19 +0000] "GET /piwik/piwik.js HTTP/1.1" 404 502 "http://holidata.net/json.html" "Mozilla/5.0 (Macintosh; Intel Mac OS X 10_10_3) AppleWebKit/537.36 (KHTML, like Gecko) Chrome/42.0.2311.90 Safari/537.36"
195.244.162.7 - - [27/Apr/2015:07:35:36 +0000] "GET /piwik/piwik.js HTTP/1.1" 404 502 "http://holidata.net/index.html" "Mozilla/5.0 (X11; Ubuntu; Linux x86_64; rv:37.0) Gecko/20100101 Firefox/37.0"
195.244.162.7 - - [27/Apr/2015:07:35:51 +0000] "GET /piwik/piwik.js HTTP/1.1" 404 502 "http://holidata.net/map.html" "Mozilla/5.0 (X11; Ubuntu; Linux x86_64; rv:37.0) Gecko/20100101 Firefox/37.0"
210.213.243.138 - - [27/Apr/2015:07:37:41 +0000] "GET /piwik/piwik.js HTTP/1.1" 404 502 "http://holidata.net/" "Mozilla/5.0 (X11; Linux x86_64; rv:37.0) Gecko/20100101 Firefox/37.0 Iceweasel/37.0.2"
210.213.243.138 - - [27/Apr/2015:07:37:55 +0000] "GET /piwik/piwik.js HTTP/1.1" 404 502 "http://holidata.net/json.html" "Mozilla/5.0 (X11; Linux x86_64; rv:37.0) Gecko/20100101 Firefox/37.0 Iceweasel/37.0.2"
210.213.243.138 - - [27/Apr/2015:07:38:05 +0000] "GET /piwik/piwik.js HTTP/1.1" 404 502 "http://holidata.net/yaml.html" "Mozilla/5.0 (X11; Linux x86_64; rv:37.0) Gecko/20100101 Firefox/37.0 Iceweasel/37.0.2"
50.43.43.159 - - [27/Apr/2015:07:42:57 +0000] "GET / HTTP/1.1" 200 3524 "https://www.google.com/" "Mozilla/5.0 (Macintosh; Intel Mac OS X 10_10_3) AppleWebKit/600.5.17 (KHTML, like Gecko) Version/8.0.5 Safari/600.5.17"
50.43.43.159 - - [27/Apr/2015:07:42:58 +0000] "GET /bootstrap/css/bootstrap.min.css HTTP/1.1" 200 17588 "http://tasktools.org/" "Mozilla/5.0 (Macintosh; Intel Mac OS X 10_10_3) AppleWebKit/600.5.17 (KHTML, like Gecko) Version/8.0.5 Safari/600.5.17"
50.43.43.159 - - [27/Apr/2015:07:42:58 +0000] "GET /tw-m.png HTTP/1.1" 200 6861 "http://tasktools.org/" "Mozilla/5.0 (Macintosh; Intel Mac OS X 10_10_3) AppleWebKit/600.5.17 (KHTML, like Gecko) Version/8.0.5 Safari/600.5.17"
50.43.43.159 - - [27/Apr/2015:07:42:58 +0000] "GET /bootstrap/js/bootstrap.min.js HTTP/1.1" 200 8019 "http://tasktools.org/" "Mozilla/5.0 (Macintosh; Intel Mac OS X 10_10_3) AppleWebKit/600.5.17 (KHTML, like Gecko) Version/8.0.5 Safari/600.5.17"
