64.237.51.167 - - [24/May/2015:17:25:58 +0000] "GET /tw-m.png HTTP/1.1" 200 6860 "http://tasktools.org/" "Mozilla/5.0 (Macintosh; Intel Mac OS X 10_10_3) AppleWebKit/537.36 (KHTML, like Gecko) Chrome/43.0.2357.65 Safari/537.36"
98.217.152.192 - - [24/May/2015:17:30:20 +0000] "GET /tw-m.png HTTP/1.1" 304 189 "http://central.tasktools.org/tasksh-1.1.0.html" "Mozilla/5.0 (Macintosh; Intel Mac OS X 10_10_4) AppleWebKit/537.36 (KHTML, like Gecko) Chrome/43.0.2357.65 Safari/537.36"
98.217.152.192 - - [24/May/2015:17:30:22 +0000] "GET /tw-m.png HTTP/1.1" 304 188 "http://central.tasktools.org/task-2.4.5.html" "Mozilla/5.0 (Macintosh; Intel Mac OS X 10_10_4) AppleWebKit/537.36 (KHTML, like Gecko) Chrome/43.0.2357.65 Safari/537.36"
98.217.152.192 - - [24/May/2015:17:30:24 +0000] "GET /tw-m.png HTTP/1.1" 304 188 "http://central.tasktools.org/taskd-1.2.0.html" "Mozilla/5.0 (Macintosh; Intel Mac OS X 10_10_4) AppleWebKit/537.36 (KHTML, like Gecko) Chrome/43.0.2357.65 Safari/537.36"
98.217.152.192 - - [24/May/2015:17:36:50 +0000] "GET /tw-m.png HTTP/1.1" 304 189 "http://central.tasktools.org/taskd-1.2.0.html" "Mozilla/5.0 (Macintosh; Intel Mac OS X 10_10_4) AppleWebKit/537.36 (KHTML, like Gecko) Chrome/43.0.2357.65 Safari/537.36"
98.217.152.192 - - [24/May/2015:17:36:52 +0000] "GET /tw-m.png HTTP/1.1" 304 188 "http://central.tasktools.org/task-2.4.5.html" "Mozilla/5.0 (Macintosh; Intel Mac OS X 10_10_4) AppleWebKit/537.36 (KHTML, like Gecko) Chrome/43.0.2357.65 Safari/537.36"
98.217.152.192 - - [24/May/2015:17:36:56 +0000] "GET /tw-m.png HTTP/1.1" 304 188 "http://central.tasktools.org/task-2.4.5.html" "Mozilla/5.0 (Macintosh; Intel Mac OS X 10_10_4) AppleWebKit/537.36 (KHTML, like Gecko) Chrome/43.0.2357.65 Safari/537.36"
98.217.152.192 - - [24/May/2015:17:40:56 +0000] "GET /tw-m.png HTTP/1.1" 304 189 "http://central.tasktools.org/taskd-1.2.0.html" "Mozilla/5.0 (Macintosh; Intel Mac OS X 10_10_4) AppleWebKit/537.36 (KHTML, like Gecko) Chrome/43.0.2357.65 Safari/537.36"
98.217.152.192 - - [24/May/2015:17:41:00 +0000] "GET /tw-m.png HTTP/1.1" 304 188 "http://central.tasktools.org/task-2.4.5.html" "Mozilla/5.0 (Macintosh; Intel Mac OS X 10_10_4) AppleWebKit/537.36 (KHTML, like Gecko) Chrome/43.0.2357.65 Safari/537.36"
98.217.152.192 - - [24/May/2015:17:41:21 +0000] "GET /tw-m.png HTTP/1.1" 304 189 "http://central.tasktools.org/tasksh-1.1.0.html" "Mozilla/5.0 (Macintosh; Intel Mac OS X 10_10_4) AppleWebKit/537.36 (KHTML, like Gecko) Chrome/43.0.2357.65 Safari/537.36"
98.217.152.192 - - [24/May/2015:17:42:44 +0000] "GET /tw-m.png HTTP/1.1" 304 189 "http://central.tasktools.org/task-2.4.5.html" "Mozilla/5.0 (Macintosh; Intel Mac OS X 10_10_4) AppleWebKit/537.36 (KHTML, like Gecko) Chrome/43.0.2357.65 Safari/537.36"
98.217.152.192 - - [24/May/2015:17:42:46 +0000] "GET /tw-m.png HTTP/1.1" 304 188 "http://central.tasktools.org/taskd-1.2.0.html" "Mozilla/5.0 (Macintosh; Intel Mac OS X 10_10_4) AppleWebKit/537.36 (KHTML, like Gecko) Chrome/43.0.2357.65 Safari/537.36"
98.217.152.192 - - [24/May/2015:17:49:08 +0000] "GET /tw-m.png HTTP/1.1" 304 189 "http://central.tasktools.org/taskd-1.2.0.html" "Mozilla/5.0 (Macintosh; Intel Mac OS X 10_10_4) AppleWebKit/537.36 (KHTML, like Gecko) Chrome/43.0.2357.65 Safari/537.36"
98.217.152.192 - - [24/May/2015:17:49:11 +0000] "GET /tw-m.png HTTP/1.1" 304 188 "http://central.tasktools.org/task-2.4.5.html" "Mozilla/5.0 (Macintosh; Intel Mac OS X 10_10_4) AppleWebKit/537.36 (KHTML, like Gecko) Chrome/43.0.2357.65 Safari/537.36"
98.217.152.192 - - [24/May/2015:17:49:25 +0000] "GET /tw-m.png HTTP/1.1" 304 189 "http://central.tasktools.org/tasksh-1.1.0.html" "Mozilla/5.0 (Macintosh; Intel Mac OS X 10_10_4) AppleWebKit/537.36 (KHTML, like Gecko) Chrome/43.0.2357.65 Safari/537.36"
162.211.122.43 - - [24/May/2015:17:54:37 +0000] "GET / HTTP/1.1" 200 3496 "http://www.tasktools.org" "Mozilla/5.0 (Windows NT 6.1; WOW64; rv:34.0) Gecko/20100101 Firefox/34.0"
98.217.152.192 - - [24/May/2015:18:01:42 +0000] "GET /tw-m.png HTTP/1.1" 304 189 "http://central.tasktools.org/tasksh-1.1.0.html" "Mozilla/5.0 (Macintosh; Intel Mac OS X 10_10_4) AppleWebKit/537.36 (KHTML, like Gecko) Chrome/43.0.2357.65 Safari/537.36"
89.187.236.170 - - [24/May/2015:18:03:05 +0000] "GET /projects/clog.html HTTP/1.1" 200 2700 "-" "Mozilla/5.0 (X11; Linux x86_64; rv:38.0) Gecko/20100101 Firefox/38.0"
89.187.236.170 - - [24/May/2015:18:03:05 +0000] "GET /bootstrap/css/bootstrap.min.css HTTP/1.1" 200 17588 "http://tasktools.org/projects/clog.html" "Mozilla/5.0 (X11; Linux x86_64; rv:38.0) Gecko/20100101 Firefox/38.0"
89.187.236.170 - - [24/May/2015:18:03:05 +0000] "GET /favicon.ico HTTP/1.1" 200 1714 "-" "Mozilla/5.0 (X11; Linux x86_64; rv:38.0) Gecko/20100101 Firefox/38.0"
89.187.236.170 - - [24/May/2015:18:03:05 +0000] "GET /projects/clog/clog-nothing.png HTTP/1.1" 200 11907 "http://tasktools.org/projects/clog.html" "Mozilla/5.0 (X11; Linux x86_64; rv:38.0) Gecko/20100101 Firefox/38.0"
89.187.236.170 - - [24/May/2015:18:03:05 +0000] "GET /projects/clog/clog-sed.png HTTP/1.1" 200 10547 "http://tasktools.org/projects/clog.html" "Mozilla/5.0 (X11; Linux x86_64; rv:38.0) Gecko/20100101 Firefox/38.0"
89.187.236.170 - - [24/May/2015:18:03:05 +0000] "GET /projects/clog/clog-rule.png HTTP/1.1" 200 11504 "http://tasktools.org/projects/clog.html" "Mozilla/5.0 (X11; Linux x86_64; rv:38.0) Gecko/20100101 Firefox/38.0"
89.187.236.170 - - [24/May/2015:18:03:05 +0000] "GET /projects/clog/clog-rule2.png HTTP/1.1" 200 12531 "http://tasktools.org/projects/clog.html" "Mozilla/5.0 (X11; Linux x86_64; rv:38.0) Gecko/20100101 Firefox/38.0"
89.187.236.170 - - [24/May/2015:18:03:05 +0000] "GET /projects/clog/clog-rule3.png HTTP/1.1" 200 12352 "http://tasktools.org/projects/clog.html" "Mozilla/5.0 (X11; Linux x86_64; rv:38.0) Gecko/20100101 Firefox/38.0"
89.187.236.170 - - [24/May/2015:18:03:05 +0000] "GET /projects/clog/clog-rule1.png HTTP/1.1" 200 108718 "http://tasktools.org/projects/clog.html" "Mozilla/5.0 (X11; Linux x86_64; rv:38.0) Gecko/20100101 Firefox/38.0"
89.187.236.170 - - [24/May/2015:18:03:06 +0000] "GET /projects/clog/clog-regex.png HTTP/1.1" 200 17162 "http://tasktools.org/projects/clog.html" "Mozilla/5.0 (X11; Linux x86_64; rv:38.0) Gecko/20100101 Firefox/38.0"
89.187.236.170 - - [24/May/2015:18:03:06 +0000] "GET /projects/clog/clog-rule123.png HTTP/1.1" 200 63873 "http://tasktools.org/projects/clog.html" "Mozilla/5.0 (X11; Linux x86_64; rv:38.0) Gecko/20100101 Firefox/38.0"
89.187.236.170 - - [24/May/2015:18:03:05 +0000] "GET /projects/clog/clog-rule12.png HTTP/1.1" 200 108828 "http://tasktools.org/projects/clog.html" "Mozilla/5.0 (X11; Linux x86_64; rv:38.0) Gecko/20100101 Firefox/38.0"
89.187.236.170 - - [24/May/2015:18:03:05 +0000] "GET /projects/clog/clog-hamlet.png HTTP/1.1" 200 107928 "http://tasktools.org/projects/clog.html" "Mozilla/5.0 (X11; Linux x86_64; rv:38.0) Gecko/20100101 Firefox/38.0"
89.187.236.170 - - [24/May/2015:18:03:06 +0000] "GET /projects/clog/clog-sets.png HTTP/1.1" 200 59072 "http://tasktools.org/projects/clog.html" "Mozilla/5.0 (X11; Linux x86_64; rv:38.0) Gecko/20100101 Firefox/38.0"
89.187.236.170 - - [24/May/2015:18:03:06 +0000] "GET /projects/clog/clog-r12.png HTTP/1.1" 200 110789 "http://tasktools.org/projects/clog.html" "Mozilla/5.0 (X11; Linux x86_64; rv:38.0) Gecko/20100101 Firefox/38.0"
89.187.236.170 - - [24/May/2015:18:03:06 +0000] "GET /projects/clog/clog-set1.png HTTP/1.1" 200 8964 "http://tasktools.org/projects/clog.html" "Mozilla/5.0 (X11; Linux x86_64; rv:38.0) Gecko/20100101 Firefox/38.0"
89.187.236.170 - - [24/May/2015:18:03:06 +0000] "GET /projects/clog/clog-set2.png HTTP/1.1" 200 10154 "http://tasktools.org/projects/clog.html" "Mozilla/5.0 (X11; Linux x86_64; rv:38.0) Gecko/20100101 Firefox/38.0"
89.187.236.170 - - [24/May/2015:18:03:06 +0000] "GET /projects/clog/clog-set12.png HTTP/1.1" 200 10545 "http://tasktools.org/projects/clog.html" "Mozilla/5.0 (X11; Linux x86_64; rv:38.0) Gecko/20100101 Firefox/38.0"
89.187.236.170 - - [24/May/2015:18:03:05 +0000] "GET /projects/clog/clog-timestamp.png HTTP/1.1" 200 94241 "http://tasktools.org/projects/clog.html" "Mozilla/5.0 (X11; Linux x86_64; rv:38.0) Gecko/20100101 Firefox/38.0"
98.217.152.192 - - [24/May/2015:18:07:42 +0000] "GET /tw-m.png HTTP/1.1" 304 189 "http://central.tasktools.org/tasksh-1.1.0.html" "Mozilla/5.0 (Macintosh; Intel Mac OS X 10_10_4) AppleWebKit/537.36 (KHTML, like Gecko) Chrome/43.0.2357.65 Safari/537.36"
38.111.147.86 - - [24/May/2015:18:18:44 +0000] "GET /robots.txt HTTP/1.0" 404 490 "-" "TurnitinBot/3.0 (http://www.turnitin.com/robot/crawlerinfo.html)"
38.111.147.86 - - [24/May/2015:18:24:31 +0000] "GET / HTTP/1.0" 200 3496 "-" "TurnitinBot/3.0 (http://www.turnitin.com/robot/crawlerinfo.html)"
38.111.147.86 - - [24/May/2015:18:30:28 +0000] "GET /gitweb/?p=task.git;a=summary HTTP/1.0" 404 463 "-" "TurnitinBot/3.0 (http://www.turnitin.com/robot/crawlerinfo.html)"
68.180.228.121 - - [24/May/2015:18:35:55 +0000] "GET /limesurvey/index.php?id=13460 HTTP/1.1" 404 452 "-" "Mozilla/5.0 (compatible; Yahoo! Slurp; http://help.yahoo.com/help/us/ysearch/slurp)"
38.111.147.86 - - [24/May/2015:18:36:37 +0000] "GET /gitweb HTTP/1.0" 404 462 "-" "TurnitinBot/3.0 (http://www.turnitin.com/robot/crawlerinfo.html)"
180.76.15.28 - - [24/May/2015:18:36:54 +0000] "GET /rfcs/index.html HTTP/1.1" 200 1990 "-" "Mozilla/5.0 (compatible; Baiduspider/2.0; +http://www.baidu.com/search/spider.html)"
180.76.15.139 - - [24/May/2015:18:36:55 +0000] "GET /rfcs/ HTTP/1.1" 200 1990 "-" "Mozilla/5.0 (compatible; Baiduspider/2.0; +http://www.baidu.com/search/spider.html)"
38.111.147.86 - - [24/May/2015:18:43:19 +0000] "GET /projects/libvitapi.html HTTP/1.0" 404 471 "-" "TurnitinBot/3.0 (http://www.turnitin.com/robot/crawlerinfo.html)"
38.111.147.86 - - [24/May/2015:18:49:59 +0000] "GET /talks/git.pdf HTTP/1.0" 304 153 "-" "TurnitinBot/3.0 (http://www.turnitin.com/robot/crawlerinfo.html)"
157.157.96.193 - - [24/May/2015:18:50:11 +0000] "GET /projects/vit.html HTTP/1.1" 200 1896 "http://www.google.com/url?sa=t&rct=j&q=&esrc=s&source=web&cd=1&ved=0CB4QFjAA&url=http%3A%2F%2Ftasktools.org%2Fprojects%2Fvit.html&ei=Gh5iVevJM4WvsQH4vYHwCA&usg=AFQjCNGq5S-WXmG-rUwGPBevxZ3z8kir8g&sig2=LPHwTLL_XTNsncEwsA71GA&bvm=bv.93990622,d.bGg" "Mozilla/5.0 (X11; Ubuntu; Linux x86_64; rv:38.0) Gecko/20100101 Firefox/38.0"
157.157.96.193 - - [24/May/2015:18:50:11 +0000] "GET /bootstrap/css/bootstrap.min.css HTTP/1.1" 200 17588 "http://tasktools.org/projects/vit.html" "Mozilla/5.0 (X11; Ubuntu; Linux x86_64; rv:38.0) Gecko/20100101 Firefox/38.0"
157.157.96.193 - - [24/May/2015:18:50:11 +0000] "GET /bootstrap/js/bootstrap.min.js HTTP/1.1" 200 8019 "http://tasktools.org/projects/vit.html" "Mozilla/5.0 (X11; Ubuntu; Linux x86_64; rv:38.0) Gecko/20100101 Firefox/38.0"
157.157.96.193 - - [24/May/2015:18:50:11 +0000] "GET /favicon.ico HTTP/1.1" 200 1714 "-" "Mozilla/5.0 (X11; Ubuntu; Linux x86_64; rv:38.0) Gecko/20100101 Firefox/38.0"
157.157.96.193 - - [24/May/2015:18:50:11 +0000] "GET /bootstrap/fonts/glyphicons-halflings-regular.woff HTTP/1.1" 200 23600 "http://tasktools.org/bootstrap/css/bootstrap.min.css" "Mozilla/5.0 (X11; Ubuntu; Linux x86_64; rv:38.0) Gecko/20100101 Firefox/38.0"
80.216.36.134 - - [24/May/2015:18:51:22 +0000] "GET /projects/vit.html HTTP/1.1" 200 1896 "-" "Mozilla/5.0 (Macintosh; Intel Mac OS X 10_10_3) AppleWebKit/600.5.17 (KHTML, like Gecko) Version/8.0.5 Safari/600.5.17"
80.216.36.134 - - [24/May/2015:18:51:22 +0000] "GET /bootstrap/css/bootstrap.min.css HTTP/1.1" 200 17588 "http://tasktools.org/projects/vit.html" "Mozilla/5.0 (Macintosh; Intel Mac OS X 10_10_3) AppleWebKit/600.5.17 (KHTML, like Gecko) Version/8.0.5 Safari/600.5.17"
80.216.36.134 - - [24/May/2015:18:51:23 +0000] "GET /bootstrap/js/bootstrap.min.js HTTP/1.1" 200 8019 "http://tasktools.org/projects/vit.html" "Mozilla/5.0 (Macintosh; Intel Mac OS X 10_10_3) AppleWebKit/600.5.17 (KHTML, like Gecko) Version/8.0.5 Safari/600.5.17"
80.216.36.134 - - [24/May/2015:18:51:23 +0000] "GET /bootstrap/fonts/glyphicons-halflings-regular.woff HTTP/1.1" 200 23600 "http://tasktools.org/projects/vit.html" "Mozilla/5.0 (Macintosh; Intel Mac OS X 10_10_3) AppleWebKit/600.5.17 (KHTML, like Gecko) Version/8.0.5 Safari/600.5.17"
80.216.36.134 - - [24/May/2015:18:51:24 +0000] "GET /favicon.ico HTTP/1.1" 200 1714 "http://tasktools.org/projects/vit.html" "Mozilla/5.0 (Macintosh; Intel Mac OS X 10_10_3) AppleWebKit/600.5.17 (KHTML, like Gecko) Version/8.0.5 Safari/600.5.17"
38.111.147.86 - - [24/May/2015:18:56:12 +0000] "GET /talks/lt-git.pdf HTTP/1.0" 304 153 "-" "TurnitinBot/3.0 (http://www.turnitin.com/robot/crawlerinfo.html)"
38.111.147.86 - - [24/May/2015:19:02:23 +0000] "GET /talks/lt-task.pdf HTTP/1.0" 304 153 "-" "TurnitinBot/3.0 (http://www.turnitin.com/robot/crawlerinfo.html)"
98.217.152.192 - - [24/May/2015:19:06:07 +0000] "GET /tw-m.png HTTP/1.1" 304 189 "http://central.tasktools.org/tasksh-1.1.0.html" "Mozilla/5.0 (Macintosh; Intel Mac OS X 10_10_4) AppleWebKit/537.36 (KHTML, like Gecko) Chrome/43.0.2357.65 Safari/537.36"
38.111.147.86 - - [24/May/2015:19:08:56 +0000] "GET /rfcs/ HTTP/1.0" 304 175 "-" "TurnitinBot/3.0 (http://www.turnitin.com/robot/crawlerinfo.html)"
38.111.147.86 - - [24/May/2015:19:14:52 +0000] "GET /projects/performance.html HTTP/1.0" 200 3767 "-" "TurnitinBot/3.0 (http://www.turnitin.com/robot/crawlerinfo.html)"
38.111.147.86 - - [24/May/2015:19:21:07 +0000] "GET /projects/tasksh.html HTTP/1.0" 200 2004 "-" "TurnitinBot/3.0 (http://www.turnitin.com/robot/crawlerinfo.html)"
38.111.147.86 - - [24/May/2015:19:27:36 +0000] "GET /index.html HTTP/1.0" 200 3496 "-" "TurnitinBot/3.0 (http://www.turnitin.com/robot/crawlerinfo.html)"
38.111.147.86 - - [24/May/2015:19:33:51 +0000] "GET /projects/anomaly.html HTTP/1.0" 304 175 "-" "TurnitinBot/3.0 (http://www.turnitin.com/robot/crawlerinfo.html)"
38.111.147.86 - - [24/May/2015:19:39:35 +0000] "GET /projects/taskwarrior.html HTTP/1.0" 200 2413 "-" "TurnitinBot/3.0 (http://www.turnitin.com/robot/crawlerinfo.html)"
38.111.147.86 - - [24/May/2015:19:45:33 +0000] "GET /rfcs/index.html HTTP/1.0" 304 175 "-" "TurnitinBot/3.0 (http://www.turnitin.com/robot/crawlerinfo.html)"
180.76.15.31 - - [24/May/2015:19:50:25 +0000] "GET /mon HTTP/1.1" 301 516 "-" "Mozilla/5.0 (compatible; Baiduspider/2.0; +http://www.baidu.com/search/spider.html)"
180.76.15.153 - - [24/May/2015:19:50:26 +0000] "GET /mon/ HTTP/1.1" 200 2069 "-" "Mozilla/5.0 (compatible; Baiduspider/2.0; +http://www.baidu.com/search/spider.html)"
38.111.147.86 - - [24/May/2015:19:52:07 +0000] "GET /talks/index.html HTTP/1.0" 304 174 "-" "TurnitinBot/3.0 (http://www.turnitin.com/robot/crawlerinfo.html)"
38.111.147.86 - - [24/May/2015:19:58:06 +0000] "GET /license.html HTTP/1.0" 304 175 "-" "TurnitinBot/3.0 (http://www.turnitin.com/robot/crawlerinfo.html)"
38.111.147.86 - - [24/May/2015:20:04:23 +0000] "GET /projects/clog.html HTTP/1.0" 304 175 "-" "TurnitinBot/3.0 (http://www.turnitin.com/robot/crawlerinfo.html)"
189.124.254.234 - - [24/May/2015:20:05:42 +0000] "GET / HTTP/1.1" 200 3533 "http://taskwarrior.org/docs/taskserver/troubleshooting-sync.html" "Mozilla/5.0 (Macintosh; Intel Mac OS X 10_10_3) AppleWebKit/537.36 (KHTML, like Gecko) Chrome/43.0.2357.65 Safari/537.36"
189.124.254.234 - - [24/May/2015:20:05:42 +0000] "GET /bootstrap/css/bootstrap.min.css HTTP/1.1" 200 17588 "http://tasktools.org/" "Mozilla/5.0 (Macintosh; Intel Mac OS X 10_10_3) AppleWebKit/537.36 (KHTML, like Gecko) Chrome/43.0.2357.65 Safari/537.36"
189.124.254.234 - - [24/May/2015:20:05:42 +0000] "GET /bootstrap/js/bootstrap.min.js HTTP/1.1" 200 8019 "http://tasktools.org/" "Mozilla/5.0 (Macintosh; Intel Mac OS X 10_10_3) AppleWebKit/537.36 (KHTML, like Gecko) Chrome/43.0.2357.65 Safari/537.36"
189.124.254.234 - - [24/May/2015:20:05:42 +0000] "GET /tw-m.png HTTP/1.1" 200 6861 "http://tasktools.org/" "Mozilla/5.0 (Macintosh; Intel Mac OS X 10_10_3) AppleWebKit/537.36 (KHTML, like Gecko) Chrome/43.0.2357.65 Safari/537.36"
189.124.254.234 - - [24/May/2015:20:05:42 +0000] "GET /bootstrap/fonts/glyphicons-halflings-regular.woff HTTP/1.1" 200 23600 "http://tasktools.org/bootstrap/css/bootstrap.min.css" "Mozilla/5.0 (Macintosh; Intel Mac OS X 10_10_3) AppleWebKit/537.36 (KHTML, like Gecko) Chrome/43.0.2357.65 Safari/537.36"
189.124.254.234 - - [24/May/2015:20:05:44 +0000] "GET /favicon.ico HTTP/1.1" 200 1713 "http://tasktools.org/" "Mozilla/5.0 (Macintosh; Intel Mac OS X 10_10_3) AppleWebKit/537.36 (KHTML, like Gecko) Chrome/43.0.2357.65 Safari/537.36"
82.235.33.119 - - [24/May/2015:20:07:47 +0000] "GET / HTTP/1.1" 200 3533 "-" "Mozilla/5.0 (X11; Fedora; Linux x86_64; rv:38.0) Gecko/20100101 Firefox/38.0"
38.111.147.86 - - [24/May/2015:20:12:49 +0000] "GET /projects/kronisk.html HTTP/1.0" 304 175 "-" "TurnitinBot/3.0 (http://www.turnitin.com/robot/crawlerinfo.html)"
38.111.147.86 - - [24/May/2015:20:20:29 +0000] "GET /projects/taskd.html HTTP/1.0" 200 1959 "-" "TurnitinBot/3.0 (http://www.turnitin.com/robot/crawlerinfo.html)"
38.111.147.86 - - [24/May/2015:20:26:33 +0000] "GET /projects/vit.html HTTP/1.0" 304 175 "-" "TurnitinBot/3.0 (http://www.turnitin.com/robot/crawlerinfo.html)"
38.111.147.86 - - [24/May/2015:20:33:23 +0000] "GET /projects/vitapi.html HTTP/1.0" 304 175 "-" "TurnitinBot/3.0 (http://www.turnitin.com/robot/crawlerinfo.html)"
38.111.147.86 - - [24/May/2015:20:40:38 +0000] "GET /projects/vramsteg.html HTTP/1.0" 304 175 "-" "TurnitinBot/3.0 (http://www.turnitin.com/robot/crawlerinfo.html)"
38.111.147.86 - - [24/May/2015:20:46:19 +0000] "GET /about.html HTTP/1.0" 304 175 "-" "TurnitinBot/3.0 (http://www.turnitin.com/robot/crawlerinfo.html)"
180.76.15.159 - - [24/May/2015:20:55:44 +0000] "GET /projects/clog HTTP/1.1" 301 532 "-" "Mozilla/5.0 (compatible; Baiduspider/2.0; +http://www.baidu.com/search/spider.html)"
180.76.15.148 - - [24/May/2015:20:55:44 +0000] "GET /projects/clog/ HTTP/1.1" 403 469 "-" "Mozilla/5.0 (compatible; Baiduspider/2.0; +http://www.baidu.com/search/spider.html)"
104.155.214.192 - - [24/May/2015:21:01:36 +0000] "GET http://tasktools.org/ HTTP/1.0" 200 12644 "http://tasktools.org/" "Mozilla/5.0 (Windows NT 6.1; WOW64) AppleWebKit/537.36 (KHTML, like Gecko) Chrome/38.0.2125.111 Safari/537.36"
68.180.228.121 - - [24/May/2015:21:16:40 +0000] "GET /rfcs/ HTTP/1.1" 304 156 "-" "Mozilla/5.0 (compatible; Yahoo! Slurp; http://help.yahoo.com/help/us/ysearch/slurp)"
66.249.83.188 - - [24/May/2015:21:29:55 +0000] "GET / HTTP/1.1" 200 3533 "-" "Mozilla/5.0 (Windows NT 6.1; rv:6.0) Gecko/20110814 Firefox/6.0 Google favicon"
66.249.83.188 - - [24/May/2015:21:29:55 +0000] "GET /favicon.ico HTTP/1.1" 200 1713 "-" "Mozilla/5.0 (Windows NT 6.1; rv:6.0) Gecko/20110814 Firefox/6.0 Google favicon"
79.168.110.243 - - [24/May/2015:21:31:52 +0000] "GET /latest HTTP/1.1" 200 269 "http://taskwarrior.org/docs/examples.html" "Mozilla/5.0 (X11; Linux x86_64; rv:38.0) Gecko/20100101 Firefox/38.0"
79.168.110.243 - - [24/May/2015:21:31:52 +0000] "GET /favicon.ico HTTP/1.1" 200 1713 "-" "Mozilla/5.0 (X11; Linux x86_64; rv:38.0) Gecko/20100101 Firefox/38.0"
79.168.110.243 - - [24/May/2015:21:31:59 +0000] "GET /latest HTTP/1.1" 200 269 "-" "Wget/1.16 (linux-gnu)"
78.156.66.104 - - [24/May/2015:21:54:58 +0000] "GET /projects/vit.html HTTP/1.1" 200 1896 "http://tasktools.org/projects/vit.html" "Mozilla/5.0 (X11; Linux x86_64; rv:38.0) Gecko/20100101 Firefox/38.0"
78.156.66.104 - - [24/May/2015:21:54:58 +0000] "GET /bootstrap/css/bootstrap.min.css HTTP/1.1" 200 17588 "http://tasktools.org/projects/vit.html" "Mozilla/5.0 (X11; Linux x86_64; rv:38.0) Gecko/20100101 Firefox/38.0"
78.156.66.104 - - [24/May/2015:21:54:58 +0000] "GET /favicon.ico HTTP/1.1" 200 1714 "-" "Mozilla/5.0 (X11; Linux x86_64; rv:38.0) Gecko/20100101 Firefox/38.0"
31.223.136.160 - - [24/May/2015:22:00:40 +0000] "GET /piwik/piwik.js HTTP/1.1" 404 502 "http://flod.us/" "Mozilla/5.0 (Windows NT 6.1; WOW64) AppleWebKit/537.36 (KHTML, like Gecko) Chrome/36.0.1985.143 Safari/537.36"
123.125.71.82 - - [24/May/2015:22:02:02 +0000] "GET / HTTP/1.1" 304 175 "-" "Mozilla/5.0 (compatible; Baiduspider/2.0; +http://www.baidu.com/search/spider.html)"
134.147.116.188 - - [24/May/2015:22:03:23 +0000] "GET /projects/taskd.html HTTP/1.1" 200 1996 "http://tasktools.org/" "Mozilla/5.0 (X11; Linux x86_64) AppleWebKit/537.36 (KHTML, like Gecko) Chrome/42.0.2311.135 Safari/537.36"
134.147.116.188 - - [24/May/2015:22:03:23 +0000] "GET /bootstrap/css/bootstrap.min.css HTTP/1.1" 200 17588 "http://tasktools.org/projects/taskd.html" "Mozilla/5.0 (X11; Linux x86_64) AppleWebKit/537.36 (KHTML, like Gecko) Chrome/42.0.2311.135 Safari/537.36"
134.147.116.188 - - [24/May/2015:22:03:23 +0000] "GET /bootstrap/js/bootstrap.min.js HTTP/1.1" 200 8019 "http://tasktools.org/projects/taskd.html" "Mozilla/5.0 (X11; Linux x86_64) AppleWebKit/537.36 (KHTML, like Gecko) Chrome/42.0.2311.135 Safari/537.36"
134.147.116.188 - - [24/May/2015:22:03:23 +0000] "GET /bootstrap/fonts/glyphicons-halflings-regular.woff HTTP/1.1" 200 23600 "http://tasktools.org/bootstrap/css/bootstrap.min.css" "Mozilla/5.0 (X11; Linux x86_64) AppleWebKit/537.36 (KHTML, like Gecko) Chrome/42.0.2311.135 Safari/537.36"
134.147.116.188 - - [24/May/2015:22:03:24 +0000] "GET /favicon.ico HTTP/1.1" 200 1713 "http://tasktools.org/projects/taskd.html" "Mozilla/5.0 (X11; Linux x86_64) AppleWebKit/537.36 (KHTML, like Gecko) Chrome/42.0.2311.135 Safari/537.36"
46.229.164.111 - - [24/May/2015:22:03:47 +0000] "GET /projects/tasksh.html HTTP/1.1" 200 2004 "-" "Mozilla/5.0 (compatible; SemrushBot/0.98~bl; +http://www.semrush.com/bot.html)"
207.46.13.43 - - [24/May/2015:22:16:38 +0000] "GET / HTTP/1.1" 200 3533 "-" "Mozilla/5.0 (compatible; bingbot/2.0; +http://www.bing.com/bingbot.htm)"
129.27.3.93 - - [24/May/2015:22:17:16 +0000] "GET /projects/anomaly.html HTTP/1.1" 200 9189 "-" "Mozilla/5.0 (X11; Linux x86_64; rv:10.0.4) Gecko/20100101 Firefox/10.0.4 Iceweasel/10.0.4"
66.249.75.26 - - [24/May/2015:22:18:48 +0000] "GET /robots.txt HTTP/1.1" 404 501 "-" "Mozilla/5.0 (compatible; Googlebot/2.1; +http://www.google.com/bot.html)"
66.249.75.18 - - [24/May/2015:22:18:48 +0000] "GET / HTTP/1.1" 200 3533 "-" "DoCoMo/2.0 N905i(c100;TB;W24H16) (compatible; Googlebot-Mobile/2.1; +http://www.google.com/bot.html)"
85.25.185.173 - - [24/May/2015:22:21:34 +0000] "GET / HTTP/1.1" 200 3533 "-" "Mozilla/5.0 (compatible; MSIE 10.0; Windows NT 6.2; WOW64; Trident/6.0)"
85.25.185.173 - - [24/May/2015:22:21:34 +0000] "GET /index.html HTTP/1.1" 200 3532 "-" "Mozilla/5.0 (compatible; MSIE 10.0; Windows NT 6.2; WOW64; Trident/6.0)"
85.25.185.173 - - [24/May/2015:22:21:34 +0000] "GET /about.html HTTP/1.1" 200 2018 "-" "Mozilla/5.0 (compatible; MSIE 10.0; Windows NT 6.2; WOW64; Trident/6.0)"
85.25.185.173 - - [24/May/2015:22:21:37 +0000] "GET /projects/taskwarrior.html HTTP/1.1" 200 2449 "-" "Mozilla/5.0 (compatible; MSIE 10.0; Windows NT 6.2; WOW64; Trident/6.0)"
85.25.185.173 - - [24/May/2015:22:21:37 +0000] "GET /projects/taskd.html HTTP/1.1" 200 1995 "-" "Mozilla/5.0 (compatible; MSIE 10.0; Windows NT 6.2; WOW64; Trident/6.0)"
85.25.185.173 - - [24/May/2015:22:21:37 +0000] "GET /projects/vit.html HTTP/1.1" 200 1895 "-" "Mozilla/5.0 (compatible; MSIE 10.0; Windows NT 6.2; WOW64; Trident/6.0)"
85.25.185.173 - - [24/May/2015:22:21:37 +0000] "GET /projects/tasksh.html HTTP/1.1" 200 2040 "-" "Mozilla/5.0 (compatible; MSIE 10.0; Windows NT 6.2; WOW64; Trident/6.0)"
85.25.185.173 - - [24/May/2015:22:21:37 +0000] "GET /projects/vramsteg.html HTTP/1.1" 200 2061 "-" "Mozilla/5.0 (compatible; MSIE 10.0; Windows NT 6.2; WOW64; Trident/6.0)"
85.25.185.173 - - [24/May/2015:22:21:37 +0000] "GET /projects/clog.html HTTP/1.1" 200 2699 "-" "Mozilla/5.0 (compatible; MSIE 10.0; Windows NT 6.2; WOW64; Trident/6.0)"
85.25.185.173 - - [24/May/2015:22:21:38 +0000] "GET /projects/anomaly.html HTTP/1.1" 200 3392 "-" "Mozilla/5.0 (compatible; MSIE 10.0; Windows NT 6.2; WOW64; Trident/6.0)"
85.25.185.173 - - [24/May/2015:22:21:38 +0000] "GET /projects/vitapi.html HTTP/1.1" 200 2050 "-" "Mozilla/5.0 (compatible; MSIE 10.0; Windows NT 6.2; WOW64; Trident/6.0)"
85.25.185.173 - - [24/May/2015:22:21:38 +0000] "GET /projects/kronisk.html HTTP/1.1" 200 2172 "-" "Mozilla/5.0 (compatible; MSIE 10.0; Windows NT 6.2; WOW64; Trident/6.0)"
85.25.185.173 - - [24/May/2015:22:21:38 +0000] "GET /tinderbox HTTP/1.1" 404 500 "-" "Mozilla/5.0 (compatible; MSIE 10.0; Windows NT 6.2; WOW64; Trident/6.0)"
193.252.149.14 - - [24/May/2015:22:23:59 +0000] "GET /robots.txt HTTP/1.1" 404 464 "-" "Mozilla/5.0 (compatible; OrangeBot/2.0; support.orangebot@orange.com)"
193.252.149.14 - - [24/May/2015:22:24:01 +0000] "GET / HTTP/1.1" 200 3496 "-" "Mozilla/5.0 (compatible; OrangeBot/2.0; support.orangebot@orange.com)"
207.46.13.136 - - [24/May/2015:22:29:52 +0000] "GET /gitweb/?p=kronisk.git;a=atom HTTP/1.1" 404 500 "-" "Mozilla/5.0 (compatible; bingbot/2.0; +http://www.bing.com/bingbot.htm)"
194.187.168.21 - - [24/May/2015:22:38:28 +0000] "GET /robots.txt HTTP/1.0" 404 464 "-" "Mozilla/5.0 (compatible; Qwantify/2.1n; +https://www.qwant.com/)/*"
194.187.168.21 - - [24/May/2015:22:38:28 +0000] "GET /projects/taskd.html HTTP/1.0" 200 1959 "-" "Mozilla/5.0 (compatible; Qwantify/2.1n; +https://www.qwant.com/)/*"
180.76.15.32 - - [24/May/2015:22:55:50 +0000] "GET /license.html HTTP/1.1" 200 2161 "-" "Mozilla/5.0 (compatible; Baiduspider/2.0; +http://www.baidu.com/search/spider.html)"
2.92.159.124 - - [24/May/2015:23:03:30 +0000] "GET /projects/taskd.html HTTP/1.1" 200 1959 "http://yandex.ru/clck/jsredir?from=yandex.ru%3Bsearch%3Bweb%3B%3B&text=&etext=698.4fhyK-4gjqEogqyo9BdLtntzsnxgrXBXkH_oA0VspqY.f06e3101eca9f0e52a276ae4ca03c5fec4427e8f&uuid=&state=AiuY0DBWFJ4ePaEse6rgeAjgs2pI3DW9J0KiE5XNXd0dp0ZMwFHoviUoYa6nzP7MSi3gOS8hVmIFePDjTld34TXGKphyivMN6WORD3NlDHFZLhGA3WNmeUcRbVTYuCxsSh75Yky5M2HG9urXWLB4O702EM8sUeTbVxj8cEvPW4Z1GXmWrVxVnaQch8_r3YNOoEXwGSH6CdR4t0qz-oNgeA&data=UlNrNmk5WktYejR0eWJFYk1Ldmtxa1c0V0NaQzBjeHNHNENPWUZlYnE4U1RRUlpNSlNKb0lvTktYdWhadFZFQk1xenRiQVJpdmFNQ0hGTlJIaWZaaUNmSnpEOU5KVVlpTlpjaWhvcHRVd0dqRk51dWxaaks2NXJiRkEza0Y0UE4&b64e=2&sign=00685e32f138604a30258664c611466d&keyno=0&l10n=ru&cts=1432507767506&mc=1.57917855901" "Mozilla/5.0 (Windows NT 6.1; WOW64) AppleWebKit/537.36 (KHTML, like Gecko) Chrome/31.0.1650.63 Safari/537.36"
2.92.159.124 - - [24/May/2015:23:03:30 +0000] "GET /bootstrap/js/bootstrap.min.js HTTP/1.1" 200 7982 "http://tasktools.org/projects/taskd.html" "Mozilla/5.0 (Windows NT 6.1; WOW64) AppleWebKit/537.36 (KHTML, like Gecko) Chrome/31.0.1650.63 Safari/537.36"
2.92.159.124 - - [24/May/2015:23:03:33 +0000] "GET /bootstrap/css/bootstrap.min.css HTTP/1.1" 200 17552 "http://tasktools.org/projects/taskd.html" "Mozilla/5.0 (Windows NT 6.1; WOW64) AppleWebKit/537.36 (KHTML, like Gecko) Chrome/31.0.1650.63 Safari/537.36"
180.76.15.156 - - [24/May/2015:23:10:50 +0000] "GET /?lang=en HTTP/1.1" 200 3496 "-" "Mozilla/5.0 (compatible; Baiduspider/2.0; +http://www.baidu.com/search/spider.html)"
129.27.3.93 - - [24/May/2015:23:12:01 +0000] "GET /projects/clog.html HTTP/1.1" 200 7744 "-" "Mozilla/5.0 (X11; Linux x86_64; rv:10.0.4) Gecko/20100101 Firefox/10.0.4 Iceweasel/10.0.4"
203.161.153.252 - - [24/May/2015:23:16:35 +0000] "GET / HTTP/1.1" 200 3533 "http://taskwarrior.org/docs/" "Mozilla/5.0 (Windows NT 6.1; WOW64) AppleWebKit/537.36 (KHTML, like Gecko) Chrome/43.0.2357.65 Safari/537.36"
203.161.153.252 - - [24/May/2015:23:16:36 +0000] "GET /bootstrap/css/bootstrap.min.css HTTP/1.1" 200 17588 "http://tasktools.org/" "Mozilla/5.0 (Windows NT 6.1; WOW64) AppleWebKit/537.36 (KHTML, like Gecko) Chrome/43.0.2357.65 Safari/537.36"
203.161.153.252 - - [24/May/2015:23:16:38 +0000] "GET /tw-m.png HTTP/1.1" 200 6861 "http://tasktools.org/" "Mozilla/5.0 (Windows NT 6.1; WOW64) AppleWebKit/537.36 (KHTML, like Gecko) Chrome/43.0.2357.65 Safari/537.36"
203.161.153.252 - - [24/May/2015:23:16:38 +0000] "GET /bootstrap/js/bootstrap.min.js HTTP/1.1" 200 8019 "http://tasktools.org/" "Mozilla/5.0 (Windows NT 6.1; WOW64) AppleWebKit/537.36 (KHTML, like Gecko) Chrome/43.0.2357.65 Safari/537.36"
203.161.153.252 - - [24/May/2015:23:16:39 +0000] "GET /bootstrap/fonts/glyphicons-halflings-regular.woff HTTP/1.1" 200 23600 "http://tasktools.org/bootstrap/css/bootstrap.min.css" "Mozilla/5.0 (Windows NT 6.1; WOW64) AppleWebKit/537.36 (KHTML, like Gecko) Chrome/43.0.2357.65 Safari/537.36"
203.161.153.252 - - [24/May/2015:23:16:40 +0000] "GET /favicon.ico HTTP/1.1" 200 1713 "http://tasktools.org/" "Mozilla/5.0 (Windows NT 6.1; WOW64) AppleWebKit/537.36 (KHTML, like Gecko) Chrome/43.0.2357.65 Safari/537.36"
203.161.153.252 - - [24/May/2015:23:17:16 +0000] "GET /projects/taskwarrior.html HTTP/1.1" 200 2450 "http://tasktools.org/" "Mozilla/5.0 (Windows NT 6.1; WOW64) AppleWebKit/537.36 (KHTML, like Gecko) Chrome/43.0.2357.65 Safari/537.36"
121.45.198.169 - - [24/May/2015:23:42:22 +0000] "GET /projects/taskwarrior.html HTTP/1.1" 200 2450 "http://www.google.com/url?sa=t&rct=j&q=&esrc=s&source=web&cd=4&cad=rja&uact=8&ved=0CDYQFjAD&url=http%3A%2F%2Ftasktools.org%2Fprojects%2Ftaskwarrior.html&ei=kmJiVfPAF43v8gXr1oOwCA&usg=AFQjCNHcna8X7usidR0GdOdg1wAHZ5HHtg&sig2=OJ5DOb2OrgZEYR83NZ924Q&bvm=bv.93990622,d.dGc" "Mozilla/5.0 (Windows NT 6.3; WOW64; rv:35.0) Gecko/20100101 Firefox/35.0"
121.45.198.169 - - [24/May/2015:23:42:22 +0000] "GET /bootstrap/css/bootstrap.min.css HTTP/1.1" 200 17588 "http://tasktools.org/projects/taskwarrior.html" "Mozilla/5.0 (Windows NT 6.3; WOW64; rv:35.0) Gecko/20100101 Firefox/35.0"
121.45.198.169 - - [24/May/2015:23:42:22 +0000] "GET /bootstrap/js/bootstrap.min.js HTTP/1.1" 200 8019 "http://tasktools.org/projects/taskwarrior.html" "Mozilla/5.0 (Windows NT 6.3; WOW64; rv:35.0) Gecko/20100101 Firefox/35.0"
121.45.198.169 - - [24/May/2015:23:42:22 +0000] "GET /favicon.ico HTTP/1.1" 200 1714 "-" "Mozilla/5.0 (Windows NT 6.3; WOW64; rv:35.0) Gecko/20100101 Firefox/35.0"
121.45.198.169 - - [24/May/2015:23:42:25 +0000] "GET /bootstrap/fonts/glyphicons-halflings-regular.woff HTTP/1.1" 200 23600 "http://tasktools.org/bootstrap/css/bootstrap.min.css" "Mozilla/5.0 (Windows NT 6.3; WOW64; rv:35.0) Gecko/20100101 Firefox/35.0"
98.217.152.192 - - [24/May/2015:23:44:57 +0000] "GET /tw-m.png HTTP/1.1" 304 189 "http://central.tasktools.org/tasksh-1.1.0.html" "Mozilla/5.0 (Macintosh; Intel Mac OS X 10_10_4) AppleWebKit/537.36 (KHTML, like Gecko) Chrome/43.0.2357.65 Safari/537.36"
149.172.82.157 - - [25/May/2015:00:11:55 +0000] "GET /projects/taskd.html HTTP/1.1" 200 1996 "http://rpmfind.net/linux/rpm2html/search.php?query=taskd-debuginfo" "Mozilla/5.0 (Windows NT 6.1; WOW64; rv:38.0) Gecko/20100101 Firefox/38.0"
149.172.82.157 - - [25/May/2015:00:11:56 +0000] "GET /bootstrap/css/bootstrap.min.css HTTP/1.1" 200 17588 "http://tasktools.org/projects/taskd.html" "Mozilla/5.0 (Windows NT 6.1; WOW64; rv:38.0) Gecko/20100101 Firefox/38.0"
149.172.82.157 - - [25/May/2015:00:11:56 +0000] "GET /bootstrap/js/bootstrap.min.js HTTP/1.1" 200 8019 "http://tasktools.org/projects/taskd.html" "Mozilla/5.0 (Windows NT 6.1; WOW64; rv:38.0) Gecko/20100101 Firefox/38.0"
149.172.82.157 - - [25/May/2015:00:11:56 +0000] "GET /favicon.ico HTTP/1.1" 200 1714 "-" "Mozilla/5.0 (Windows NT 6.1; WOW64; rv:38.0) Gecko/20100101 Firefox/38.0"
149.172.82.157 - - [25/May/2015:00:11:56 +0000] "GET /bootstrap/fonts/glyphicons-halflings-regular.woff HTTP/1.1" 200 23600 "http://tasktools.org/bootstrap/css/bootstrap.min.css" "Mozilla/5.0 (Windows NT 6.1; WOW64; rv:38.0) Gecko/20100101 Firefox/38.0"
149.172.82.157 - - [25/May/2015:00:11:57 +0000] "GET /favicon.ico HTTP/1.1" 200 1713 "-" "Mozilla/5.0 (Windows NT 6.1; WOW64; rv:38.0) Gecko/20100101 Firefox/38.0"
66.249.75.34 - - [25/May/2015:00:14:39 +0000] "GET / HTTP/1.1" 200 3533 "-" "SAMSUNG-SGH-E250/1.0 Profile/MIDP-2.0 Configuration/CLDC-1.1 UP.Browser/6.2.3.3.c.1.101 (GUI) MMP/2.0 (compatible; Googlebot-Mobile/2.1; +http://www.google.com/bot.html)"
189.68.156.45 - - [25/May/2015:00:16:37 +0000] "GET / HTTP/1.1" 200 3533 "http://www.google.com.br/url?sa=t&rct=j&q=&esrc=s&source=web&cd=4&ved=0CDYQFjAD&url=http%3A%2F%2Ftasktools.org%2F&ei=mWpiVZe4CuzZsASUgoHYAQ&usg=AFQjCNH2M4xPDpU4w3v_YmB86KePKqZZWA&bvm=bv.93990622,d.cWc" "Mozilla/5.0 (X11; Ubuntu; Linux i686; rv:38.0) Gecko/20100101 Firefox/38.0"
189.68.156.45 - - [25/May/2015:00:16:37 +0000] "GET /bootstrap/css/bootstrap.min.css HTTP/1.1" 200 17588 "http://tasktools.org/" "Mozilla/5.0 (X11; Ubuntu; Linux i686; rv:38.0) Gecko/20100101 Firefox/38.0"
189.68.156.45 - - [25/May/2015:00:16:37 +0000] "GET /bootstrap/js/bootstrap.min.js HTTP/1.1" 200 8019 "http://tasktools.org/" "Mozilla/5.0 (X11; Ubuntu; Linux i686; rv:38.0) Gecko/20100101 Firefox/38.0"
189.68.156.45 - - [25/May/2015:00:16:37 +0000] "GET /favicon.ico HTTP/1.1" 200 1714 "-" "Mozilla/5.0 (X11; Ubuntu; Linux i686; rv:38.0) Gecko/20100101 Firefox/38.0"
189.68.156.45 - - [25/May/2015:00:16:38 +0000] "GET /tw-m.png HTTP/1.1" 200 6860 "http://tasktools.org/" "Mozilla/5.0 (X11; Ubuntu; Linux i686; rv:38.0) Gecko/20100101 Firefox/38.0"
189.68.156.45 - - [25/May/2015:00:16:38 +0000] "GET /bootstrap/fonts/glyphicons-halflings-regular.woff HTTP/1.1" 200 23600 "http://tasktools.org/bootstrap/css/bootstrap.min.css" "Mozilla/5.0 (X11; Ubuntu; Linux i686; rv:38.0) Gecko/20100101 Firefox/38.0"
189.68.156.45 - - [25/May/2015:00:17:04 +0000] "GET /piwik/piwik.js HTTP/1.1" 404 502 "http://holidata.net/" "Mozilla/5.0 (X11; Ubuntu; Linux i686; rv:38.0) Gecko/20100101 Firefox/38.0"
207.46.13.43 - - [25/May/2015:00:37:18 +0000] "GET /projects/taskd.html HTTP/1.1" 200 1996 "-" "Mozilla/5.0 (compatible; bingbot/2.0; +http://www.bing.com/bingbot.htm)"
207.46.13.43 - - [25/May/2015:00:37:31 +0000] "GET /bootstrap/css/bootstrap.min.css HTTP/1.1" 200 17589 "-" "Mozilla/5.0 (compatible; bingbot/2.0; +http://www.bing.com/bingbot.htm)"
157.55.39.171 - - [25/May/2015:00:40:49 +0000] "GET /bootstrap/js/bootstrap.min.js HTTP/1.1" 200 8019 "-" "Mozilla/5.0 (compatible; bingbot/2.0; +http://www.bing.com/bingbot.htm)"
182.118.25.229 - - [25/May/2015:00:45:25 +0000] "GET / HTTP/1.1" 200 3532 "http://www.tasktools.org/" "Mozilla/5.0 (compatible; MSIE 9.0; Windows NT 6.1; Trident/5.0); 360Spider(compatible; HaosouSpider; http://www.haosou.com/help/help_3_2.html)"
180.76.15.26 - - [25/May/2015:00:56:40 +0000] "GET /?lang=ar HTTP/1.1" 200 3496 "-" "Mozilla/5.0 (compatible; Baiduspider/2.0; +http://www.baidu.com/search/spider.html)"
46.229.164.113 - - [25/May/2015:01:03:52 +0000] "GET /rfcs/gitweb/gitweb.cgi?p=rfc.git;a=blob_plain;f=rfc30-accomplishinterval.txt;hb=HEAD HTTP/1.1" 404 471 "-" "Mozilla/5.0 (compatible; SemrushBot/0.98~bl; +http://www.semrush.com/bot.html)"
84.147.26.89 - - [25/May/2015:01:07:23 +0000] "GET /latest HTTP/1.1" 200 232 "-" "libwww-perl/6.08"
101.226.167.197 - - [25/May/2015:01:09:24 +0000] "GET / HTTP/1.1" 200 3533 "http://tasktools.org/" "Mozilla/5.0 (Windows NT 6.1) AppleWebKit/537.1 (KHTML, like Gecko) Chrome/21.0.1180.89 Safari/537.1; 360Spider(compatible; HaosouSpider; http://www.haosou.com/help/help_3_2.html)"
46.229.164.114 - - [25/May/2015:01:36:59 +0000] "GET /rfcs/gitweb/gitweb.cgi?p=rfc.git;a=blob_plain;f=rfc5-hooks.txt;hb=HEAD HTTP/1.1" 404 471 "-" "Mozilla/5.0 (compatible; SemrushBot/0.98~bl; +http://www.semrush.com/bot.html)"
65.55.210.3 - - [25/May/2015:01:38:32 +0000] "GET /bootstrap/fonts/glyphicons-halflings-regular.ttf HTTP/1.1" 200 41450 "http://tasktools.org/projects/taskd.html" "Mozilla/5.0 (Windows NT 6.1; WOW64) AppleWebKit/534+ (KHTML, like Gecko) BingPreview/1.0b"
180.76.15.10 - - [25/May/2015:01:39:24 +0000] "GET /rfcs/ HTTP/1.1" 200 1990 "-" "Mozilla/5.0 (compatible; Baiduspider/2.0; +http://www.baidu.com/search/spider.html)"
46.229.164.102 - - [25/May/2015:02:03:06 +0000] "GET /rfcs/gitweb/gitweb.cgi?p=rfc.git;a=blob_plain;f=rfc13-performance.txt;hb=HEAD HTTP/1.1" 404 471 "-" "Mozilla/5.0 (compatible; SemrushBot/0.98~bl; +http://www.semrush.com/bot.html)"
125.227.255.30 - - [25/May/2015:02:41:42 +0000] "GET / HTTP/1.1" 200 3533 "-" "Mozilla/4.0 (compatible; MSIE 6.0; Windows NT 5.1; SV1; Mozilla/4.0 (compatible; MSIE 6.0; Windows NT 5.1; SV1) ; .NET CLR 2.0.50727 ; .NET CLR 4.0.30319)"
98.217.152.192 - - [25/May/2015:03:05:56 +0000] "GET /tw-m.png HTTP/1.1" 304 189 "http://central.tasktools.org/tasksh-1.1.0.html" "Mozilla/5.0 (Macintosh; Intel Mac OS X 10_10_4) AppleWebKit/537.36 (KHTML, like Gecko) Chrome/43.0.2357.65 Safari/537.36"
46.229.164.102 - - [25/May/2015:03:26:55 +0000] "GET /rfcs/gitweb/gitweb.cgi?p=rfc.git;a=blob_plain;f=rfc11-command-line.txt;hb=HEAD HTTP/1.1" 404 471 "-" "Mozilla/5.0 (compatible; SemrushBot/0.98~bl; +http://www.semrush.com/bot.html)"
46.229.164.102 - - [25/May/2015:04:01:00 +0000] "GET /rfcs/gitweb/gitweb.cgi?p=rfc.git;a=blob_plain;f=rfc31-urgency.txt;hb=HEAD HTTP/1.1" 404 471 "-" "Mozilla/5.0 (compatible; SemrushBot/0.98~bl; +http://www.semrush.com/bot.html)"
188.165.15.21 - - [25/May/2015:04:06:10 +0000] "GET /projects/clog.html HTTP/1.1" 200 2644 "-" "Mozilla/5.0 (compatible; AhrefsBot/5.0; +http://ahrefs.com/robot/)"
46.229.164.111 - - [25/May/2015:04:20:45 +0000] "GET /about.html HTTP/1.1" 200 1982 "-" "Mozilla/5.0 (compatible; SemrushBot/0.98~bl; +http://www.semrush.com/bot.html)"
107.22.23.231 - - [25/May/2015:04:31:58 +0000] "GET / HTTP/1.1" 200 3533 "-" "Mozilla/5.0 (X11; Linux x86_64) AppleWebKit/534.34 (KHTML, like Gecko) Qt/4.8.2"
107.22.23.231 - - [25/May/2015:04:31:58 +0000] "GET /bootstrap/css/bootstrap.min.css HTTP/1.1" 200 17588 "http://tasktools.org/" "Mozilla/5.0 (X11; Linux x86_64) AppleWebKit/534.34 (KHTML, like Gecko) Qt/4.8.2"
107.22.23.231 - - [25/May/2015:04:31:58 +0000] "GET /bootstrap/js/bootstrap.min.js HTTP/1.1" 200 8019 "http://tasktools.org/" "Mozilla/5.0 (X11; Linux x86_64) AppleWebKit/534.34 (KHTML, like Gecko) Qt/4.8.2"
81.173.237.83 - - [25/May/2015:04:37:08 +0000] "GET / HTTP/1.1" 200 3533 "http://www.google.de/url?sa=t&rct=j&q=&esrc=s&source=web&cd=1&ved=0CCEQFjAA&url=http%3A%2F%2Ftasktools.org%2F&ei=oadiVYDjLoSAUdnxgOAC&usg=AFQjCNH2M4xPDpU4w3v_YmB86KePKqZZWA&bvm=bv.93990622,d.d24&cad=rja" "Mozilla/5.0 (Macintosh; Intel Mac OS X 10.10; rv:38.0) Gecko/20100101 Firefox/38.0"
81.173.237.83 - - [25/May/2015:04:37:08 +0000] "GET /bootstrap/css/bootstrap.min.css HTTP/1.1" 200 17588 "http://tasktools.org/" "Mozilla/5.0 (Macintosh; Intel Mac OS X 10.10; rv:38.0) Gecko/20100101 Firefox/38.0"
81.173.237.83 - - [25/May/2015:04:37:08 +0000] "GET /bootstrap/js/bootstrap.min.js HTTP/1.1" 200 8019 "http://tasktools.org/" "Mozilla/5.0 (Macintosh; Intel Mac OS X 10.10; rv:38.0) Gecko/20100101 Firefox/38.0"
81.173.237.83 - - [25/May/2015:04:37:08 +0000] "GET /favicon.ico HTTP/1.1" 200 1714 "-" "Mozilla/5.0 (Macintosh; Intel Mac OS X 10.10; rv:38.0) Gecko/20100101 Firefox/38.0"
81.173.237.83 - - [25/May/2015:04:37:08 +0000] "GET /tw-m.png HTTP/1.1" 200 6860 "http://tasktools.org/" "Mozilla/5.0 (Macintosh; Intel Mac OS X 10.10; rv:38.0) Gecko/20100101 Firefox/38.0"
81.173.237.83 - - [25/May/2015:04:37:08 +0000] "GET /bootstrap/fonts/glyphicons-halflings-regular.woff HTTP/1.1" 200 23600 "http://tasktools.org/bootstrap/css/bootstrap.min.css" "Mozilla/5.0 (Macintosh; Intel Mac OS X 10.10; rv:38.0) Gecko/20100101 Firefox/38.0"
46.229.164.113 - - [25/May/2015:04:39:02 +0000] "GET /tinderbox/taskwarrior-2.3.0.html HTTP/1.1" 404 477 "-" "Mozilla/5.0 (compatible; SemrushBot/0.98~bl; +http://www.semrush.com/bot.html)"
180.76.15.33 - - [25/May/2015:04:57:11 +0000] "GET /projects/performance.html HTTP/1.1" 200 3767 "-" "Mozilla/5.0 (compatible; Baiduspider/2.0; +http://www.baidu.com/search/spider.html)"
46.229.164.111 - - [25/May/2015:04:58:59 +0000] "GET /license.html HTTP/1.1" 200 2161 "-" "Mozilla/5.0 (compatible; SemrushBot/0.98~bl; +http://www.semrush.com/bot.html)"
66.249.75.18 - - [25/May/2015:05:52:10 +0000] "GET /httprepo/taskd.git/objects/bf/97bbaf9cd9e717352b2282a50e9d2010230852 HTTP/1.1" 404 545 "-" "Mozilla/5.0 (compatible; Googlebot/2.1; +http://www.google.com/bot.html)"
46.229.164.102 - - [25/May/2015:05:56:32 +0000] "GET /rfcs/gitweb/gitweb.cgi?p=rfc.git;a=blob_plain;f=rfc35-threads.txt;hb=HEAD HTTP/1.1" 404 471 "-" "Mozilla/5.0 (compatible; SemrushBot/0.98~bl; +http://www.semrush.com/bot.html)"
188.165.15.21 - - [25/May/2015:06:11:32 +0000] "GET /index.html HTTP/1.1" 200 3477 "-" "Mozilla/5.0 (compatible; AhrefsBot/5.0; +http://ahrefs.com/robot/)"
66.249.75.26 - - [25/May/2015:06:14:40 +0000] "GET /projects/clog.html HTTP/1.1" 200 2700 "-" "DoCoMo/2.0 N905i(c100;TB;W24H16) (compatible; Googlebot-Mobile/2.1; +http://www.google.com/bot.html)"
46.229.164.111 - - [25/May/2015:06:36:13 +0000] "GET /limesurvey/index.php?sid=86652 HTTP/1.1" 404 471 "-" "Mozilla/5.0 (compatible; SemrushBot/0.98~bl; +http://www.semrush.com/bot.html)"
91.180.42.232 - - [25/May/2015:06:39:20 +0000] "GET /projects/vit.html HTTP/1.1" 200 1896 "http://taskwarrior.org/tools/" "Mozilla/5.0 (iPad; CPU OS 8_3 like Mac OS X) AppleWebKit/600.1.4 (KHTML, like Gecko) Mobile/12F69"
91.180.42.232 - - [25/May/2015:06:39:20 +0000] "GET /bootstrap/css/bootstrap.min.css HTTP/1.1" 200 17588 "http://tasktools.org/projects/vit.html" "Mozilla/5.0 (iPad; CPU OS 8_3 like Mac OS X) AppleWebKit/600.1.4 (KHTML, like Gecko) Mobile/12F69"
91.180.42.232 - - [25/May/2015:06:39:20 +0000] "GET /bootstrap/js/bootstrap.min.js HTTP/1.1" 200 8019 "http://tasktools.org/projects/vit.html" "Mozilla/5.0 (iPad; CPU OS 8_3 like Mac OS X) AppleWebKit/600.1.4 (KHTML, like Gecko) Mobile/12F69"
91.180.42.232 - - [25/May/2015:06:39:21 +0000] "GET /bootstrap/fonts/glyphicons-halflings-regular.woff HTTP/1.1" 200 23600 "http://tasktools.org/projects/vit.html" "Mozilla/5.0 (iPad; CPU OS 8_3 like Mac OS X) AppleWebKit/600.1.4 (KHTML, like Gecko) Mobile/12F69"
94.218.187.92 - - [25/May/2015:06:47:31 +0000] "GET /projects/vit.html HTTP/1.1" 200 1896 "https://www.google.de/" "Mozilla/5.0 (X11; Linux x86_64) AppleWebKit/537.36 (KHTML, like Gecko) Chrome/43.0.2357.65 Safari/537.36"
94.218.187.92 - - [25/May/2015:06:47:31 +0000] "GET /bootstrap/css/bootstrap.min.css HTTP/1.1" 200 17588 "http://tasktools.org/projects/vit.html" "Mozilla/5.0 (X11; Linux x86_64) AppleWebKit/537.36 (KHTML, like Gecko) Chrome/43.0.2357.65 Safari/537.36"
94.218.187.92 - - [25/May/2015:06:47:31 +0000] "GET /bootstrap/js/bootstrap.min.js HTTP/1.1" 200 8019 "http://tasktools.org/projects/vit.html" "Mozilla/5.0 (X11; Linux x86_64) AppleWebKit/537.36 (KHTML, like Gecko) Chrome/43.0.2357.65 Safari/537.36"
94.218.187.92 - - [25/May/2015:06:47:31 +0000] "GET /bootstrap/fonts/glyphicons-halflings-regular.woff HTTP/1.1" 200 23600 "http://tasktools.org/bootstrap/css/bootstrap.min.css" "Mozilla/5.0 (X11; Linux x86_64) AppleWebKit/537.36 (KHTML, like Gecko) Chrome/43.0.2357.65 Safari/537.36"
94.218.187.92 - - [25/May/2015:06:47:32 +0000] "GET /favicon.ico HTTP/1.1" 200 1713 "http://tasktools.org/projects/vit.html" "Mozilla/5.0 (X11; Linux x86_64) AppleWebKit/537.36 (KHTML, like Gecko) Chrome/43.0.2357.65 Safari/537.36"
46.229.164.114 - - [25/May/2015:06:53:36 +0000] "GET /projects/anomaly.html HTTP/1.1" 200 3356 "-" "Mozilla/5.0 (compatible; SemrushBot/0.98~bl; +http://www.semrush.com/bot.html)"
46.229.164.111 - - [25/May/2015:07:07:49 +0000] "GET /projects/vitapi.html HTTP/1.1" 200 2014 "-" "Mozilla/5.0 (compatible; SemrushBot/0.98~bl; +http://www.semrush.com/bot.html)"
46.229.164.99 - - [25/May/2015:07:25:18 +0000] "GET /projects/libvitapi.html HTTP/1.1" 404 471 "-" "Mozilla/5.0 (compatible; SemrushBot/0.98~bl; +http://www.semrush.com/bot.html)"
46.229.164.111 - - [25/May/2015:07:43:39 +0000] "GET /rfcs/gitweb/gitweb.cgi?p=rfc.git;a=blob_plain;f=rfc22-substitutions.txt;hb=HEAD HTTP/1.1" 404 471 "-" "Mozilla/5.0 (compatible; SemrushBot/0.98~bl; +http://www.semrush.com/bot.html)"
180.76.15.9 - - [25/May/2015:07:50:57 +0000] "GET / HTTP/1.1" 304 175 "-" "Mozilla/5.0 (compatible; Baiduspider/2.0; +http://www.baidu.com/search/spider.html)"
46.229.164.99 - - [25/May/2015:08:06:05 +0000] "GET /projects/libkronisk.html HTTP/1.1" 404 474 "-" "Mozilla/5.0 (compatible; SemrushBot/0.98~bl; +http://www.semrush.com/bot.html)"
107.198.124.99 - - [25/May/2015:08:12:39 +0000] "GET /projects/vit.html HTTP/1.1" 200 1896 "http://taskwarrior.org/tools/" "Mozilla/5.0 (Macintosh; Intel Mac OS X 10_9_5) AppleWebKit/537.36 (KHTML, like Gecko) Chrome/42.0.2311.152 Safari/537.36"
107.198.124.99 - - [25/May/2015:08:12:39 +0000] "GET /bootstrap/css/bootstrap.min.css HTTP/1.1" 200 17588 "http://tasktools.org/projects/vit.html" "Mozilla/5.0 (Macintosh; Intel Mac OS X 10_9_5) AppleWebKit/537.36 (KHTML, like Gecko) Chrome/42.0.2311.152 Safari/537.36"
107.198.124.99 - - [25/May/2015:08:12:39 +0000] "GET /bootstrap/js/bootstrap.min.js HTTP/1.1" 200 8019 "http://tasktools.org/projects/vit.html" "Mozilla/5.0 (Macintosh; Intel Mac OS X 10_9_5) AppleWebKit/537.36 (KHTML, like Gecko) Chrome/42.0.2311.152 Safari/537.36"
107.198.124.99 - - [25/May/2015:08:12:39 +0000] "GET /bootstrap/fonts/glyphicons-halflings-regular.woff HTTP/1.1" 200 23600 "http://tasktools.org/bootstrap/css/bootstrap.min.css" "Mozilla/5.0 (Macintosh; Intel Mac OS X 10_9_5) AppleWebKit/537.36 (KHTML, like Gecko) Chrome/42.0.2311.152 Safari/537.36"
107.198.124.99 - - [25/May/2015:08:12:39 +0000] "GET /favicon.ico HTTP/1.1" 200 1713 "http://tasktools.org/projects/vit.html" "Mozilla/5.0 (Macintosh; Intel Mac OS X 10_9_5) AppleWebKit/537.36 (KHTML, like Gecko) Chrome/42.0.2311.152 Safari/537.36"
37.201.193.11 - - [25/May/2015:08:12:41 +0000] "GET /projects/vit.html HTTP/1.1" 200 1896 "http://taskwarrior.org/docs/tutorials/start.html" "Mozilla/5.0 (X11; Linux i686; rv:31.0) Gecko/20100101 Firefox/31.0"
37.201.193.11 - - [25/May/2015:08:12:41 +0000] "GET /bootstrap/css/bootstrap.min.css HTTP/1.1" 200 17588 "http://tasktools.org/projects/vit.html" "Mozilla/5.0 (X11; Linux i686; rv:31.0) Gecko/20100101 Firefox/31.0"
37.201.193.11 - - [25/May/2015:08:12:41 +0000] "GET /favicon.ico HTTP/1.1" 200 1714 "-" "Mozilla/5.0 (X11; Linux i686; rv:31.0) Gecko/20100101 Firefox/31.0"
66.206.0.26 - - [25/May/2015:08:31:12 +0000] "GET / HTTP/1.1" 200 12681 "-" "-"
66.249.81.156 - - [25/May/2015:08:35:50 +0000] "GET / HTTP/1.1" 200 3533 "-" "Mozilla/5.0 (Windows NT 6.1; rv:6.0) Gecko/20110814 Firefox/6.0 Google favicon"
66.249.81.148 - - [25/May/2015:08:35:51 +0000] "GET /favicon.ico HTTP/1.1" 200 1714 "-" "Mozilla/5.0 (Windows NT 6.1; rv:6.0) Gecko/20110814 Firefox/6.0 Google favicon"
66.249.75.18 - - [25/May/2015:09:18:41 +0000] "GET /gitweb/?p=task.git;a=blob;f=DEVELOPER;hb=2.0.0 HTTP/1.1" 404 500 "-" "Mozilla/5.0 (compatible; Googlebot/2.1; +http://www.google.com/bot.html)"
46.229.164.111 - - [25/May/2015:09:19:51 +0000] "GET /rfcs/index.html HTTP/1.1" 200 1990 "-" "Mozilla/5.0 (compatible; SemrushBot/0.98~bl; +http://www.semrush.com/bot.html)"
46.229.164.99 - - [25/May/2015:09:38:07 +0000] "GET /plans/index.html HTTP/1.1" 404 468 "-" "Mozilla/5.0 (compatible; SemrushBot/0.98~bl; +http://www.semrush.com/bot.html)"
194.187.251.5 - - [25/May/2015:09:48:28 +0000] "GET /favicon.ico HTTP/1.1" 304 188 "-" "Mozilla/5.0 (X11; Linux x86_64; rv:38.0) Gecko/20100101 Firefox/38.0"
46.229.164.113 - - [25/May/2015:09:52:32 +0000] "GET /tinderbox/taskd.html HTTP/1.1" 404 469 "-" "Mozilla/5.0 (compatible; SemrushBot/0.98~bl; +http://www.semrush.com/bot.html)"
46.229.164.111 - - [25/May/2015:10:04:19 +0000] "GET /rfcs/gitweb/gitweb.cgi?p=rfc.git;a=blob_plain;f=rfc16-dom.txt;hb=HEAD HTTP/1.1" 404 471 "-" "Mozilla/5.0 (compatible; SemrushBot/0.98~bl; +http://www.semrush.com/bot.html)"
46.229.164.111 - - [25/May/2015:10:16:23 +0000] "GET /projects/clog.html HTTP/1.1" 200 2663 "-" "Mozilla/5.0 (compatible; SemrushBot/0.98~bl; +http://www.semrush.com/bot.html)"
100.43.81.155 - - [25/May/2015:10:18:03 +0000] "GET /robots.txt HTTP/1.1" 404 527 "-" "Mozilla/5.0 (compatible; YandexBot/3.0; +http://yandex.com/bots)"
46.229.164.113 - - [25/May/2015:10:29:19 +0000] "GET /rfcs/gitweb/gitweb.cgi?p=rfc.git;a=blob_plain;f=rfc7-storage.txt;hb=HEAD HTTP/1.1" 404 471 "-" "Mozilla/5.0 (compatible; SemrushBot/0.98~bl; +http://www.semrush.com/bot.html)"
129.27.3.93 - - [25/May/2015:10:32:34 +0000] "GET /projects/vramsteg.html HTTP/1.1" 200 4963 "-" "Mozilla/5.0 (X11; Linux x86_64; rv:10.0.4) Gecko/20100101 Firefox/10.0.4 Iceweasel/10.0.4"
46.229.164.99 - - [25/May/2015:10:43:10 +0000] "GET / HTTP/1.1" 200 3496 "-" "Mozilla/5.0 (compatible; SemrushBot/0.98~bl; +http://www.semrush.com/bot.html)"
207.46.13.43 - - [25/May/2015:10:44:47 +0000] "GET / HTTP/1.1" 200 3533 "-" "Mozilla/5.0 (compatible; bingbot/2.0; +http://www.bing.com/bingbot.htm)"
46.9.193.212 - - [25/May/2015:10:59:09 +0000] "GET / HTTP/1.1" 200 3533 "http://taskwarrior.org/news/news.20150524.html" "Mozilla/5.0 (Linux; Android 5.0.1; HTC One_M8 Build/LRX22C) AppleWebKit/537.36 (KHTML, like Gecko) Chrome/42.0.2311.111 Mobile Safari/537.36"
46.9.193.212 - - [25/May/2015:10:59:09 +0000] "GET /bootstrap/css/bootstrap.min.css HTTP/1.1" 200 17588 "http://tasktools.org/" "Mozilla/5.0 (Linux; Android 5.0.1; HTC One_M8 Build/LRX22C) AppleWebKit/537.36 (KHTML, like Gecko) Chrome/42.0.2311.111 Mobile Safari/537.36"
46.9.193.212 - - [25/May/2015:10:59:09 +0000] "GET /bootstrap/js/bootstrap.min.js HTTP/1.1" 200 8019 "http://tasktools.org/" "Mozilla/5.0 (Linux; Android 5.0.1; HTC One_M8 Build/LRX22C) AppleWebKit/537.36 (KHTML, like Gecko) Chrome/42.0.2311.111 Mobile Safari/537.36"
46.9.193.212 - - [25/May/2015:10:59:09 +0000] "GET /tw-m.png HTTP/1.1" 200 6861 "http://tasktools.org/" "Mozilla/5.0 (Linux; Android 5.0.1; HTC One_M8 Build/LRX22C) AppleWebKit/537.36 (KHTML, like Gecko) Chrome/42.0.2311.111 Mobile Safari/537.36"
46.9.193.212 - - [25/May/2015:10:59:10 +0000] "GET /favicon.ico HTTP/1.1" 200 1713 "http://tasktools.org/" "Mozilla/5.0 (Linux; Android 5.0.1; HTC One_M8 Build/LRX22C) AppleWebKit/537.36 (KHTML, like Gecko) Chrome/42.0.2311.111 Mobile Safari/537.36"
