218.213.231.130 - - [25/May/2015:10:59:27 +0000] "GET / HTTP/1.1" 200 3533 "http://www.google.com.hk/url?sa=t&rct=j&q=&esrc=s&source=web&cd=12&ved=0CE4QFjAL&url=http%3A%2F%2Ftasktools.org%2F&ei=QAFjVdqnAsK3mwWSmoHQCw&usg=AFQjCNH2M4xPDpU4w3v_YmB86KePKqZZWA" "Mozilla/5.0 (Macintosh; Intel Mac OS X 10.10; rv:38.0) Gecko/20100101 Firefox/38.0"
218.213.231.130 - - [25/May/2015:10:59:28 +0000] "GET /bootstrap/css/bootstrap.min.css HTTP/1.1" 200 17588 "http://tasktools.org/" "Mozilla/5.0 (Macintosh; Intel Mac OS X 10.10; rv:38.0) Gecko/20100101 Firefox/38.0"
218.213.231.130 - - [25/May/2015:10:59:28 +0000] "GET /bootstrap/js/bootstrap.min.js HTTP/1.1" 200 8019 "http://tasktools.org/" "Mozilla/5.0 (Macintosh; Intel Mac OS X 10.10; rv:38.0) Gecko/20100101 Firefox/38.0"
218.213.231.130 - - [25/May/2015:10:59:28 +0000] "GET /favicon.ico HTTP/1.1" 200 1714 "-" "Mozilla/5.0 (Macintosh; Intel Mac OS X 10.10; rv:38.0) Gecko/20100101 Firefox/38.0"
218.213.231.130 - - [25/May/2015:10:59:28 +0000] "GET /tw-m.png HTTP/1.1" 200 6860 "http://tasktools.org/" "Mozilla/5.0 (Macintosh; Intel Mac OS X 10.10; rv:38.0) Gecko/20100101 Firefox/38.0"
218.213.231.130 - - [25/May/2015:10:59:28 +0000] "GET /bootstrap/fonts/glyphicons-halflings-regular.woff HTTP/1.1" 200 23600 "http://tasktools.org/bootstrap/css/bootstrap.min.css" "Mozilla/5.0 (Macintosh; Intel Mac OS X 10.10; rv:38.0) Gecko/20100101 Firefox/38.0"
46.229.164.114 - - [25/May/2015:10:59:29 +0000] "GET /tinderbox/taskwarrior.html HTTP/1.1" 404 471 "-" "Mozilla/5.0 (compatible; SemrushBot/0.98~bl; +http://www.semrush.com/bot.html)"
218.213.231.130 - - [25/May/2015:10:59:55 +0000] "GET /projects/vit.html HTTP/1.1" 200 1896 "http://tasktools.org/" "Mozilla/5.0 (Macintosh; Intel Mac OS X 10.10; rv:38.0) Gecko/20100101 Firefox/38.0"
218.213.231.130 - - [25/May/2015:11:00:22 +0000] "GET /projects/taskwarrior.html HTTP/1.1" 200 2450 "http://tasktools.org/" "Mozilla/5.0 (Macintosh; Intel Mac OS X 10.10; rv:38.0) Gecko/20100101 Firefox/38.0"
46.9.193.212 - - [25/May/2015:11:02:29 +0000] "GET /projects/vramsteg.html HTTP/1.1" 200 2062 "http://tasktools.org/" "Mozilla/5.0 (Linux; Android 5.0.1; HTC One_M8 Build/LRX22C) AppleWebKit/537.36 (KHTML, like Gecko) Chrome/42.0.2311.111 Mobile Safari/537.36"
46.9.193.212 - - [25/May/2015:11:02:29 +0000] "GET /projects/vramsteg.png HTTP/1.1" 200 69768 "http://tasktools.org/projects/vramsteg.html" "Mozilla/5.0 (Linux; Android 5.0.1; HTC One_M8 Build/LRX22C) AppleWebKit/537.36 (KHTML, like Gecko) Chrome/42.0.2311.111 Mobile Safari/537.36"
180.76.15.28 - - [25/May/2015:11:03:29 +0000] "GET /projects/vitapi.html HTTP/1.1" 200 2014 "-" "Mozilla/5.0 (compatible; Baiduspider/2.0; +http://www.baidu.com/search/spider.html)"
180.76.15.158 - - [25/May/2015:11:18:28 +0000] "GET /projects/anomaly HTTP/1.1" 200 3425 "-" "Mozilla/5.0 (compatible; Baiduspider/2.0; +http://www.baidu.com/search/spider.html)"
103.243.226.101 - - [25/May/2015:11:26:31 +0000] "GET /projects/taskwarrior.html HTTP/1.1" 200 2394 "https://www.google.co.in/" "Mozilla/5.0 (Windows NT 6.3; WOW64) AppleWebKit/537.36 (KHTML, like Gecko) Chrome/43.0.2357.65 Safari/537.36"
103.243.226.101 - - [25/May/2015:11:26:32 +0000] "GET /bootstrap/css/bootstrap.min.css HTTP/1.1" 200 17533 "http://tasktools.org/projects/taskwarrior.html" "Mozilla/5.0 (Windows NT 6.3; WOW64) AppleWebKit/537.36 (KHTML, like Gecko) Chrome/43.0.2357.65 Safari/537.36"
103.243.226.101 - - [25/May/2015:11:26:32 +0000] "GET /bootstrap/js/bootstrap.min.js HTTP/1.1" 200 7963 "http://tasktools.org/projects/taskwarrior.html" "Mozilla/5.0 (Windows NT 6.3; WOW64) AppleWebKit/537.36 (KHTML, like Gecko) Chrome/43.0.2357.65 Safari/537.36"
103.243.226.101 - - [25/May/2015:11:26:35 +0000] "GET /bootstrap/fonts/glyphicons-halflings-regular.woff HTTP/1.1" 200 23545 "http://tasktools.org/bootstrap/css/bootstrap.min.css" "Mozilla/5.0 (Windows NT 6.3; WOW64) AppleWebKit/537.36 (KHTML, like Gecko) Chrome/43.0.2357.65 Safari/537.36"
103.243.226.101 - - [25/May/2015:11:26:38 +0000] "GET /favicon.ico HTTP/1.1" 200 1658 "http://tasktools.org/projects/taskwarrior.html" "Mozilla/5.0 (Windows NT 6.3; WOW64) AppleWebKit/537.36 (KHTML, like Gecko) Chrome/43.0.2357.65 Safari/537.36"
187.114.115.33 - - [25/May/2015:11:41:23 +0000] "GET / HTTP/1.1" 200 3533 "http://buttons-for-your-website.com" "Mozilla/5.0 (Windows NT 6.1; WOW64) AppleWebKit/537.36 (KHTML, like Gecko) Chrome/36.0.1985.143 Safari/537.36"
187.114.115.33 - - [25/May/2015:11:41:24 +0000] "GET /bootstrap/css/bootstrap.min.css HTTP/1.1" 200 17588 "http://tasktools.org/" "Mozilla/5.0 (Windows NT 6.1; WOW64) AppleWebKit/537.36 (KHTML, like Gecko) Chrome/36.0.1985.143 Safari/537.36"
187.114.115.33 - - [25/May/2015:11:41:24 +0000] "GET /bootstrap/js/bootstrap.min.js HTTP/1.1" 200 8019 "http://tasktools.org/" "Mozilla/5.0 (Windows NT 6.1; WOW64) AppleWebKit/537.36 (KHTML, like Gecko) Chrome/36.0.1985.143 Safari/537.36"
187.114.115.33 - - [25/May/2015:11:41:24 +0000] "GET /tw-m.png HTTP/1.1" 200 6861 "http://tasktools.org/" "Mozilla/5.0 (Windows NT 6.1; WOW64) AppleWebKit/537.36 (KHTML, like Gecko) Chrome/36.0.1985.143 Safari/537.36"
46.229.164.102 - - [25/May/2015:11:49:54 +0000] "GET /talks/index.html HTTP/1.1" 200 1692 "-" "Mozilla/5.0 (compatible; SemrushBot/0.98~bl; +http://www.semrush.com/bot.html)"
66.249.84.194 - - [25/May/2015:11:50:12 +0000] "GET / HTTP/1.1" 200 3533 "-" "Mozilla/5.0 (Windows NT 6.1; rv:6.0) Gecko/20110814 Firefox/6.0 Google favicon"
66.249.84.188 - - [25/May/2015:11:50:13 +0000] "GET /favicon.ico HTTP/1.1" 200 1714 "-" "Mozilla/5.0 (Windows NT 6.1; rv:6.0) Gecko/20110814 Firefox/6.0 Google favicon"
54.91.136.186 - - [25/May/2015:11:51:55 +0000] "GET /robots.txt HTTP/1.1" 404 445 "-" "Googlebot (gocrawl v0.4)"
54.167.128.154 - - [25/May/2015:11:52:04 +0000] "GET /robots.txt HTTP/1.1" 404 445 "-" "Googlebot (gocrawl v0.4)"
54.91.136.186 - - [25/May/2015:11:52:06 +0000] "GET / HTTP/1.1" 200 3477 "-" "Mozilla/5.0 (Windows NT 6.1; rv:15.0) Gecko/20120716 Firefox/15.0a2"
54.147.208.36 - - [25/May/2015:11:52:15 +0000] "GET /robots.txt HTTP/1.1" 404 445 "-" "Googlebot (gocrawl v0.4)"
54.167.128.154 - - [25/May/2015:11:52:16 +0000] "GET / HTTP/1.1" 200 3477 "-" "Mozilla/5.0 (Windows NT 6.1; rv:15.0) Gecko/20120716 Firefox/15.0a2"
54.161.211.148 - - [25/May/2015:11:52:26 +0000] "GET /robots.txt HTTP/1.1" 404 445 "-" "Googlebot (gocrawl v0.4)"
54.147.208.36 - - [25/May/2015:11:52:30 +0000] "GET / HTTP/1.1" 200 3477 "-" "Mozilla/5.0 (Windows NT 6.1; rv:15.0) Gecko/20120716 Firefox/15.0a2"
54.161.211.148 - - [25/May/2015:11:52:37 +0000] "GET / HTTP/1.1" 200 3477 "-" "Mozilla/5.0 (Windows NT 6.1; rv:15.0) Gecko/20120716 Firefox/15.0a2"
54.237.60.209 - - [25/May/2015:11:52:39 +0000] "GET /robots.txt HTTP/1.1" 404 445 "-" "Googlebot (gocrawl v0.4)"
54.161.203.38 - - [25/May/2015:11:52:40 +0000] "GET /robots.txt HTTP/1.1" 404 445 "-" "Googlebot (gocrawl v0.4)"
54.161.203.38 - - [25/May/2015:11:52:51 +0000] "GET / HTTP/1.1" 200 3477 "-" "Mozilla/5.0 (Windows NT 6.1; rv:15.0) Gecko/20120716 Firefox/15.0a2"
54.237.60.209 - - [25/May/2015:11:52:53 +0000] "GET / HTTP/1.1" 200 3477 "-" "Mozilla/5.0 (Windows NT 6.1; rv:15.0) Gecko/20120716 Firefox/15.0a2"
54.158.127.241 - - [25/May/2015:11:53:39 +0000] "GET /robots.txt HTTP/1.1" 404 445 "-" "Googlebot (gocrawl v0.4)"
54.167.131.86 - - [25/May/2015:11:53:42 +0000] "GET /robots.txt HTTP/1.1" 404 445 "-" "Googlebot (gocrawl v0.4)"
54.158.127.241 - - [25/May/2015:11:53:51 +0000] "GET / HTTP/1.1" 200 3477 "-" "Mozilla/5.0 (Windows NT 6.1; rv:15.0) Gecko/20120716 Firefox/15.0a2"
54.167.131.86 - - [25/May/2015:11:53:53 +0000] "GET / HTTP/1.1" 200 3477 "-" "Mozilla/5.0 (Windows NT 6.1; rv:15.0) Gecko/20120716 Firefox/15.0a2"
54.91.136.186 - - [25/May/2015:11:55:24 +0000] "GET /robots.txt HTTP/1.1" 404 445 "-" "Googlebot (gocrawl v0.4)"
54.237.60.209 - - [25/May/2015:11:55:27 +0000] "GET /robots.txt HTTP/1.1" 404 445 "-" "Googlebot (gocrawl v0.4)"
54.158.163.218 - - [25/May/2015:11:55:33 +0000] "GET /robots.txt HTTP/1.1" 404 445 "-" "Googlebot (gocrawl v0.4)"
54.91.136.186 - - [25/May/2015:11:55:35 +0000] "GET / HTTP/1.1" 200 3477 "-" "Mozilla/5.0 (Windows NT 6.1; rv:15.0) Gecko/20120716 Firefox/15.0a2"
54.237.60.209 - - [25/May/2015:11:55:38 +0000] "GET / HTTP/1.1" 200 3477 "-" "Mozilla/5.0 (Windows NT 6.1; rv:15.0) Gecko/20120716 Firefox/15.0a2"
54.158.163.218 - - [25/May/2015:11:55:45 +0000] "GET / HTTP/1.1" 200 3477 "-" "Mozilla/5.0 (Windows NT 6.1; rv:15.0) Gecko/20120716 Firefox/15.0a2"
54.197.168.202 - - [25/May/2015:11:56:00 +0000] "GET /robots.txt HTTP/1.1" 404 445 "-" "Googlebot (gocrawl v0.4)"
54.197.168.202 - - [25/May/2015:11:56:11 +0000] "GET / HTTP/1.1" 200 3477 "-" "Mozilla/5.0 (Windows NT 6.1; rv:15.0) Gecko/20120716 Firefox/15.0a2"
54.159.158.83 - - [25/May/2015:11:56:15 +0000] "GET /robots.txt HTTP/1.1" 404 445 "-" "Googlebot (gocrawl v0.4)"
54.159.158.83 - - [25/May/2015:11:56:26 +0000] "GET / HTTP/1.1" 200 3477 "-" "Mozilla/5.0 (Windows NT 6.1; rv:15.0) Gecko/20120716 Firefox/15.0a2"
54.147.208.36 - - [25/May/2015:11:57:03 +0000] "GET /robots.txt HTTP/1.1" 404 445 "-" "Googlebot (gocrawl v0.4)"
54.147.208.36 - - [25/May/2015:11:57:14 +0000] "GET / HTTP/1.1" 200 3477 "-" "Mozilla/5.0 (Windows NT 6.1; rv:15.0) Gecko/20120716 Firefox/15.0a2"
54.197.171.199 - - [25/May/2015:11:58:07 +0000] "GET /robots.txt HTTP/1.1" 404 445 "-" "Googlebot (gocrawl v0.4)"
178.255.215.92 - - [25/May/2015:12:09:34 +0000] "GET /robots.txt HTTP/1.1" 404 464 "-" "Mozilla/5.0 (compatible; Exabot/3.0; +http://www.exabot.com/go/robot)"
178.255.215.92 - - [25/May/2015:12:09:34 +0000] "GET / HTTP/1.1" 304 175 "-" "Mozilla/5.0 (compatible; Exabot/3.0; +http://www.exabot.com/go/robot)"
46.229.164.99 - - [25/May/2015:12:27:05 +0000] "GET /projects/kronisk.html HTTP/1.1" 200 2136 "-" "Mozilla/5.0 (compatible; SemrushBot/0.98~bl; +http://www.semrush.com/bot.html)"
61.135.189.161 - - [25/May/2015:12:48:29 +0000] "GET /tinderbox HTTP/1.1" 404 464 "-" "Sogou web spider/4.0(+http://www.sogou.com/docs/help/webmasters.htm#07)"
61.135.189.161 - - [25/May/2015:12:48:55 +0000] "GET / HTTP/1.1" 304 175 "-" "Sogou web spider/4.0(+http://www.sogou.com/docs/help/webmasters.htm#07)"
46.229.164.111 - - [25/May/2015:12:49:01 +0000] "GET /rfcs/gitweb/gitweb.cgi?p=rfc.git;a=blob_plain;f=rfc15-file-format.txt;hb=HEAD HTTP/1.1" 404 471 "-" "Mozilla/5.0 (compatible; SemrushBot/0.98~bl; +http://www.semrush.com/bot.html)"
61.135.189.161 - - [25/May/2015:12:49:45 +0000] "GET /robots.txt HTTP/1.1" 404 490 "-" "Sogou web spider/4.0(+http://www.sogou.com/docs/help/webmasters.htm#07)"
46.229.164.113 - - [25/May/2015:13:00:56 +0000] "GET /rfcs/gitweb/gitweb.cgi?p=rfc.git;a=blob_plain;f=rfc27-dependencies.txt;hb=HEAD HTTP/1.1" 404 471 "-" "Mozilla/5.0 (compatible; SemrushBot/0.98~bl; +http://www.semrush.com/bot.html)"
46.229.164.111 - - [25/May/2015:13:14:51 +0000] "GET /projects/anomaly HTTP/1.1" 200 3425 "-" "Mozilla/5.0 (compatible; SemrushBot/0.98~bl; +http://www.semrush.com/bot.html)"
64.13.110.45 - - [25/May/2015:13:14:58 +0000] "GET /projects/clog.html HTTP/1.1" 200 2700 "-" "Mozilla/5.0 (X11; Linux i686 on x86_64; rv:38.0) Gecko/20100101 Firefox/38.0 Iceweasel/38.0.1"
64.13.110.45 - - [25/May/2015:13:14:58 +0000] "GET /bootstrap/css/bootstrap.min.css HTTP/1.1" 200 17588 "http://tasktools.org/projects/clog.html" "Mozilla/5.0 (X11; Linux i686 on x86_64; rv:38.0) Gecko/20100101 Firefox/38.0 Iceweasel/38.0.1"
64.13.110.45 - - [25/May/2015:13:14:58 +0000] "GET /favicon.ico HTTP/1.1" 200 1714 "-" "Mozilla/5.0 (X11; Linux i686 on x86_64; rv:38.0) Gecko/20100101 Firefox/38.0 Iceweasel/38.0.1"
64.13.110.45 - - [25/May/2015:13:14:58 +0000] "GET /bootstrap/js/bootstrap.min.js HTTP/1.1" 200 8019 "http://tasktools.org/projects/clog.html" "Mozilla/5.0 (X11; Linux i686 on x86_64; rv:38.0) Gecko/20100101 Firefox/38.0 Iceweasel/38.0.1"
64.13.110.45 - - [25/May/2015:13:14:59 +0000] "GET /projects/clog/clog-sed.png HTTP/1.1" 200 10547 "http://tasktools.org/projects/clog.html" "Mozilla/5.0 (X11; Linux i686 on x86_64; rv:38.0) Gecko/20100101 Firefox/38.0 Iceweasel/38.0.1"
64.13.110.45 - - [25/May/2015:13:14:59 +0000] "GET /projects/clog/clog-nothing.png HTTP/1.1" 200 11907 "http://tasktools.org/projects/clog.html" "Mozilla/5.0 (X11; Linux i686 on x86_64; rv:38.0) Gecko/20100101 Firefox/38.0 Iceweasel/38.0.1"
64.13.110.45 - - [25/May/2015:13:14:59 +0000] "GET /projects/clog/clog-rule.png HTTP/1.1" 200 11504 "http://tasktools.org/projects/clog.html" "Mozilla/5.0 (X11; Linux i686 on x86_64; rv:38.0) Gecko/20100101 Firefox/38.0 Iceweasel/38.0.1"
64.13.110.45 - - [25/May/2015:13:14:59 +0000] "GET /projects/clog/clog-hamlet.png HTTP/1.1" 200 107927 "http://tasktools.org/projects/clog.html" "Mozilla/5.0 (X11; Linux i686 on x86_64; rv:38.0) Gecko/20100101 Firefox/38.0 Iceweasel/38.0.1"
64.13.110.45 - - [25/May/2015:13:14:59 +0000] "GET /projects/clog/clog-timestamp.png HTTP/1.1" 200 94241 "http://tasktools.org/projects/clog.html" "Mozilla/5.0 (X11; Linux i686 on x86_64; rv:38.0) Gecko/20100101 Firefox/38.0 Iceweasel/38.0.1"
64.13.110.45 - - [25/May/2015:13:14:59 +0000] "GET /bootstrap/fonts/glyphicons-halflings-regular.woff HTTP/1.1" 200 23600 "http://tasktools.org/bootstrap/css/bootstrap.min.css" "Mozilla/5.0 (X11; Linux i686 on x86_64; rv:38.0) Gecko/20100101 Firefox/38.0 Iceweasel/38.0.1"
64.13.110.45 - - [25/May/2015:13:14:59 +0000] "GET /projects/clog/clog-rule1.png HTTP/1.1" 200 108718 "http://tasktools.org/projects/clog.html" "Mozilla/5.0 (X11; Linux i686 on x86_64; rv:38.0) Gecko/20100101 Firefox/38.0 Iceweasel/38.0.1"
64.13.110.45 - - [25/May/2015:13:14:59 +0000] "GET /projects/clog/clog-rule2.png HTTP/1.1" 200 12531 "http://tasktools.org/projects/clog.html" "Mozilla/5.0 (X11; Linux i686 on x86_64; rv:38.0) Gecko/20100101 Firefox/38.0 Iceweasel/38.0.1"
64.13.110.45 - - [25/May/2015:13:15:00 +0000] "GET /projects/clog/clog-rule123.png HTTP/1.1" 200 63873 "http://tasktools.org/projects/clog.html" "Mozilla/5.0 (X11; Linux i686 on x86_64; rv:38.0) Gecko/20100101 Firefox/38.0 Iceweasel/38.0.1"
64.13.110.45 - - [25/May/2015:13:15:00 +0000] "GET /projects/clog/clog-rule3.png HTTP/1.1" 200 12352 "http://tasktools.org/projects/clog.html" "Mozilla/5.0 (X11; Linux i686 on x86_64; rv:38.0) Gecko/20100101 Firefox/38.0 Iceweasel/38.0.1"
64.13.110.45 - - [25/May/2015:13:15:00 +0000] "GET /projects/clog/clog-regex.png HTTP/1.1" 200 17162 "http://tasktools.org/projects/clog.html" "Mozilla/5.0 (X11; Linux i686 on x86_64; rv:38.0) Gecko/20100101 Firefox/38.0 Iceweasel/38.0.1"
64.13.110.45 - - [25/May/2015:13:15:00 +0000] "GET /projects/clog/clog-sets.png HTTP/1.1" 200 59072 "http://tasktools.org/projects/clog.html" "Mozilla/5.0 (X11; Linux i686 on x86_64; rv:38.0) Gecko/20100101 Firefox/38.0 Iceweasel/38.0.1"
64.13.110.45 - - [25/May/2015:13:15:01 +0000] "GET /projects/clog/clog-set1.png HTTP/1.1" 200 8964 "http://tasktools.org/projects/clog.html" "Mozilla/5.0 (X11; Linux i686 on x86_64; rv:38.0) Gecko/20100101 Firefox/38.0 Iceweasel/38.0.1"
64.13.110.45 - - [25/May/2015:13:15:00 +0000] "GET /projects/clog/clog-rule12.png HTTP/1.1" 200 108828 "http://tasktools.org/projects/clog.html" "Mozilla/5.0 (X11; Linux i686 on x86_64; rv:38.0) Gecko/20100101 Firefox/38.0 Iceweasel/38.0.1"
64.13.110.45 - - [25/May/2015:13:15:01 +0000] "GET /projects/clog/clog-set2.png HTTP/1.1" 200 10154 "http://tasktools.org/projects/clog.html" "Mozilla/5.0 (X11; Linux i686 on x86_64; rv:38.0) Gecko/20100101 Firefox/38.0 Iceweasel/38.0.1"
64.13.110.45 - - [25/May/2015:13:15:01 +0000] "GET /projects/clog/clog-set12.png HTTP/1.1" 200 10545 "http://tasktools.org/projects/clog.html" "Mozilla/5.0 (X11; Linux i686 on x86_64; rv:38.0) Gecko/20100101 Firefox/38.0 Iceweasel/38.0.1"
64.13.110.45 - - [25/May/2015:13:15:00 +0000] "GET /projects/clog/clog-r12.png HTTP/1.1" 200 110789 "http://tasktools.org/projects/clog.html" "Mozilla/5.0 (X11; Linux i686 on x86_64; rv:38.0) Gecko/20100101 Firefox/38.0 Iceweasel/38.0.1"
64.13.110.45 - - [25/May/2015:13:15:02 +0000] "GET /favicon.ico HTTP/1.1" 200 1713 "-" "Mozilla/5.0 (X11; Linux i686 on x86_64; rv:38.0) Gecko/20100101 Firefox/38.0 Iceweasel/38.0.1"
46.229.164.114 - - [25/May/2015:13:25:26 +0000] "GET /rfcs/gitweb/gitweb.cgi?p=rfc.git;a=blob_plain;f=rfc14-fields.txt;hb=HEAD HTTP/1.1" 404 471 "-" "Mozilla/5.0 (compatible; SemrushBot/0.98~bl; +http://www.semrush.com/bot.html)"
66.249.80.33 - - [25/May/2015:13:25:39 +0000] "GET /projects/clog.html HTTP/1.1" 200 2700 "-" "Mozilla/5.0 (X11; Linux i686; rv:31.0) Gecko/20100101 Firefox/31.0 Iceweasel/31.7.0,gzip(gfe)"
150.188.32.85 - - [25/May/2015:13:25:40 +0000] "GET /bootstrap/css/bootstrap.min.css HTTP/1.0" 200 17589 "http://translate.googleusercontent.com/translate_c?depth=1&hl=es&prev=search&rurl=translate.google.co.ve&sl=en&u=http://tasktools.org/projects/clog.html&usg=ALkJrhgXo24CHoWstbzUcQPNeo9vCYQFOA" "Mozilla/5.0 (X11; Linux i686; rv:31.0) Gecko/20100101 Firefox/31.0 Iceweasel/31.7.0"
150.188.32.85 - - [25/May/2015:13:25:40 +0000] "GET /bootstrap/js/bootstrap.min.js HTTP/1.0" 200 8018 "http://translate.googleusercontent.com/translate_c?depth=1&hl=es&prev=search&rurl=translate.google.co.ve&sl=en&u=http://tasktools.org/projects/clog.html&usg=ALkJrhgXo24CHoWstbzUcQPNeo9vCYQFOA" "Mozilla/5.0 (X11; Linux i686; rv:31.0) Gecko/20100101 Firefox/31.0 Iceweasel/31.7.0"
150.188.32.85 - - [25/May/2015:13:25:40 +0000] "GET /projects/clog/clog-sed.png HTTP/1.0" 200 10548 "http://translate.googleusercontent.com/translate_c?depth=1&hl=es&prev=search&rurl=translate.google.co.ve&sl=en&u=http://tasktools.org/projects/clog.html&usg=ALkJrhgXo24CHoWstbzUcQPNeo9vCYQFOA" "Mozilla/5.0 (X11; Linux i686; rv:31.0) Gecko/20100101 Firefox/31.0 Iceweasel/31.7.0"
150.188.32.85 - - [25/May/2015:13:25:40 +0000] "GET /projects/clog/clog-nothing.png HTTP/1.0" 200 11907 "http://translate.googleusercontent.com/translate_c?depth=1&hl=es&prev=search&rurl=translate.google.co.ve&sl=en&u=http://tasktools.org/projects/clog.html&usg=ALkJrhgXo24CHoWstbzUcQPNeo9vCYQFOA" "Mozilla/5.0 (X11; Linux i686; rv:31.0) Gecko/20100101 Firefox/31.0 Iceweasel/31.7.0"
150.188.32.85 - - [25/May/2015:13:25:40 +0000] "GET /projects/clog/clog-rule.png HTTP/1.0" 200 11504 "http://translate.googleusercontent.com/translate_c?depth=1&hl=es&prev=search&rurl=translate.google.co.ve&sl=en&u=http://tasktools.org/projects/clog.html&usg=ALkJrhgXo24CHoWstbzUcQPNeo9vCYQFOA" "Mozilla/5.0 (X11; Linux i686; rv:31.0) Gecko/20100101 Firefox/31.0 Iceweasel/31.7.0"
150.188.32.85 - - [25/May/2015:13:25:40 +0000] "GET /bootstrap/fonts/glyphicons-halflings-regular.woff HTTP/1.0" 200 23600 "http://tasktools.org/bootstrap/css/bootstrap.min.css" "Mozilla/5.0 (X11; Linux i686; rv:31.0) Gecko/20100101 Firefox/31.0 Iceweasel/31.7.0"
150.188.32.85 - - [25/May/2015:13:25:40 +0000] "GET /projects/clog/clog-hamlet.png HTTP/1.0" 200 107928 "http://translate.googleusercontent.com/translate_c?depth=1&hl=es&prev=search&rurl=translate.google.co.ve&sl=en&u=http://tasktools.org/projects/clog.html&usg=ALkJrhgXo24CHoWstbzUcQPNeo9vCYQFOA" "Mozilla/5.0 (X11; Linux i686; rv:31.0) Gecko/20100101 Firefox/31.0 Iceweasel/31.7.0"
150.188.32.85 - - [25/May/2015:13:25:40 +0000] "GET /projects/clog/clog-rule1.png HTTP/1.0" 200 108719 "http://translate.googleusercontent.com/translate_c?depth=1&hl=es&prev=search&rurl=translate.google.co.ve&sl=en&u=http://tasktools.org/projects/clog.html&usg=ALkJrhgXo24CHoWstbzUcQPNeo9vCYQFOA" "Mozilla/5.0 (X11; Linux i686; rv:31.0) Gecko/20100101 Firefox/31.0 Iceweasel/31.7.0"
150.188.32.85 - - [25/May/2015:13:25:40 +0000] "GET /projects/clog/clog-timestamp.png HTTP/1.0" 200 94241 "http://translate.googleusercontent.com/translate_c?depth=1&hl=es&prev=search&rurl=translate.google.co.ve&sl=en&u=http://tasktools.org/projects/clog.html&usg=ALkJrhgXo24CHoWstbzUcQPNeo9vCYQFOA" "Mozilla/5.0 (X11; Linux i686; rv:31.0) Gecko/20100101 Firefox/31.0 Iceweasel/31.7.0"
150.188.32.85 - - [25/May/2015:13:25:40 +0000] "GET /projects/clog/clog-rule2.png HTTP/1.0" 200 12532 "http://translate.googleusercontent.com/translate_c?depth=1&hl=es&prev=search&rurl=translate.google.co.ve&sl=en&u=http://tasktools.org/projects/clog.html&usg=ALkJrhgXo24CHoWstbzUcQPNeo9vCYQFOA" "Mozilla/5.0 (X11; Linux i686; rv:31.0) Gecko/20100101 Firefox/31.0 Iceweasel/31.7.0"
150.188.32.85 - - [25/May/2015:13:25:40 +0000] "GET /bootstrap/fonts/glyphicons-halflings-regular.ttf HTTP/1.0" 200 41505 "http://tasktools.org/bootstrap/css/bootstrap.min.css" "Mozilla/5.0 (X11; Linux i686; rv:31.0) Gecko/20100101 Firefox/31.0 Iceweasel/31.7.0"
150.188.32.85 - - [25/May/2015:13:25:40 +0000] "GET /projects/clog/clog-rule123.png HTTP/1.0" 200 63874 "http://translate.googleusercontent.com/translate_c?depth=1&hl=es&prev=search&rurl=translate.google.co.ve&sl=en&u=http://tasktools.org/projects/clog.html&usg=ALkJrhgXo24CHoWstbzUcQPNeo9vCYQFOA" "Mozilla/5.0 (X11; Linux i686; rv:31.0) Gecko/20100101 Firefox/31.0 Iceweasel/31.7.0"
150.188.32.85 - - [25/May/2015:13:25:41 +0000] "GET /projects/clog/clog-rule3.png HTTP/1.0" 200 12353 "http://translate.googleusercontent.com/translate_c?depth=1&hl=es&prev=search&rurl=translate.google.co.ve&sl=en&u=http://tasktools.org/projects/clog.html&usg=ALkJrhgXo24CHoWstbzUcQPNeo9vCYQFOA" "Mozilla/5.0 (X11; Linux i686; rv:31.0) Gecko/20100101 Firefox/31.0 Iceweasel/31.7.0"
150.188.32.85 - - [25/May/2015:13:25:41 +0000] "GET /projects/clog/clog-regex.png HTTP/1.0" 200 17163 "http://translate.googleusercontent.com/translate_c?depth=1&hl=es&prev=search&rurl=translate.google.co.ve&sl=en&u=http://tasktools.org/projects/clog.html&usg=ALkJrhgXo24CHoWstbzUcQPNeo9vCYQFOA" "Mozilla/5.0 (X11; Linux i686; rv:31.0) Gecko/20100101 Firefox/31.0 Iceweasel/31.7.0"
150.188.32.85 - - [25/May/2015:13:25:42 +0000] "GET /projects/clog/clog-sets.png HTTP/1.0" 200 59073 "http://translate.googleusercontent.com/translate_c?depth=1&hl=es&prev=search&rurl=translate.google.co.ve&sl=en&u=http://tasktools.org/projects/clog.html&usg=ALkJrhgXo24CHoWstbzUcQPNeo9vCYQFOA" "Mozilla/5.0 (X11; Linux i686; rv:31.0) Gecko/20100101 Firefox/31.0 Iceweasel/31.7.0"
150.188.32.85 - - [25/May/2015:13:25:42 +0000] "GET /projects/clog/clog-r12.png HTTP/1.0" 200 110790 "http://translate.googleusercontent.com/translate_c?depth=1&hl=es&prev=search&rurl=translate.google.co.ve&sl=en&u=http://tasktools.org/projects/clog.html&usg=ALkJrhgXo24CHoWstbzUcQPNeo9vCYQFOA" "Mozilla/5.0 (X11; Linux i686; rv:31.0) Gecko/20100101 Firefox/31.0 Iceweasel/31.7.0"
150.188.32.85 - - [25/May/2015:13:25:42 +0000] "GET /projects/clog/clog-rule12.png HTTP/1.0" 200 108829 "http://translate.googleusercontent.com/translate_c?depth=1&hl=es&prev=search&rurl=translate.google.co.ve&sl=en&u=http://tasktools.org/projects/clog.html&usg=ALkJrhgXo24CHoWstbzUcQPNeo9vCYQFOA" "Mozilla/5.0 (X11; Linux i686; rv:31.0) Gecko/20100101 Firefox/31.0 Iceweasel/31.7.0"
150.188.32.85 - - [25/May/2015:13:25:43 +0000] "GET /projects/clog/clog-set1.png HTTP/1.0" 200 8965 "http://translate.googleusercontent.com/translate_c?depth=1&hl=es&prev=search&rurl=translate.google.co.ve&sl=en&u=http://tasktools.org/projects/clog.html&usg=ALkJrhgXo24CHoWstbzUcQPNeo9vCYQFOA" "Mozilla/5.0 (X11; Linux i686; rv:31.0) Gecko/20100101 Firefox/31.0 Iceweasel/31.7.0"
150.188.32.85 - - [25/May/2015:13:25:43 +0000] "GET /projects/clog/clog-set2.png HTTP/1.0" 200 10155 "http://translate.googleusercontent.com/translate_c?depth=1&hl=es&prev=search&rurl=translate.google.co.ve&sl=en&u=http://tasktools.org/projects/clog.html&usg=ALkJrhgXo24CHoWstbzUcQPNeo9vCYQFOA" "Mozilla/5.0 (X11; Linux i686; rv:31.0) Gecko/20100101 Firefox/31.0 Iceweasel/31.7.0"
150.188.32.85 - - [25/May/2015:13:25:43 +0000] "GET /projects/clog/clog-set12.png HTTP/1.0" 200 10546 "http://translate.googleusercontent.com/translate_c?depth=1&hl=es&prev=search&rurl=translate.google.co.ve&sl=en&u=http://tasktools.org/projects/clog.html&usg=ALkJrhgXo24CHoWstbzUcQPNeo9vCYQFOA" "Mozilla/5.0 (X11; Linux i686; rv:31.0) Gecko/20100101 Firefox/31.0 Iceweasel/31.7.0"
150.188.32.85 - - [25/May/2015:13:30:55 +0000] "GET /projects/clog.html HTTP/1.0" 200 2700 "http://www.google.co.ve/url?sa=t&rct=j&q=&esrc=s&source=web&cd=2&cad=rja&uact=8&ved=0CCUQFjAB&url=http%3A%2F%2Ftasktools.org%2Fprojects%2Fclog.html&ei=vSRjVe_zCIGfgwSKpoH4CQ&usg=AFQjCNEumMs5JGX7xmSX2tzJNGfO78ZGdw&bvm=bv.93990622,d.eXY" "Mozilla/5.0 (X11; Linux i686; rv:31.0) Gecko/20100101 Firefox/31.0 Iceweasel/31.7.0"
150.188.32.85 - - [25/May/2015:13:30:55 +0000] "GET /favicon.ico HTTP/1.0" 200 1713 "-" "Mozilla/5.0 (X11; Linux i686; rv:31.0) Gecko/20100101 Firefox/31.0 Iceweasel/31.7.0"
180.76.15.152 - - [25/May/2015:13:31:24 +0000] "GET /projects/clog.html HTTP/1.1" 200 2663 "-" "Mozilla/5.0 (compatible; Baiduspider/2.0; +http://www.baidu.com/search/spider.html)"
46.229.164.111 - - [25/May/2015:13:36:14 +0000] "GET /rfcs/gitweb/gitweb.cgi?p=rfc.git;a=blob_plain;f=rfc12-searching.txt;hb=HEAD HTTP/1.1" 404 471 "-" "Mozilla/5.0 (compatible; SemrushBot/0.98~bl; +http://www.semrush.com/bot.html)"
68.180.228.121 - - [25/May/2015:13:39:52 +0000] "GET /robots.txt HTTP/1.1" 404 471 "-" "Mozilla/5.0 (compatible; Yahoo! Slurp; http://help.yahoo.com/help/us/ysearch/slurp)"
68.180.228.121 - - [25/May/2015:13:39:52 +0000] "GET /projects/vramsteg.html HTTP/1.1" 304 156 "-" "Mozilla/5.0 (compatible; Yahoo! Slurp; http://help.yahoo.com/help/us/ysearch/slurp)"
46.229.164.114 - - [25/May/2015:13:49:17 +0000] "GET /rfcs/gitweb/gitweb.cgi?p=rfc.git;a=blob_plain;f=rfc32-recurrences.txt;hb=HEAD HTTP/1.1" 404 471 "-" "Mozilla/5.0 (compatible; SemrushBot/0.98~bl; +http://www.semrush.com/bot.html)"
98.217.152.192 - - [25/May/2015:13:53:41 +0000] "GET /tw-m.png HTTP/1.1" 304 189 "http://central.tasktools.org/task-2.4.5.html" "Mozilla/5.0 (Macintosh; Intel Mac OS X 10_10_4) AppleWebKit/537.36 (KHTML, like Gecko) Chrome/43.0.2357.65 Safari/537.36"
46.229.164.114 - - [25/May/2015:14:02:37 +0000] "GET /projects/taskwarrior.html HTTP/1.1" 200 2413 "-" "Mozilla/5.0 (compatible; SemrushBot/0.98~bl; +http://www.semrush.com/bot.html)"
100.43.81.155 - - [25/May/2015:14:05:53 +0000] "GET /projects/clog.html HTTP/1.1" 200 2700 "-" "Mozilla/5.0 (compatible; YandexBot/3.0; +http://yandex.com/bots)"
75.143.131.1 - - [25/May/2015:14:06:33 +0000] "GET / HTTP/1.1" 200 3533 "http://buttons-for-your-website.com" "Mozilla/5.0 (Windows NT 6.1; WOW64) AppleWebKit/537.36 (KHTML, like Gecko) Chrome/36.0.1985.143 Safari/537.36"
75.143.131.1 - - [25/May/2015:14:06:33 +0000] "GET / HTTP/1.1" 200 3533 "http://tasktools.org/" "Mozilla/5.0 (Windows NT 6.1; WOW64) AppleWebKit/537.36 (KHTML, like Gecko) Chrome/36.0.1985.143 Safari/537.36"
75.143.131.1 - - [25/May/2015:14:06:33 +0000] "GET /bootstrap/css/bootstrap.min.css HTTP/1.1" 200 17588 "http://tasktools.org/" "Mozilla/5.0 (Windows NT 6.1; WOW64) AppleWebKit/537.36 (KHTML, like Gecko) Chrome/36.0.1985.143 Safari/537.36"
75.143.131.1 - - [25/May/2015:14:06:33 +0000] "GET /bootstrap/js/bootstrap.min.js HTTP/1.1" 200 8018 "http://tasktools.org/" "Mozilla/5.0 (Windows NT 6.1; WOW64) AppleWebKit/537.36 (KHTML, like Gecko) Chrome/36.0.1985.143 Safari/537.36"
75.143.131.1 - - [25/May/2015:14:06:33 +0000] "GET /tw-m.png HTTP/1.1" 200 6861 "http://tasktools.org/" "Mozilla/5.0 (Windows NT 6.1; WOW64) AppleWebKit/537.36 (KHTML, like Gecko) Chrome/36.0.1985.143 Safari/537.36"
46.229.164.114 - - [25/May/2015:14:16:20 +0000] "GET /rfcs/gitweb/gitweb.cgi?p=rfc.git;a=blob_plain;f=rfc23-color-rules.txt;hb=HEAD HTTP/1.1" 404 471 "-" "Mozilla/5.0 (compatible; SemrushBot/0.98~bl; +http://www.semrush.com/bot.html)"
123.125.71.69 - - [25/May/2015:14:30:25 +0000] "GET / HTTP/1.1" 304 175 "-" "Mozilla/5.0 (compatible; Baiduspider/2.0; +http://www.baidu.com/search/spider.html)"
98.217.152.192 - - [25/May/2015:14:41:54 +0000] "GET /tw-m.png HTTP/1.1" 304 189 "http://central.tasktools.org/tasksh-1.1.0.html" "Mozilla/5.0 (Macintosh; Intel Mac OS X 10_10_4) AppleWebKit/537.36 (KHTML, like Gecko) Chrome/43.0.2357.65 Safari/537.36"
98.217.152.192 - - [25/May/2015:14:41:56 +0000] "GET /tw-m.png HTTP/1.1" 304 188 "http://central.tasktools.org/taskd-1.2.0.html" "Mozilla/5.0 (Macintosh; Intel Mac OS X 10_10_4) AppleWebKit/537.36 (KHTML, like Gecko) Chrome/43.0.2357.65 Safari/537.36"
98.217.152.192 - - [25/May/2015:14:41:58 +0000] "GET /tw-m.png HTTP/1.1" 304 188 "http://central.tasktools.org/task-2.4.5.html" "Mozilla/5.0 (Macintosh; Intel Mac OS X 10_10_4) AppleWebKit/537.36 (KHTML, like Gecko) Chrome/43.0.2357.65 Safari/537.36"
46.229.164.102 - - [25/May/2015:14:42:02 +0000] "GET /rfcs/gitweb/gitweb.cgi?p=rfc.git;a=blob_plain;f=rfc4-grid.txt;hb=HEAD HTTP/1.1" 404 471 "-" "Mozilla/5.0 (compatible; SemrushBot/0.98~bl; +http://www.semrush.com/bot.html)"
98.217.152.192 - - [25/May/2015:14:50:29 +0000] "GET /tw-m.png HTTP/1.1" 304 189 "http://central.tasktools.org/task-2.4.5.html" "Mozilla/5.0 (Macintosh; Intel Mac OS X 10_10_4) AppleWebKit/537.36 (KHTML, like Gecko) Chrome/43.0.2357.65 Safari/537.36"
79.118.174.127 - - [25/May/2015:14:56:45 +0000] "GET /favicon.ico HTTP/1.1" 200 1714 "-" "Mozilla/5.0 (X11; Ubuntu; Linux x86_64; rv:38.0) Gecko/20100101 Firefox/38.0"
46.229.164.102 - - [25/May/2015:15:25:26 +0000] "GET /rfcs/gitweb/gitweb.cgi?p=rfc.git;a=blob_plain;f=rfc8-special-tags.txt;hb=HEAD HTTP/1.1" 404 471 "-" "Mozilla/5.0 (compatible; SemrushBot/0.98~bl; +http://www.semrush.com/bot.html)"
46.229.164.99 - - [25/May/2015:15:46:03 +0000] "GET /projects/clog HTTP/1.1" 301 532 "-" "Mozilla/5.0 (compatible; SemrushBot/0.98~bl; +http://www.semrush.com/bot.html)"
46.229.164.102 - - [25/May/2015:15:55:34 +0000] "GET /projects/performance.html HTTP/1.1" 200 3767 "-" "Mozilla/5.0 (compatible; SemrushBot/0.98~bl; +http://www.semrush.com/bot.html)"
98.217.152.192 - - [25/May/2015:16:00:34 +0000] "GET /tw-m.png HTTP/1.1" 304 189 "http://central.tasktools.org/task-2.4.5.html" "Mozilla/5.0 (Macintosh; Intel Mac OS X 10_10_4) AppleWebKit/537.36 (KHTML, like Gecko) Chrome/43.0.2357.65 Safari/537.36"
98.217.152.192 - - [25/May/2015:16:00:47 +0000] "GET /tw-m.png HTTP/1.1" 304 189 "http://central.tasktools.org/taskd-1.2.0.html" "Mozilla/5.0 (Macintosh; Intel Mac OS X 10_10_4) AppleWebKit/537.36 (KHTML, like Gecko) Chrome/43.0.2357.65 Safari/537.36"
98.217.152.192 - - [25/May/2015:16:00:49 +0000] "GET /tw-m.png HTTP/1.1" 304 188 "http://central.tasktools.org/tasksh-1.1.0.html" "Mozilla/5.0 (Macintosh; Intel Mac OS X 10_10_4) AppleWebKit/537.36 (KHTML, like Gecko) Chrome/43.0.2357.65 Safari/537.36"
65.19.138.34 - - [25/May/2015:16:03:08 +0000] "GET /gitweb/?p=kronisk.git;a=rss HTTP/1.1" 404 463 "-" "Feedly/1.0 (+http://www.feedly.com/fetcher.html; like FeedFetcher-Google)"
5.9.89.170 - - [25/May/2015:16:04:21 +0000] "GET /robots.txt HTTP/1.0" 404 490 "-" "Mozilla/5.0 (compatible; MJ12bot/v1.4.5; http://www.majestic12.co.uk/bot.php?+)"
5.9.89.170 - - [25/May/2015:16:04:23 +0000] "GET /latest@ HTTP/1.0" 404 487 "-" "Mozilla/5.0 (compatible; MJ12bot/v1.4.5; http://www.majestic12.co.uk/bot.php?+)"
98.217.152.192 - - [25/May/2015:16:06:15 +0000] "GET /tw-m.png HTTP/1.1" 304 189 "http://central.tasktools.org/task-2.4.5.html" "Mozilla/5.0 (Macintosh; Intel Mac OS X 10_10_4) AppleWebKit/537.36 (KHTML, like Gecko) Chrome/43.0.2357.65 Safari/537.36"
46.229.164.113 - - [25/May/2015:16:08:14 +0000] "GET /mon HTTP/1.1" 301 516 "-" "Mozilla/5.0 (compatible; SemrushBot/0.98~bl; +http://www.semrush.com/bot.html)"
98.217.152.192 - - [25/May/2015:16:10:30 +0000] "GET /tw-m.png HTTP/1.1" 304 189 "http://central.tasktools.org/task-2.4.5.html" "Mozilla/5.0 (Macintosh; Intel Mac OS X 10_10_4) AppleWebKit/537.36 (KHTML, like Gecko) Chrome/43.0.2357.65 Safari/537.36"
46.229.164.99 - - [25/May/2015:16:18:27 +0000] "GET /rfcs/gitweb/gitweb.cgi?p=rfc.git;a=blob_plain;f=rfc9-filters.txt;hb=HEAD HTTP/1.1" 404 471 "-" "Mozilla/5.0 (compatible; SemrushBot/0.98~bl; +http://www.semrush.com/bot.html)"
192.187.126.162 - - [25/May/2015:16:20:43 +0000] "HEAD /wp-login.php HTTP/1.1" 404 163 "-" "-"
130.211.131.6 - - [25/May/2015:16:24:26 +0000] "GET / HTTP/1.0" 200 12681 "-" "NerdyBot"
46.229.164.114 - - [25/May/2015:16:27:28 +0000] "GET /tinderbox/taskwarrior-2.1.2.html HTTP/1.1" 404 477 "-" "Mozilla/5.0 (compatible; SemrushBot/0.98~bl; +http://www.semrush.com/bot.html)"
162.211.122.43 - - [25/May/2015:16:28:05 +0000] "GET / HTTP/1.1" 200 3496 "http://www.tasktools.org" "Mozilla/5.0 (Windows NT 6.1; WOW64; rv:34.0) Gecko/20100101 Firefox/34.0"
93.19.114.177 - - [25/May/2015:16:31:08 +0000] "GET /projects/vit.html HTTP/1.1" 200 1896 "http://taskwarrior.org/docs/tutorials/start.html" "Mozilla/5.0 (X11; Ubuntu; Linux x86_64; rv:38.0) Gecko/20100101 Firefox/38.0"
93.19.114.177 - - [25/May/2015:16:31:08 +0000] "GET /bootstrap/css/bootstrap.min.css HTTP/1.1" 200 17588 "http://tasktools.org/projects/vit.html" "Mozilla/5.0 (X11; Ubuntu; Linux x86_64; rv:38.0) Gecko/20100101 Firefox/38.0"
93.19.114.177 - - [25/May/2015:16:31:08 +0000] "GET /bootstrap/js/bootstrap.min.js HTTP/1.1" 200 8019 "http://tasktools.org/projects/vit.html" "Mozilla/5.0 (X11; Ubuntu; Linux x86_64; rv:38.0) Gecko/20100101 Firefox/38.0"
93.19.114.177 - - [25/May/2015:16:31:08 +0000] "GET /favicon.ico HTTP/1.1" 200 1714 "-" "Mozilla/5.0 (X11; Ubuntu; Linux x86_64; rv:38.0) Gecko/20100101 Firefox/38.0"
93.19.114.177 - - [25/May/2015:16:31:09 +0000] "GET /bootstrap/fonts/glyphicons-halflings-regular.woff HTTP/1.1" 200 23600 "http://tasktools.org/bootstrap/css/bootstrap.min.css" "Mozilla/5.0 (X11; Ubuntu; Linux x86_64; rv:38.0) Gecko/20100101 Firefox/38.0"
66.249.75.18 - - [25/May/2015:16:35:12 +0000] "GET /robots.txt HTTP/1.1" 404 501 "-" "Mozilla/5.0 (compatible; Googlebot/2.1; +http://www.google.com/bot.html)"
66.249.75.26 - - [25/May/2015:16:35:12 +0000] "GET / HTTP/1.1" 200 3533 "-" "Mozilla/5.0 (iPhone; CPU iPhone OS 6_0 like Mac OS X) AppleWebKit/536.26 (KHTML, like Gecko) Version/6.0 Mobile/10A5376e Safari/8536.25 (compatible; Googlebot/2.1; +http://www.google.com/bot.html)"
46.229.164.113 - - [25/May/2015:16:37:04 +0000] "GET /rfcs/gitweb/gitweb.cgi?p=rfc.git;a=blob_plain;f=rfc29-escalation.txt;hb=HEAD HTTP/1.1" 404 471 "-" "Mozilla/5.0 (compatible; SemrushBot/0.98~bl; +http://www.semrush.com/bot.html)"
46.229.164.113 - - [25/May/2015:16:47:25 +0000] "GET /rfcs/gitweb/gitweb.cgi?p=rfc.git;a=blob_plain;f=rfc33-projects-as-tasks.txt;hb=HEAD HTTP/1.1" 404 471 "-" "Mozilla/5.0 (compatible; SemrushBot/0.98~bl; +http://www.semrush.com/bot.html)"
180.76.15.148 - - [25/May/2015:16:48:41 +0000] "GET /bootstrap/js/bootstrap.min.js HTTP/1.1" 200 7982 "-" "Mozilla/5.0 (compatible; Baiduspider/2.0; +http://www.baidu.com/search/spider.html)"
98.217.152.192 - - [25/May/2015:16:54:42 +0000] "GET /tw-m.png HTTP/1.1" 304 189 "http://central.tasktools.org/tasksh-1.1.0.html" "Mozilla/5.0 (Macintosh; Intel Mac OS X 10_10_4) AppleWebKit/537.36 (KHTML, like Gecko) Chrome/43.0.2357.65 Safari/537.36"
98.217.152.192 - - [25/May/2015:16:54:44 +0000] "GET /tw-m.png HTTP/1.1" 304 188 "http://central.tasktools.org/taskd-1.2.0.html" "Mozilla/5.0 (Macintosh; Intel Mac OS X 10_10_4) AppleWebKit/537.36 (KHTML, like Gecko) Chrome/43.0.2357.65 Safari/537.36"
98.217.152.192 - - [25/May/2015:16:54:45 +0000] "GET /tw-m.png HTTP/1.1" 304 188 "http://central.tasktools.org/task-2.4.5.html" "Mozilla/5.0 (Macintosh; Intel Mac OS X 10_10_4) AppleWebKit/537.36 (KHTML, like Gecko) Chrome/43.0.2357.65 Safari/537.36"
46.229.164.113 - - [25/May/2015:16:56:22 +0000] "GET /projects/vramsteg.html HTTP/1.1" 200 2025 "-" "Mozilla/5.0 (compatible; SemrushBot/0.98~bl; +http://www.semrush.com/bot.html)"
98.217.152.192 - - [25/May/2015:17:04:40 +0000] "GET /tw-m.png HTTP/1.1" 304 189 "http://central.tasktools.org/tasksh-1.1.0.html" "Mozilla/5.0 (Macintosh; Intel Mac OS X 10_10_4) AppleWebKit/537.36 (KHTML, like Gecko) Chrome/43.0.2357.65 Safari/537.36"
98.217.152.192 - - [25/May/2015:17:06:34 +0000] "GET /tw-m.png HTTP/1.1" 304 189 "http://central.tasktools.org/tasksh-1.1.0.html" "Mozilla/5.0 (Macintosh; Intel Mac OS X 10_10_4) AppleWebKit/537.36 (KHTML, like Gecko) Chrome/43.0.2357.65 Safari/537.36"
46.229.164.114 - - [25/May/2015:17:06:55 +0000] "GET /tinderbox HTTP/1.1" 404 464 "-" "Mozilla/5.0 (compatible; SemrushBot/0.98~bl; +http://www.semrush.com/bot.html)"
80.82.65.82 - - [25/May/2015:17:11:00 +0000] "GET / HTTP/1.0" 200 12644 "http://tasktools.org" "Mozilla/4.0 (compatible; MSIE 6.0; Windows NT 5.1; SV1; .NET CLR 2.0.50727)"
98.217.152.192 - - [25/May/2015:17:18:46 +0000] "GET /tw-m.png HTTP/1.1" 304 189 "http://central.tasktools.org/tasksh-1.1.0.html" "Mozilla/5.0 (Macintosh; Intel Mac OS X 10_10_4) AppleWebKit/537.36 (KHTML, like Gecko) Chrome/43.0.2357.65 Safari/537.36"
98.217.152.192 - - [25/May/2015:17:20:29 +0000] "GET /tw-m.png HTTP/1.1" 304 189 "http://central.tasktools.org/tasksh-1.1.0.html" "Mozilla/5.0 (Macintosh; Intel Mac OS X 10_10_4) AppleWebKit/537.36 (KHTML, like Gecko) Chrome/43.0.2357.65 Safari/537.36"
98.217.152.192 - - [25/May/2015:17:20:36 +0000] "GET /tw-m.png HTTP/1.1" 304 189 "http://central.tasktools.org/tasksh-1.1.0.html" "Mozilla/5.0 (Macintosh; Intel Mac OS X 10_10_4) AppleWebKit/537.36 (KHTML, like Gecko) Chrome/43.0.2357.65 Safari/537.36"
188.226.137.226 - - [25/May/2015:17:21:01 +0000] "GET /projects/vramsteg.html HTTP/1.1" 200 2006 "-" "Ruby"
98.217.152.192 - - [25/May/2015:17:21:21 +0000] "GET /tw-m.png HTTP/1.1" 304 189 "http://central.tasktools.org/tasksh-1.1.0.html" "Mozilla/5.0 (Macintosh; Intel Mac OS X 10_10_4) AppleWebKit/537.36 (KHTML, like Gecko) Chrome/43.0.2357.65 Safari/537.36"
98.217.152.192 - - [25/May/2015:17:21:40 +0000] "GET /tw-m.png HTTP/1.1" 304 189 "http://central.tasktools.org/tasksh-1.1.0.html" "Mozilla/5.0 (Macintosh; Intel Mac OS X 10_10_4) AppleWebKit/537.36 (KHTML, like Gecko) Chrome/43.0.2357.65 Safari/537.36"
98.217.152.192 - - [25/May/2015:17:22:36 +0000] "GET /tw-m.png HTTP/1.1" 304 189 "http://central.tasktools.org/tasksh-1.1.0.html" "Mozilla/5.0 (Macintosh; Intel Mac OS X 10_10_4) AppleWebKit/537.36 (KHTML, like Gecko) Chrome/43.0.2357.65 Safari/537.36"
98.217.152.192 - - [25/May/2015:17:22:40 +0000] "GET /tw-m.png HTTP/1.1" 304 188 "http://central.tasktools.org/tasksh-1.1.0.html" "Mozilla/5.0 (Macintosh; Intel Mac OS X 10_10_4) AppleWebKit/537.36 (KHTML, like Gecko) Chrome/43.0.2357.65 Safari/537.36"
98.217.152.192 - - [25/May/2015:17:22:43 +0000] "GET /tw-m.png HTTP/1.1" 304 188 "http://central.tasktools.org/tasksh-1.1.0.html" "Mozilla/5.0 (Macintosh; Intel Mac OS X 10_10_4) AppleWebKit/537.36 (KHTML, like Gecko) Chrome/43.0.2357.65 Safari/537.36"
98.217.152.192 - - [25/May/2015:17:22:48 +0000] "GET /tw-m.png HTTP/1.1" 304 188 "http://central.tasktools.org/tasksh-1.1.0.html" "Mozilla/5.0 (Macintosh; Intel Mac OS X 10_10_4) AppleWebKit/537.36 (KHTML, like Gecko) Chrome/43.0.2357.65 Safari/537.36"
98.217.152.192 - - [25/May/2015:17:22:53 +0000] "GET /tw-m.png HTTP/1.1" 304 189 "http://central.tasktools.org/tasksh-1.1.0.html" "Mozilla/5.0 (Macintosh; Intel Mac OS X 10_10_4) AppleWebKit/537.36 (KHTML, like Gecko) Chrome/43.0.2357.65 Safari/537.36"
98.217.152.192 - - [25/May/2015:17:23:01 +0000] "GET /tw-m.png HTTP/1.1" 304 189 "http://central.tasktools.org/tasksh-1.1.0.html" "Mozilla/5.0 (Macintosh; Intel Mac OS X 10_10_4) AppleWebKit/537.36 (KHTML, like Gecko) Chrome/43.0.2357.65 Safari/537.36"
98.217.152.192 - - [25/May/2015:17:23:06 +0000] "GET /tw-m.png HTTP/1.1" 304 189 "http://central.tasktools.org/tasksh-1.1.0.html" "Mozilla/5.0 (Macintosh; Intel Mac OS X 10_10_4) AppleWebKit/537.36 (KHTML, like Gecko) Chrome/43.0.2357.65 Safari/537.36"
98.217.152.192 - - [25/May/2015:17:23:11 +0000] "GET /tw-m.png HTTP/1.1" 304 188 "http://central.tasktools.org/tasksh-1.1.0.html" "Mozilla/5.0 (Macintosh; Intel Mac OS X 10_10_4) AppleWebKit/537.36 (KHTML, like Gecko) Chrome/43.0.2357.65 Safari/537.36"
98.217.152.192 - - [25/May/2015:17:23:15 +0000] "GET /tw-m.png HTTP/1.1" 304 188 "http://central.tasktools.org/tasksh-1.1.0.html" "Mozilla/5.0 (Macintosh; Intel Mac OS X 10_10_4) AppleWebKit/537.36 (KHTML, like Gecko) Chrome/43.0.2357.65 Safari/537.36"
98.217.152.192 - - [25/May/2015:17:23:20 +0000] "GET /tw-m.png HTTP/1.1" 304 188 "http://central.tasktools.org/tasksh-1.1.0.html" "Mozilla/5.0 (Macintosh; Intel Mac OS X 10_10_4) AppleWebKit/537.36 (KHTML, like Gecko) Chrome/43.0.2357.65 Safari/537.36"
98.217.152.192 - - [25/May/2015:17:23:25 +0000] "GET /tw-m.png HTTP/1.1" 304 188 "http://central.tasktools.org/tasksh-1.1.0.html" "Mozilla/5.0 (Macintosh; Intel Mac OS X 10_10_4) AppleWebKit/537.36 (KHTML, like Gecko) Chrome/43.0.2357.65 Safari/537.36"
98.217.152.192 - - [25/May/2015:17:23:31 +0000] "GET /tw-m.png HTTP/1.1" 304 189 "http://central.tasktools.org/tasksh-1.1.0.html" "Mozilla/5.0 (Macintosh; Intel Mac OS X 10_10_4) AppleWebKit/537.36 (KHTML, like Gecko) Chrome/43.0.2357.65 Safari/537.36"
98.217.152.192 - - [25/May/2015:17:23:34 +0000] "GET /tw-m.png HTTP/1.1" 304 188 "http://central.tasktools.org/tasksh-1.1.0.html" "Mozilla/5.0 (Macintosh; Intel Mac OS X 10_10_4) AppleWebKit/537.36 (KHTML, like Gecko) Chrome/43.0.2357.65 Safari/537.36"
98.217.152.192 - - [25/May/2015:17:23:39 +0000] "GET /tw-m.png HTTP/1.1" 304 188 "http://central.tasktools.org/tasksh-1.1.0.html" "Mozilla/5.0 (Macintosh; Intel Mac OS X 10_10_4) AppleWebKit/537.36 (KHTML, like Gecko) Chrome/43.0.2357.65 Safari/537.36"
98.217.152.192 - - [25/May/2015:17:23:44 +0000] "GET /tw-m.png HTTP/1.1" 304 189 "http://central.tasktools.org/tasksh-1.1.0.html" "Mozilla/5.0 (Macintosh; Intel Mac OS X 10_10_4) AppleWebKit/537.36 (KHTML, like Gecko) Chrome/43.0.2357.65 Safari/537.36"
98.217.152.192 - - [25/May/2015:17:23:49 +0000] "GET /tw-m.png HTTP/1.1" 304 188 "http://central.tasktools.org/tasksh-1.1.0.html" "Mozilla/5.0 (Macintosh; Intel Mac OS X 10_10_4) AppleWebKit/537.36 (KHTML, like Gecko) Chrome/43.0.2357.65 Safari/537.36"
98.217.152.192 - - [25/May/2015:17:23:54 +0000] "GET /tw-m.png HTTP/1.1" 304 188 "http://central.tasktools.org/tasksh-1.1.0.html" "Mozilla/5.0 (Macintosh; Intel Mac OS X 10_10_4) AppleWebKit/537.36 (KHTML, like Gecko) Chrome/43.0.2357.65 Safari/537.36"
46.229.164.114 - - [25/May/2015:17:24:49 +0000] "GET /projects/libtaskd.html HTTP/1.1" 404 471 "-" "Mozilla/5.0 (compatible; SemrushBot/0.98~bl; +http://www.semrush.com/bot.html)"
98.217.152.192 - - [25/May/2015:17:25:36 +0000] "GET /tw-m.png HTTP/1.1" 304 189 "http://central.tasktools.org/tasksh-1.1.0.html" "Mozilla/5.0 (Macintosh; Intel Mac OS X 10_10_4) AppleWebKit/537.36 (KHTML, like Gecko) Chrome/43.0.2357.65 Safari/537.36"
207.90.2.8 - - [25/May/2015:17:38:18 +0000] "GET / HTTP/1.0" 200 12681 "-" "=Mozilla/5.0 (Windows; U; Windows NT 6.1; en-US) AppleWebKit/534.16 (KHTML, like Gecko) Chrome/10.0.648.204 Safari/534.16"
182.118.45.245 - - [25/May/2015:17:40:36 +0000] "GET /piwik/piwik.js HTTP/1.1" 404 502 "http://flod.us/" "Mozilla/4.0 (compatible; MSIE 8.0; Windows NT 6.1; Trident/4.0; SLCC2; .NET CLR 2.0.50727; .NET CLR 3.5.30729; .NET CLR 3.0.30729; Media Center PC 6.0)"
202.67.40.50 - - [25/May/2015:17:50:00 +0000] "GET /piwik/piwik.js HTTP/1.1" 404 502 "http://holidata.net/" "Mozilla/5.0 (Windows NT 6.1; WOW64) AppleWebKit/537.36 (KHTML, like Gecko) Chrome/36.0.1985.143 Safari/537.36"
98.217.152.192 - - [25/May/2015:17:50:24 +0000] "GET /tw-m.png HTTP/1.1" 304 189 "http://central.tasktools.org/tasksh-1.1.0.html" "Mozilla/5.0 (Macintosh; Intel Mac OS X 10_10_4) AppleWebKit/537.36 (KHTML, like Gecko) Chrome/43.0.2357.65 Safari/537.36"
98.217.152.192 - - [25/May/2015:17:50:28 +0000] "GET /tw-m.png HTTP/1.1" 304 188 "http://central.tasktools.org/taskd-1.2.0.html" "Mozilla/5.0 (Macintosh; Intel Mac OS X 10_10_4) AppleWebKit/537.36 (KHTML, like Gecko) Chrome/43.0.2357.65 Safari/537.36"
98.217.152.192 - - [25/May/2015:17:50:31 +0000] "GET /tw-m.png HTTP/1.1" 304 188 "http://central.tasktools.org/task-2.4.5.html" "Mozilla/5.0 (Macintosh; Intel Mac OS X 10_10_4) AppleWebKit/537.36 (KHTML, like Gecko) Chrome/43.0.2357.65 Safari/537.36"
98.217.152.192 - - [25/May/2015:17:52:37 +0000] "GET /tw-m.png HTTP/1.1" 304 189 "http://central.tasktools.org/tasksh-1.1.0.html" "Mozilla/5.0 (Macintosh; Intel Mac OS X 10_10_4) AppleWebKit/537.36 (KHTML, like Gecko) Chrome/43.0.2357.65 Safari/537.36"
98.217.152.192 - - [25/May/2015:17:52:38 +0000] "GET /tw-m.png HTTP/1.1" 304 188 "http://central.tasktools.org/taskd-1.2.0.html" "Mozilla/5.0 (Macintosh; Intel Mac OS X 10_10_4) AppleWebKit/537.36 (KHTML, like Gecko) Chrome/43.0.2357.65 Safari/537.36"
98.217.152.192 - - [25/May/2015:17:52:40 +0000] "GET /tw-m.png HTTP/1.1" 304 188 "http://central.tasktools.org/task-2.4.5.html" "Mozilla/5.0 (Macintosh; Intel Mac OS X 10_10_4) AppleWebKit/537.36 (KHTML, like Gecko) Chrome/43.0.2357.65 Safari/537.36"
98.217.152.192 - - [25/May/2015:17:54:30 +0000] "GET /tw-m.png HTTP/1.1" 304 189 "http://central.tasktools.org/task-2.4.5.html" "Mozilla/5.0 (Macintosh; Intel Mac OS X 10_10_4) AppleWebKit/537.36 (KHTML, like Gecko) Chrome/43.0.2357.65 Safari/537.36"
98.217.152.192 - - [25/May/2015:17:54:32 +0000] "GET /tw-m.png HTTP/1.1" 304 188 "http://central.tasktools.org/taskd-1.2.0.html" "Mozilla/5.0 (Macintosh; Intel Mac OS X 10_10_4) AppleWebKit/537.36 (KHTML, like Gecko) Chrome/43.0.2357.65 Safari/537.36"
98.217.152.192 - - [25/May/2015:17:54:34 +0000] "GET /tw-m.png HTTP/1.1" 304 188 "http://central.tasktools.org/tasksh-1.1.0.html" "Mozilla/5.0 (Macintosh; Intel Mac OS X 10_10_4) AppleWebKit/537.36 (KHTML, like Gecko) Chrome/43.0.2357.65 Safari/537.36"
89.169.141.179 - - [25/May/2015:17:55:45 +0000] "GET /projects/taskd.html HTTP/1.0" 200 4763 "http://yandex.ru/clck/jsredir?from=yandex.ru%3Bsearch%3Bweb%3B%3B&text=&etext=699.LAI4c6TNNgCRtFpKi8n1gah1HpbULzcdfBZJgWL_qDM.40eda43ec9f66499817d37102f24562e1b417678&uuid=&state=AiuY0DBWFJ4ePaEse6rgeAjgs2pI3DW9J0KiE5XNXd0dp0ZMwFHoviUoYa6nzP7MSi3gOS8hVmKkYdX50RbjBbA9zytPlWoCxJuGzI-EaqmgZaRlUG_VWGe5OgQHbWaH_B9-HwI6TuygotSPQwEkQ9dKRkR8MT8zMijXdf29gEZL__w4xZSZ83WtqTaPQwBIpdkDVqzbUv3XBIqLLtl_bQ&data=UlNrNmk5WktYejR0eWJFYk1Ldmtxa1c0V0NaQzBjeHNHNENPWUZlYnE4U1RRUlpNSlNKb0lvTktYdWhadFZFQk1xenRiQVJpdmFQaThzY1ZEOGxaMUVpamwwWGZERzQ0MTlUZmdnZ2phRVJnZUdoUjA0NDFMdjY1OW9KYXlERVU&b64e=2&sign=5d775572a4b9b53d20c30d53c29467e1&keyno=0&l10n=ru&cts=1432569526105&mc=1.90602492906" "Mozilla/4.0 (compatible; MSIE 8.0; Windows NT 5.1; Trident/4.0)"
89.169.141.179 - - [25/May/2015:17:55:45 +0000] "GET /bootstrap/css/bootstrap.min.css HTTP/1.0" 200 18420 "http://tasktools.org/projects/taskd.html" "Mozilla/4.0 (compatible; MSIE 8.0; Windows NT 5.1; Trident/4.0)"
89.169.141.179 - - [25/May/2015:17:55:45 +0000] "GET /bootstrap/css/bootstrap.min.css HTTP/1.0" 200 101877 "http://tasktools.org/projects/taskd.html" "Mozilla/4.0 (compatible; MSIE 8.0; Windows NT 5.1; Trident/4.0)"
89.169.141.179 - - [25/May/2015:17:55:46 +0000] "GET /bootstrap/fonts/glyphicons-halflings-regular.eot? HTTP/1.0" 200 20568 "http://tasktools.org/projects/taskd.html" "Mozilla/4.0 (compatible; MSIE 8.0; Windows NT 5.1; Trident/4.0)"
89.169.141.179 - - [25/May/2015:17:55:47 +0000] "GET /bootstrap/js/bootstrap.min.js HTTP/1.0" 200 29391 "http://tasktools.org/projects/taskd.html" "Mozilla/4.0 (compatible; MSIE 8.0; Windows NT 5.1; Trident/4.0)"
98.217.152.192 - - [25/May/2015:17:55:52 +0000] "GET /tw-m.png HTTP/1.1" 304 189 "http://central.tasktools.org/tasksh-1.1.0.html" "Mozilla/5.0 (Macintosh; Intel Mac OS X 10_10_4) AppleWebKit/537.36 (KHTML, like Gecko) Chrome/43.0.2357.65 Safari/537.36"
98.217.152.192 - - [25/May/2015:17:55:54 +0000] "GET /tw-m.png HTTP/1.1" 304 188 "http://central.tasktools.org/task-2.4.5.html" "Mozilla/5.0 (Macintosh; Intel Mac OS X 10_10_4) AppleWebKit/537.36 (KHTML, like Gecko) Chrome/43.0.2357.65 Safari/537.36"
180.76.15.26 - - [25/May/2015:17:58:27 +0000] "GET /tinderbox/taskwarrior-2.3.0.html HTTP/1.1" 404 477 "-" "Mozilla/5.0 (compatible; Baiduspider/2.0; +http://www.baidu.com/search/spider.html)"
46.229.164.102 - - [25/May/2015:17:58:42 +0000] "GET /projects/taskd.html HTTP/1.1" 200 1959 "-" "Mozilla/5.0 (compatible; SemrushBot/0.98~bl; +http://www.semrush.com/bot.html)"
201.59.212.246 - - [25/May/2015:18:04:53 +0000] "GET /piwik/piwik.js HTTP/1.1" 404 502 "http://holidata.net/" "Mozilla/5.0 (Windows NT 6.1; WOW64) AppleWebKit/537.36 (KHTML, like Gecko) Chrome/32.0.1700.107 Safari/537.36"
46.229.164.99 - - [25/May/2015:18:27:32 +0000] "GET /rfcs/gitweb/gitweb.cgi?p=rfc.git;a=blob_plain;f=rfc34-uda.txt;hb=HEAD HTTP/1.1" 404 471 "-" "Mozilla/5.0 (compatible; SemrushBot/0.98~bl; +http://www.semrush.com/bot.html)"
180.76.15.8 - - [25/May/2015:18:28:27 +0000] "GET /tinderbox/taskwarrior-2.1.2.html HTTP/1.1" 404 477 "-" "Mozilla/5.0 (compatible; Baiduspider/2.0; +http://www.baidu.com/search/spider.html)"
98.217.152.192 - - [25/May/2015:18:29:20 +0000] "GET /tw-m.png HTTP/1.1" 304 189 "http://central.tasktools.org/tasksh-1.1.0.html" "Mozilla/5.0 (Macintosh; Intel Mac OS X 10_10_4) AppleWebKit/537.36 (KHTML, like Gecko) Chrome/43.0.2357.65 Safari/537.36"
98.217.152.192 - - [25/May/2015:18:29:22 +0000] "GET /tw-m.png HTTP/1.1" 304 188 "http://central.tasktools.org/taskd-1.2.0.html" "Mozilla/5.0 (Macintosh; Intel Mac OS X 10_10_4) AppleWebKit/537.36 (KHTML, like Gecko) Chrome/43.0.2357.65 Safari/537.36"
98.217.152.192 - - [25/May/2015:18:29:28 +0000] "GET /tw-m.png HTTP/1.1" 304 189 "http://central.tasktools.org/task-2.4.5.html" "Mozilla/5.0 (Macintosh; Intel Mac OS X 10_10_4) AppleWebKit/537.36 (KHTML, like Gecko) Chrome/43.0.2357.65 Safari/537.36"
61.135.190.103 - - [25/May/2015:18:35:13 +0000] "GET /piwik/piwik.js HTTP/1.1" 404 502 "http://www.beckingham.net/" "Mozilla/5.0 (Windows NT 6.1; WOW64) AppleWebKit/537.36 (KHTML, like Gecko) Chrome/36.0.1985.143 Safari/537.36"
46.229.164.102 - - [25/May/2015:18:47:32 +0000] "GET /projects/vit.html HTTP/1.1" 200 1859 "-" "Mozilla/5.0 (compatible; SemrushBot/0.98~bl; +http://www.semrush.com/bot.html)"
