45.37.19.64 - - [21/Jun/2015:23:51:12 +0000] "GET /favicon.ico HTTP/1.1" 200 1713 "http://tasktools.org/projects/vit.html" "Mozilla/5.0 (Macintosh; Intel Mac OS X 10_10_3) AppleWebKit/537.36 (KHTML, like Gecko) Chrome/43.0.2357.124 Safari/537.36"
66.249.75.34 - - [21/Jun/2015:23:51:36 +0000] "GET / HTTP/1.1" 200 3533 "-" "Mozilla/5.0 (compatible; Googlebot/2.1; +http://www.google.com/bot.html)"
157.56.1.130 - - [22/Jun/2015:00:07:42 +0000] "GET / HTTP/1.1" 200 3533 "-" "Mozilla/5.0 (compatible; MSIE 9.0; Windows NT 6.1; Trident/5.0;  Trident/5.0)"
157.56.1.130 - - [22/Jun/2015:00:07:45 +0000] "GET /bootstrap/css/bootstrap.min.css HTTP/1.1" 200 17588 "http://tasktools.org/" "Mozilla/5.0 (compatible; MSIE 9.0; Windows NT 6.1; Trident/5.0;  Trident/5.0)"
157.56.1.130 - - [22/Jun/2015:00:07:46 +0000] "GET /bootstrap/js/bootstrap.min.js HTTP/1.1" 200 8018 "http://tasktools.org/" "Mozilla/5.0 (compatible; MSIE 9.0; Windows NT 6.1; Trident/5.0;  Trident/5.0)"
98.217.152.192 - - [22/Jun/2015:00:11:59 +0000] "GET /tw-m.png HTTP/1.1" 304 189 "http://central.tasktools.org/task-2.4.5.html" "Mozilla/5.0 (Macintosh; Intel Mac OS X 10_11_0) AppleWebKit/537.36 (KHTML, like Gecko) Chrome/43.0.2357.124 Safari/537.36"
98.217.152.192 - - [22/Jun/2015:00:12:08 +0000] "GET /tw-m.png HTTP/1.1" 304 189 "http://central.tasktools.org/task-2.4.5.html" "Mozilla/5.0 (Macintosh; Intel Mac OS X 10_11_0) AppleWebKit/537.36 (KHTML, like Gecko) Chrome/43.0.2357.124 Safari/537.36"
98.217.152.192 - - [22/Jun/2015:00:14:26 +0000] "GET /tw-m.png HTTP/1.1" 304 189 "http://central.tasktools.org/task-2.4.5.html" "Mozilla/5.0 (Macintosh; Intel Mac OS X 10_11_0) AppleWebKit/537.36 (KHTML, like Gecko) Chrome/43.0.2357.124 Safari/537.36"
98.217.152.192 - - [22/Jun/2015:00:21:03 +0000] "GET /tw-m.png HTTP/1.1" 304 189 "http://central.tasktools.org/task-2.4.5.html" "Mozilla/5.0 (Macintosh; Intel Mac OS X 10_11_0) AppleWebKit/537.36 (KHTML, like Gecko) Chrome/43.0.2357.124 Safari/537.36"
98.217.152.192 - - [22/Jun/2015:00:21:08 +0000] "GET /tw-m.png HTTP/1.1" 304 188 "http://central.tasktools.org/task-2.4.5.html" "Mozilla/5.0 (Macintosh; Intel Mac OS X 10_11_0) AppleWebKit/537.36 (KHTML, like Gecko) Chrome/43.0.2357.124 Safari/537.36"
208.80.194.27 - - [22/Jun/2015:00:28:33 +0000] "GET / HTTP/1.0" 200 12644 "-" "Mozilla/5.0 (Macintosh; U; Intel Mac OS X 10.6; en-US) Gecko/20101012 Firefox/3.6.11"
180.76.15.25 - - [22/Jun/2015:00:39:45 +0000] "GET /projects/performance.html/perf_all.html HTTP/1.1" 404 482 "-" "Mozilla/5.0 (compatible; Baiduspider/2.0; +http://www.baidu.com/search/spider.html)"
98.217.152.192 - - [22/Jun/2015:00:40:35 +0000] "GET /tw-m.png HTTP/1.1" 304 189 "http://central.tasktools.org/task-2.4.5.html" "Mozilla/5.0 (Macintosh; Intel Mac OS X 10_11_0) AppleWebKit/537.36 (KHTML, like Gecko) Chrome/43.0.2357.124 Safari/537.36"
98.217.152.192 - - [22/Jun/2015:00:41:35 +0000] "GET /tw-m.png HTTP/1.1" 304 189 "http://central.tasktools.org/task-2.4.5.html" "Mozilla/5.0 (Macintosh; Intel Mac OS X 10_11_0) AppleWebKit/537.36 (KHTML, like Gecko) Chrome/43.0.2357.124 Safari/537.36"
190.102.58.35 - - [22/Jun/2015:00:42:00 +0000] "GET / HTTP/1.1" 200 3533 "https://www.google.com/" "Mozilla/5.0 (Windows NT 6.1; Win64; x64) AppleWebKit/537.36 (KHTML, like Gecko) Chrome/43.0.2357.124 Safari/537.36"
190.102.58.35 - - [22/Jun/2015:00:42:00 +0000] "GET /bootstrap/css/bootstrap.min.css HTTP/1.1" 200 17588 "http://tasktools.org/" "Mozilla/5.0 (Windows NT 6.1; Win64; x64) AppleWebKit/537.36 (KHTML, like Gecko) Chrome/43.0.2357.124 Safari/537.36"
190.102.58.35 - - [22/Jun/2015:00:42:00 +0000] "GET /bootstrap/js/bootstrap.min.js HTTP/1.1" 200 8019 "http://tasktools.org/" "Mozilla/5.0 (Windows NT 6.1; Win64; x64) AppleWebKit/537.36 (KHTML, like Gecko) Chrome/43.0.2357.124 Safari/537.36"
190.102.58.35 - - [22/Jun/2015:00:42:00 +0000] "GET /tw-m.png HTTP/1.1" 200 6861 "http://tasktools.org/" "Mozilla/5.0 (Windows NT 6.1; Win64; x64) AppleWebKit/537.36 (KHTML, like Gecko) Chrome/43.0.2357.124 Safari/537.36"
190.102.58.35 - - [22/Jun/2015:00:42:01 +0000] "GET /bootstrap/fonts/glyphicons-halflings-regular.woff HTTP/1.1" 200 23600 "http://tasktools.org/bootstrap/css/bootstrap.min.css" "Mozilla/5.0 (Windows NT 6.1; Win64; x64) AppleWebKit/537.36 (KHTML, like Gecko) Chrome/43.0.2357.124 Safari/537.36"
190.102.58.35 - - [22/Jun/2015:00:42:02 +0000] "GET /favicon.ico HTTP/1.1" 200 1713 "http://tasktools.org/" "Mozilla/5.0 (Windows NT 6.1; Win64; x64) AppleWebKit/537.36 (KHTML, like Gecko) Chrome/43.0.2357.124 Safari/537.36"
98.217.152.192 - - [22/Jun/2015:00:42:21 +0000] "GET /tw-m.png HTTP/1.1" 304 189 "http://central.tasktools.org/task-2.4.5.html" "Mozilla/5.0 (Macintosh; Intel Mac OS X 10_11_0) AppleWebKit/537.36 (KHTML, like Gecko) Chrome/43.0.2357.124 Safari/537.36"
98.217.152.192 - - [22/Jun/2015:00:42:38 +0000] "GET /tw-m.png HTTP/1.1" 304 189 "http://central.tasktools.org/task-2.4.5.html" "Mozilla/5.0 (Macintosh; Intel Mac OS X 10_11_0) AppleWebKit/537.36 (KHTML, like Gecko) Chrome/43.0.2357.124 Safari/537.36"
98.217.152.192 - - [22/Jun/2015:00:43:42 +0000] "GET /tw-m.png HTTP/1.1" 304 189 "http://central.tasktools.org/task-2.4.5.html" "Mozilla/5.0 (Macintosh; Intel Mac OS X 10_11_0) AppleWebKit/537.36 (KHTML, like Gecko) Chrome/43.0.2357.124 Safari/537.36"
98.217.152.192 - - [22/Jun/2015:00:44:16 +0000] "GET /tw-m.png HTTP/1.1" 304 189 "http://central.tasktools.org/task-2.4.5.html" "Mozilla/5.0 (Macintosh; Intel Mac OS X 10_11_0) AppleWebKit/537.36 (KHTML, like Gecko) Chrome/43.0.2357.124 Safari/537.36"
98.217.152.192 - - [22/Jun/2015:00:49:23 +0000] "GET /tw-m.png HTTP/1.1" 304 189 "http://central.tasktools.org/task-2.4.5.html" "Mozilla/5.0 (Macintosh; Intel Mac OS X 10_11_0) AppleWebKit/537.36 (KHTML, like Gecko) Chrome/43.0.2357.124 Safari/537.36"
98.217.152.192 - - [22/Jun/2015:00:49:59 +0000] "GET /tw-m.png HTTP/1.1" 304 189 "http://central.tasktools.org/task-2.4.5.html" "Mozilla/5.0 (Macintosh; Intel Mac OS X 10_11_0) AppleWebKit/537.36 (KHTML, like Gecko) Chrome/43.0.2357.124 Safari/537.36"
98.217.152.192 - - [22/Jun/2015:00:50:11 +0000] "GET /tw-m.png HTTP/1.1" 304 189 "http://central.tasktools.org/task-2.4.5.html" "Mozilla/5.0 (Macintosh; Intel Mac OS X 10_11_0) AppleWebKit/537.36 (KHTML, like Gecko) Chrome/43.0.2357.124 Safari/537.36"
98.217.152.192 - - [22/Jun/2015:00:56:14 +0000] "GET /tw-m.png HTTP/1.1" 304 189 "http://central.tasktools.org/task-2.4.5.html" "Mozilla/5.0 (Macintosh; Intel Mac OS X 10_11_0) AppleWebKit/537.36 (KHTML, like Gecko) Chrome/43.0.2357.124 Safari/537.36"
98.217.152.192 - - [22/Jun/2015:00:56:44 +0000] "GET /tw-m.png HTTP/1.1" 304 189 "http://central.tasktools.org/task-2.4.5.html" "Mozilla/5.0 (Macintosh; Intel Mac OS X 10_11_0) AppleWebKit/537.36 (KHTML, like Gecko) Chrome/43.0.2357.124 Safari/537.36"
98.217.152.192 - - [22/Jun/2015:01:05:07 +0000] "GET /tw-m.png HTTP/1.1" 304 189 "http://central.tasktools.org/task-2.4.5.html" "Mozilla/5.0 (Macintosh; Intel Mac OS X 10_11_0) AppleWebKit/537.36 (KHTML, like Gecko) Chrome/43.0.2357.124 Safari/537.36"
98.217.152.192 - - [22/Jun/2015:01:05:14 +0000] "GET /tw-m.png HTTP/1.1" 304 189 "http://central.tasktools.org/task-2.4.5.html" "Mozilla/5.0 (Macintosh; Intel Mac OS X 10_11_0) AppleWebKit/537.36 (KHTML, like Gecko) Chrome/43.0.2357.124 Safari/537.36"
98.217.152.192 - - [22/Jun/2015:01:05:44 +0000] "GET /tw-m.png HTTP/1.1" 304 189 "http://central.tasktools.org/task-2.4.5.html" "Mozilla/5.0 (Macintosh; Intel Mac OS X 10_11_0) AppleWebKit/537.36 (KHTML, like Gecko) Chrome/43.0.2357.124 Safari/537.36"
66.249.75.26 - - [22/Jun/2015:01:08:19 +0000] "GET /projects/taskwarrior.html HTTP/1.1" 304 212 "-" "Mozilla/5.0 (compatible; Googlebot/2.1; +http://www.google.com/bot.html)"
180.76.15.29 - - [22/Jun/2015:01:09:45 +0000] "GET /rfcs/gitweb/gitweb.cgi?p=rfc.git;a=blob_plain;f=rfc9-filters.txt;hb=HEAD HTTP/1.1" 301 660 "-" "Mozilla/5.0 (compatible; Baiduspider/2.0; +http://www.baidu.com/search/spider.html)"
98.217.152.192 - - [22/Jun/2015:01:12:18 +0000] "GET /tw-m.png HTTP/1.1" 304 189 "http://central.tasktools.org/task-2.4.5.html" "Mozilla/5.0 (Macintosh; Intel Mac OS X 10_11_0) AppleWebKit/537.36 (KHTML, like Gecko) Chrome/43.0.2357.124 Safari/537.36"
98.217.152.192 - - [22/Jun/2015:01:13:05 +0000] "GET /tw-m.png HTTP/1.1" 304 189 "http://central.tasktools.org/task-2.4.5.html" "Mozilla/5.0 (Macintosh; Intel Mac OS X 10_11_0) AppleWebKit/537.36 (KHTML, like Gecko) Chrome/43.0.2357.124 Safari/537.36"
98.217.152.192 - - [22/Jun/2015:01:14:31 +0000] "GET /tw-m.png HTTP/1.1" 304 189 "http://central.tasktools.org/task-2.4.5.html" "Mozilla/5.0 (Macintosh; Intel Mac OS X 10_11_0) AppleWebKit/537.36 (KHTML, like Gecko) Chrome/43.0.2357.124 Safari/537.36"
190.102.58.35 - - [22/Jun/2015:01:32:20 +0000] "GET /projects/vit.html HTTP/1.1" 200 1896 "http://taskwarrior.org/tools/" "Mozilla/5.0 (Windows NT 6.1; Win64; x64) AppleWebKit/537.36 (KHTML, like Gecko) Chrome/43.0.2357.124 Safari/537.36"
50.245.222.235 - - [22/Jun/2015:01:41:31 +0000] "GET /projects/vit.html HTTP/1.1" 200 1896 "-" "Mozilla/5.0 (X11; Linux x86_64) AppleWebKit/537.36 (KHTML, like Gecko) Ubuntu Chromium/43.0.2357.81 Chrome/43.0.2357.81 Safari/537.36"
50.245.222.235 - - [22/Jun/2015:01:41:31 +0000] "GET /bootstrap/js/bootstrap.min.js HTTP/1.1" 200 8019 "http://tasktools.org/projects/vit.html" "Mozilla/5.0 (X11; Linux x86_64) AppleWebKit/537.36 (KHTML, like Gecko) Ubuntu Chromium/43.0.2357.81 Chrome/43.0.2357.81 Safari/537.36"
50.245.222.235 - - [22/Jun/2015:01:41:31 +0000] "GET /bootstrap/css/bootstrap.min.css HTTP/1.1" 200 17588 "http://tasktools.org/projects/vit.html" "Mozilla/5.0 (X11; Linux x86_64) AppleWebKit/537.36 (KHTML, like Gecko) Ubuntu Chromium/43.0.2357.81 Chrome/43.0.2357.81 Safari/537.36"
50.245.222.235 - - [22/Jun/2015:01:41:31 +0000] "GET /bootstrap/fonts/glyphicons-halflings-regular.woff HTTP/1.1" 200 23600 "http://tasktools.org/bootstrap/css/bootstrap.min.css" "Mozilla/5.0 (X11; Linux x86_64) AppleWebKit/537.36 (KHTML, like Gecko) Ubuntu Chromium/43.0.2357.81 Chrome/43.0.2357.81 Safari/537.36"
50.245.222.235 - - [22/Jun/2015:01:41:32 +0000] "GET /favicon.ico HTTP/1.1" 200 1713 "http://tasktools.org/projects/vit.html" "Mozilla/5.0 (X11; Linux x86_64) AppleWebKit/537.36 (KHTML, like Gecko) Ubuntu Chromium/43.0.2357.81 Chrome/43.0.2357.81 Safari/537.36"
66.249.75.34 - - [22/Jun/2015:01:44:06 +0000] "GET /gitweb/?p=task.git;a=blob_plain;f=scripts/add-ons/export-ical.pl;hb=2.3.0 HTTP/1.1" 301 683 "-" "Mozilla/5.0 (compatible; Googlebot/2.1; +http://www.google.com/bot.html)"
180.76.15.140 - - [22/Jun/2015:01:44:54 +0000] "GET /about.html HTTP/1.1" 200 1982 "-" "Mozilla/5.0 (compatible; Baiduspider/2.0; +http://www.baidu.com/search/spider.html)"
61.135.190.219 - - [22/Jun/2015:01:54:02 +0000] "GET /piwik/piwik.js HTTP/1.1" 301 575 "http://www.beckingham.net/" "Mozilla/5.0 (Windows NT 6.1; WOW64) AppleWebKit/537.36 (KHTML, like Gecko) Chrome/36.0.1985.143 Safari/537.36"
98.217.152.192 - - [22/Jun/2015:02:09:01 +0000] "GET /tw-m.png HTTP/1.1" 304 189 "http://central.tasktools.org/task-2.4.5.html" "Mozilla/5.0 (Macintosh; Intel Mac OS X 10_11_0) AppleWebKit/537.36 (KHTML, like Gecko) Chrome/43.0.2357.124 Safari/537.36"
68.180.228.121 - - [22/Jun/2015:02:09:18 +0000] "GET /robots.txt HTTP/1.1" 404 471 "-" "Mozilla/5.0 (compatible; Yahoo! Slurp; http://help.yahoo.com/help/us/ysearch/slurp)"
68.180.228.121 - - [22/Jun/2015:02:09:18 +0000] "GET /tinderbox/taskwarrior-2.2.0.html HTTP/1.1" 301 539 "-" "Mozilla/5.0 (compatible; Yahoo! Slurp; http://help.yahoo.com/help/us/ysearch/slurp)"
207.90.2.8 - - [22/Jun/2015:02:17:53 +0000] "GET / HTTP/1.0" 200 12681 "-" "=Mozilla/5.0 (Windows; U; Windows NT 6.1; en-US) AppleWebKit/534.16 (KHTML, like Gecko) Chrome/10.0.648.204 Safari/534.16"
66.249.75.26 - - [22/Jun/2015:02:18:55 +0000] "GET /allPlans.action;jsessionid=140DABAC19D50AE58F17BFB26F8ACD43 HTTP/1.1" 404 541 "-" "Mozilla/5.0 (iPhone; CPU iPhone OS 6_0 like Mac OS X) AppleWebKit/536.26 (KHTML, like Gecko) Version/6.0 Mobile/10A5376e Safari/8536.25 (compatible; Googlebot/2.1; +http://www.google.com/bot.html)"
151.80.154.28 - - [22/Jun/2015:02:22:06 +0000] "GET / HTTP/1.1" 200 3477 "-" "Mozilla/5.0 (Windows NT 10.0; rv:38.0) Gecko/20100101 Firefox/38.0"
66.249.75.18 - - [22/Jun/2015:02:30:56 +0000] "GET / HTTP/1.1" 200 3533 "-" "Mozilla/5.0 (compatible; Googlebot/2.1; +http://www.google.com/bot.html)"
98.217.152.192 - - [22/Jun/2015:02:42:13 +0000] "GET /tw-m.png HTTP/1.1" 304 189 "http://central.tasktools.org/task-2.4.5.html" "Mozilla/5.0 (Macintosh; Intel Mac OS X 10_11_0) AppleWebKit/537.36 (KHTML, like Gecko) Chrome/43.0.2357.124 Safari/537.36"
98.217.152.192 - - [22/Jun/2015:02:59:13 +0000] "GET /tw-m.png HTTP/1.1" 304 189 "http://central.tasktools.org/task-2.4.5.html" "Mozilla/5.0 (Macintosh; Intel Mac OS X 10_11_0) AppleWebKit/537.36 (KHTML, like Gecko) Chrome/43.0.2357.124 Safari/537.36"
66.249.75.18 - - [22/Jun/2015:02:59:51 +0000] "GET /gitweb/gitweb.cgi?p=rfc.git;a=blob_plain;f=rfc27-dependencies.txt;hb=HEAD HTTP/1.1" 301 685 "-" "Mozilla/5.0 (compatible; Googlebot/2.1; +http://www.google.com/bot.html)"
98.217.152.192 - - [22/Jun/2015:03:14:43 +0000] "GET /tw-m.png HTTP/1.1" 304 189 "http://central.tasktools.org/task-2.4.5.html" "Mozilla/5.0 (Macintosh; Intel Mac OS X 10_11_0) AppleWebKit/537.36 (KHTML, like Gecko) Chrome/43.0.2357.124 Safari/537.36"
98.217.152.192 - - [22/Jun/2015:03:18:01 +0000] "GET /tw-m.png HTTP/1.1" 304 189 "http://central.tasktools.org/task-2.4.5.html" "Mozilla/5.0 (Macintosh; Intel Mac OS X 10_11_0) AppleWebKit/537.36 (KHTML, like Gecko) Chrome/43.0.2357.124 Safari/537.36"
24.59.118.181 - - [22/Jun/2015:03:28:29 +0000] "GET /projects/vit.html HTTP/1.1" 200 1896 "http://taskwarrior.org/docs/tutorials/start.html" "Mozilla/5.0 (X11; Linux x86_64; rv:38.0) Gecko/20100101 Firefox/38.0"
24.59.118.181 - - [22/Jun/2015:03:28:29 +0000] "GET /bootstrap/css/bootstrap.min.css HTTP/1.1" 200 17588 "http://tasktools.org/projects/vit.html" "Mozilla/5.0 (X11; Linux x86_64; rv:38.0) Gecko/20100101 Firefox/38.0"
24.59.118.181 - - [22/Jun/2015:03:28:29 +0000] "GET /bootstrap/js/bootstrap.min.js HTTP/1.1" 200 8019 "http://tasktools.org/projects/vit.html" "Mozilla/5.0 (X11; Linux x86_64; rv:38.0) Gecko/20100101 Firefox/38.0"
24.59.118.181 - - [22/Jun/2015:03:28:29 +0000] "GET /bootstrap/fonts/glyphicons-halflings-regular.woff HTTP/1.1" 200 23600 "http://tasktools.org/bootstrap/css/bootstrap.min.css" "Mozilla/5.0 (X11; Linux x86_64; rv:38.0) Gecko/20100101 Firefox/38.0"
24.59.118.181 - - [22/Jun/2015:03:28:29 +0000] "GET /favicon.ico HTTP/1.1" 200 1713 "-" "Mozilla/5.0 (X11; Linux x86_64; rv:38.0) Gecko/20100101 Firefox/38.0"
98.217.152.192 - - [22/Jun/2015:03:33:21 +0000] "GET /tw-m.png HTTP/1.1" 304 189 "http://central.tasktools.org/task-2.4.5.html" "Mozilla/5.0 (Macintosh; Intel Mac OS X 10_11_0) AppleWebKit/537.36 (KHTML, like Gecko) Chrome/43.0.2357.124 Safari/537.36"
66.249.75.26 - - [22/Jun/2015:03:53:34 +0000] "GET /projects/taskwarrior.html HTTP/1.1" 304 212 "-" "Mozilla/5.0 (compatible; Googlebot/2.1; +http://www.google.com/bot.html)"
98.217.152.192 - - [22/Jun/2015:04:00:32 +0000] "GET /tw-m.png HTTP/1.1" 304 189 "http://central.tasktools.org/task-2.4.5.html" "Mozilla/5.0 (Macintosh; Intel Mac OS X 10_11_0) AppleWebKit/537.36 (KHTML, like Gecko) Chrome/43.0.2357.124 Safari/537.36"
185.70.185.39 - - [22/Jun/2015:04:34:11 +0000] "GET / HTTP/1.1" 200 12644 "-" "Mozilla/4.0 (compatible; MSIE 5.0; Windows NT; DigExt; DTS Agent"
180.76.15.21 - - [22/Jun/2015:04:49:54 +0000] "GET /talks/lt-task.pdf HTTP/1.1" 200 70195 "-" "Mozilla/5.0 (compatible; Baiduspider/2.0; +http://www.baidu.com/search/spider.html)"
98.217.152.192 - - [22/Jun/2015:04:55:15 +0000] "GET /tw-m.png HTTP/1.1" 304 189 "http://central.tasktools.org/task-2.4.5.html" "Mozilla/5.0 (Macintosh; Intel Mac OS X 10_11_0) AppleWebKit/537.36 (KHTML, like Gecko) Chrome/43.0.2357.124 Safari/537.36"
157.55.39.199 - - [22/Jun/2015:04:56:57 +0000] "GET /robots.txt HTTP/1.1" 404 527 "-" "Mozilla/5.0 (compatible; bingbot/2.0; +http://www.bing.com/bingbot.htm)"
101.184.153.194 - - [22/Jun/2015:04:59:47 +0000] "GET /projects/vit.html HTTP/1.1" 200 1896 "http://taskwarrior.org/docs/tutorials/start.html" "Mozilla/5.0 (X11; Ubuntu; Linux x86_64; rv:36.0) Gecko/20100101 Firefox/36.0"
101.184.153.194 - - [22/Jun/2015:04:59:47 +0000] "GET /bootstrap/css/bootstrap.min.css HTTP/1.1" 200 17588 "http://tasktools.org/projects/vit.html" "Mozilla/5.0 (X11; Ubuntu; Linux x86_64; rv:36.0) Gecko/20100101 Firefox/36.0"
101.184.153.194 - - [22/Jun/2015:04:59:47 +0000] "GET /bootstrap/js/bootstrap.min.js HTTP/1.1" 200 8019 "http://tasktools.org/projects/vit.html" "Mozilla/5.0 (X11; Ubuntu; Linux x86_64; rv:36.0) Gecko/20100101 Firefox/36.0"
101.184.153.194 - - [22/Jun/2015:04:59:47 +0000] "GET /favicon.ico HTTP/1.1" 200 1714 "-" "Mozilla/5.0 (X11; Ubuntu; Linux x86_64; rv:36.0) Gecko/20100101 Firefox/36.0"
101.184.153.194 - - [22/Jun/2015:04:59:48 +0000] "GET /bootstrap/fonts/glyphicons-halflings-regular.woff HTTP/1.1" 200 23600 "http://tasktools.org/bootstrap/css/bootstrap.min.css" "Mozilla/5.0 (X11; Ubuntu; Linux x86_64; rv:36.0) Gecko/20100101 Firefox/36.0"
89.174.7.90 - - [22/Jun/2015:05:00:59 +0000] "GET /projects/taskd.html HTTP/1.1" 200 1996 "https://www.google.pl/" "Mozilla/5.0 (X11; Linux x86_64) AppleWebKit/537.36 (KHTML, like Gecko) Chrome/43.0.2357.125 Safari/537.36"
89.174.7.90 - - [22/Jun/2015:05:00:59 +0000] "GET /bootstrap/css/bootstrap.min.css HTTP/1.1" 200 17588 "http://tasktools.org/projects/taskd.html" "Mozilla/5.0 (X11; Linux x86_64) AppleWebKit/537.36 (KHTML, like Gecko) Chrome/43.0.2357.125 Safari/537.36"
89.174.7.90 - - [22/Jun/2015:05:00:59 +0000] "GET /bootstrap/js/bootstrap.min.js HTTP/1.1" 200 8019 "http://tasktools.org/projects/taskd.html" "Mozilla/5.0 (X11; Linux x86_64) AppleWebKit/537.36 (KHTML, like Gecko) Chrome/43.0.2357.125 Safari/537.36"
89.174.7.90 - - [22/Jun/2015:05:01:00 +0000] "GET /bootstrap/fonts/glyphicons-halflings-regular.woff HTTP/1.1" 200 23600 "http://tasktools.org/bootstrap/css/bootstrap.min.css" "Mozilla/5.0 (X11; Linux x86_64) AppleWebKit/537.36 (KHTML, like Gecko) Chrome/43.0.2357.125 Safari/537.36"
89.174.7.90 - - [22/Jun/2015:05:01:01 +0000] "GET /favicon.ico HTTP/1.1" 200 1713 "http://tasktools.org/projects/taskd.html" "Mozilla/5.0 (X11; Linux x86_64) AppleWebKit/537.36 (KHTML, like Gecko) Chrome/43.0.2357.125 Safari/537.36"
85.21.233.180 - - [22/Jun/2015:05:19:00 +0000] "GET / HTTP/1.1" 200 3533 "-" "gettor/0.5"
157.55.39.199 - - [22/Jun/2015:05:52:38 +0000] "GET /about.html HTTP/1.1" 200 2019 "-" "Mozilla/5.0 (compatible; bingbot/2.0; +http://www.bing.com/bingbot.htm)"
194.187.168.19 - - [22/Jun/2015:06:06:13 +0000] "GET /robots.txt HTTP/1.0" 404 464 "-" "Mozilla/5.0 (compatible; Qwantify/2.1n; +https://www.qwant.com/)/*"
194.187.168.19 - - [22/Jun/2015:06:06:13 +0000] "GET /projects/taskwarrior.html HTTP/1.0" 304 175 "-" "Mozilla/5.0 (compatible; Qwantify/2.1n; +https://www.qwant.com/)/*"
194.187.168.19 - - [22/Jun/2015:06:29:30 +0000] "GET /tinderbox HTTP/1.0" 301 523 "-" "Mozilla/5.0 (compatible; Qwantify/2.1n; +https://www.qwant.com/)/*"
180.76.15.144 - - [22/Jun/2015:06:35:01 +0000] "GET /latest HTTP/1.1" 200 232 "-" "Mozilla/5.0 (compatible; Baiduspider/2.0; +http://www.baidu.com/search/spider.html)"
66.249.75.18 - - [22/Jun/2015:06:38:02 +0000] "GET /robots.txt HTTP/1.1" 404 501 "-" "Mozilla/5.0 (compatible; Googlebot/2.1; +http://www.google.com/bot.html)"
66.249.75.34 - - [22/Jun/2015:06:38:02 +0000] "GET /mobile/projects/clog.html HTTP/1.1" 404 511 "-" "Mozilla/5.0 (iPhone; CPU iPhone OS 6_0 like Mac OS X) AppleWebKit/536.26 (KHTML, like Gecko) Version/6.0 Mobile/10A5376e Safari/8536.25 (compatible; Googlebot/2.1; +http://www.google.com/bot.html)"
157.55.39.217 - - [22/Jun/2015:06:41:04 +0000] "GET /projects/vitapi.html HTTP/1.1" 200 2051 "-" "Mozilla/5.0 (compatible; bingbot/2.0; +http://www.bing.com/bingbot.htm)"
129.27.226.30 - - [22/Jun/2015:06:46:50 +0000] "GET /projects/anomaly.html HTTP/1.1" 200 9189 "-" "Mozilla/5.0 (X11; Linux x86_64; rv:10.0.4) Gecko/20100101 Firefox/10.0.4 Iceweasel/10.0.4"
199.192.207.146 - - [22/Jun/2015:06:55:04 +0000] "GET /robots.txt HTTP/1.0" 404 490 "-" "Mozilla/5.0 (compatible; MJ12bot/v1.4.5; http://www.majestic12.co.uk/bot.php?+)"
199.192.207.146 - - [22/Jun/2015:06:55:06 +0000] "GET / HTTP/1.0" 200 12644 "-" "Mozilla/5.0 (compatible; MJ12bot/v1.4.5; http://www.majestic12.co.uk/bot.php?+)"
194.187.168.19 - - [22/Jun/2015:07:05:56 +0000] "GET /projects/vitapi.html HTTP/1.0" 304 175 "-" "Mozilla/5.0 (compatible; Qwantify/2.1n; +https://www.qwant.com/)/*"
77.58.169.93 - - [22/Jun/2015:07:09:33 +0000] "GET /favicon.ico HTTP/1.1" 200 1714 "-" "Mozilla/5.0 (X11; Linux x86_64; rv:31.0) Gecko/20100101 Firefox/31.0"
194.187.168.19 - - [22/Jun/2015:07:13:02 +0000] "GET /projects/clog.html HTTP/1.0" 304 175 "-" "Mozilla/5.0 (compatible; Qwantify/2.1n; +https://www.qwant.com/)/*"
66.249.75.34 - - [22/Jun/2015:07:17:08 +0000] "GET /m/projects/clog.html HTTP/1.1" 404 507 "-" "Mozilla/5.0 (iPhone; CPU iPhone OS 6_0 like Mac OS X) AppleWebKit/536.26 (KHTML, like Gecko) Version/6.0 Mobile/10A5376e Safari/8536.25 (compatible; Googlebot/2.1; +http://www.google.com/bot.html)"
66.249.83.158 - - [22/Jun/2015:07:17:14 +0000] "GET / HTTP/1.1" 200 3533 "-" "Mozilla/5.0 (Windows NT 6.1; rv:6.0) Gecko/20110814 Firefox/6.0 Google favicon"
66.249.83.155 - - [22/Jun/2015:07:17:14 +0000] "GET /favicon.ico HTTP/1.1" 200 1714 "-" "Mozilla/5.0 (Windows NT 6.1; rv:6.0) Gecko/20110814 Firefox/6.0 Google favicon"
180.76.15.16 - - [22/Jun/2015:07:40:37 +0000] "GET /rfcs/gitweb/gitweb.cgi?p=rfc.git;a=blob_plain;f=rfc5-hooks.txt;hb=HEAD HTTP/1.1" 301 657 "-" "Mozilla/5.0 (compatible; Baiduspider/2.0; +http://www.baidu.com/search/spider.html)"
129.27.226.30 - - [22/Jun/2015:07:43:02 +0000] "GET /projects/clog.html HTTP/1.1" 200 7744 "-" "Mozilla/5.0 (X11; Linux x86_64; rv:10.0.4) Gecko/20100101 Firefox/10.0.4 Iceweasel/10.0.4"
220.181.108.117 - - [22/Jun/2015:07:51:40 +0000] "GET /piwik/piwik.php?idsite=6 HTTP/1.1" 301 555 "-" "Baiduspider-image+(+http://www.baidu.com/search/spider.htm)"
66.249.75.18 - - [22/Jun/2015:07:56:14 +0000] "GET / HTTP/1.1" 200 3533 "-" "Mozilla/5.0 (iPhone; CPU iPhone OS 6_0 like Mac OS X) AppleWebKit/536.26 (KHTML, like Gecko) Version/6.0 Mobile/10A5376e Safari/8536.25 (compatible; Googlebot/2.1; +http://www.google.com/bot.html)"
176.10.104.243 - - [22/Jun/2015:07:56:23 +0000] "GET / HTTP/1.1" 200 3533 "http://taskwarrior.org/news/" "Mozilla/5.0 (X11; Linux i686; rv:37.0) Gecko/20100101 Firefox/37.0"
176.10.104.243 - - [22/Jun/2015:07:56:23 +0000] "GET /bootstrap/css/bootstrap.min.css HTTP/1.1" 200 17589 "http://tasktools.org/" "Mozilla/5.0 (X11; Linux i686; rv:37.0) Gecko/20100101 Firefox/37.0"
176.10.104.243 - - [22/Jun/2015:07:56:24 +0000] "GET /bootstrap/js/bootstrap.min.js HTTP/1.1" 200 8019 "http://tasktools.org/" "Mozilla/5.0 (X11; Linux i686; rv:37.0) Gecko/20100101 Firefox/37.0"
176.10.104.243 - - [22/Jun/2015:07:56:24 +0000] "GET /favicon.ico HTTP/1.1" 200 1713 "-" "Mozilla/5.0 (X11; Linux i686; rv:37.0) Gecko/20100101 Firefox/37.0"
176.10.104.243 - - [22/Jun/2015:07:56:26 +0000] "GET /tw-m.png HTTP/1.1" 200 6860 "http://tasktools.org/" "Mozilla/5.0 (X11; Linux i686; rv:37.0) Gecko/20100101 Firefox/37.0"
176.10.104.243 - - [22/Jun/2015:07:56:27 +0000] "GET /bootstrap/fonts/glyphicons-halflings-regular.woff HTTP/1.1" 200 23600 "http://tasktools.org/bootstrap/css/bootstrap.min.css" "Mozilla/5.0 (X11; Linux i686; rv:37.0) Gecko/20100101 Firefox/37.0"
212.125.203.131 - - [22/Jun/2015:08:01:57 +0000] "GET / HTTP/1.1" 200 3533 "-" "Mozilla/5.0 (Windows NT 6.1; WOW64; rv:38.0) Gecko/20100101 Firefox/38.0"
212.125.203.131 - - [22/Jun/2015:08:01:57 +0000] "GET /bootstrap/css/bootstrap.min.css HTTP/1.1" 200 17588 "http://tasktools.org/" "Mozilla/5.0 (Windows NT 6.1; WOW64; rv:38.0) Gecko/20100101 Firefox/38.0"
212.125.203.131 - - [22/Jun/2015:08:01:57 +0000] "GET /bootstrap/js/bootstrap.min.js HTTP/1.1" 200 8019 "http://tasktools.org/" "Mozilla/5.0 (Windows NT 6.1; WOW64; rv:38.0) Gecko/20100101 Firefox/38.0"
212.125.203.131 - - [22/Jun/2015:08:01:57 +0000] "GET /favicon.ico HTTP/1.1" 200 1714 "-" "Mozilla/5.0 (Windows NT 6.1; WOW64; rv:38.0) Gecko/20100101 Firefox/38.0"
212.125.203.131 - - [22/Jun/2015:08:01:57 +0000] "GET /tw-m.png HTTP/1.1" 200 6860 "http://tasktools.org/" "Mozilla/5.0 (Windows NT 6.1; WOW64; rv:38.0) Gecko/20100101 Firefox/38.0"
212.125.203.131 - - [22/Jun/2015:08:01:57 +0000] "GET /bootstrap/fonts/glyphicons-halflings-regular.woff HTTP/1.1" 200 23600 "http://tasktools.org/bootstrap/css/bootstrap.min.css" "Mozilla/5.0 (Windows NT 6.1; WOW64; rv:38.0) Gecko/20100101 Firefox/38.0"
5.9.60.46 - - [22/Jun/2015:08:07:47 +0000] "GET /robots.txt HTTP/1.0" 404 464 "-" "Riddler (http://riddler.io/about)"
5.9.60.46 - - [22/Jun/2015:08:07:47 +0000] "GET / HTTP/1.0" 200 3496 "-" "Riddler (http://riddler.io/about)"
122.217.104.26 - - [22/Jun/2015:08:14:01 +0000] "GET /projects/taskwarrior.html HTTP/1.1" 200 2450 "http://copr.fedoraproject.org/coprs/mskarbek/taskwarrior/" "Mozilla/5.0 (X11; Linux x86_64) AppleWebKit/537.36 (KHTML, like Gecko) Chrome/42.0.2311.135 Safari/537.36"
122.217.104.26 - - [22/Jun/2015:08:14:01 +0000] "GET /bootstrap/css/bootstrap.min.css HTTP/1.1" 200 17588 "http://tasktools.org/projects/taskwarrior.html" "Mozilla/5.0 (X11; Linux x86_64) AppleWebKit/537.36 (KHTML, like Gecko) Chrome/42.0.2311.135 Safari/537.36"
122.217.104.26 - - [22/Jun/2015:08:14:01 +0000] "GET /bootstrap/js/bootstrap.min.js HTTP/1.1" 200 8019 "http://tasktools.org/projects/taskwarrior.html" "Mozilla/5.0 (X11; Linux x86_64) AppleWebKit/537.36 (KHTML, like Gecko) Chrome/42.0.2311.135 Safari/537.36"
122.217.104.26 - - [22/Jun/2015:08:14:01 +0000] "GET /bootstrap/fonts/glyphicons-halflings-regular.woff HTTP/1.1" 200 23600 "http://tasktools.org/bootstrap/css/bootstrap.min.css" "Mozilla/5.0 (X11; Linux x86_64) AppleWebKit/537.36 (KHTML, like Gecko) Chrome/42.0.2311.135 Safari/537.36"
122.217.104.26 - - [22/Jun/2015:08:14:03 +0000] "GET /favicon.ico HTTP/1.1" 200 1713 "http://tasktools.org/projects/taskwarrior.html" "Mozilla/5.0 (X11; Linux x86_64) AppleWebKit/537.36 (KHTML, like Gecko) Chrome/42.0.2311.135 Safari/537.36"
122.217.104.26 - - [22/Jun/2015:08:14:09 +0000] "GET /projects/taskd.html HTTP/1.1" 200 1996 "http://copr.fedoraproject.org/coprs/mskarbek/taskwarrior/" "Mozilla/5.0 (X11; Linux x86_64) AppleWebKit/537.36 (KHTML, like Gecko) Chrome/42.0.2311.135 Safari/537.36"
79.230.29.189 - - [22/Jun/2015:08:18:19 +0000] "GET /tw-m.png HTTP/1.1" 304 189 "http://central.tasktools.org/task-2.4.5.html" "Mozilla/5.0 (Windows NT 6.3; WOW64; rv:38.0) Gecko/20100101 Firefox/38.0"
76.105.171.173 - - [22/Jun/2015:08:32:15 +0000] "GET /projects/vit.html HTTP/1.1" 200 1896 "-" "Mozilla/5.0 (Macintosh; Intel Mac OS X 10_10_3) AppleWebKit/600.6.3 (KHTML, like Gecko) Version/8.0.6 Safari/600.6.3"
76.105.171.173 - - [22/Jun/2015:08:32:15 +0000] "GET /favicon.ico HTTP/1.1" 200 1713 "http://tasktools.org/projects/vit.html" "Mozilla/5.0 (Macintosh; Intel Mac OS X 10_10_3) AppleWebKit/600.6.3 (KHTML, like Gecko) Version/8.0.6 Safari/600.6.3"
76.105.171.173 - - [22/Jun/2015:08:32:15 +0000] "GET /projects/vit.html HTTP/1.1" 200 1895 "-" "Mozilla/5.0 (iPhone; CPU iPhone OS 8_1 like Mac OS X) AppleWebKit/600.1.4 (KHTML, like Gecko) Version/8.0 Mobile/12B410 Safari/600.1.4"
76.105.171.173 - - [22/Jun/2015:08:32:15 +0000] "GET /apple-touch-icon-precomposed.png HTTP/1.1" 404 517 "-" "com.apple.WebKit.WebContent/10600.6.3 CFNetwork/720.3.13 Darwin/14.3.0 (x86_64)"
76.105.171.173 - - [22/Jun/2015:08:32:15 +0000] "GET /apple-touch-icon.png HTTP/1.1" 404 508 "-" "com.apple.WebKit.WebContent/10600.6.3 CFNetwork/720.3.13 Darwin/14.3.0 (x86_64)"
61.135.189.161 - - [22/Jun/2015:08:33:49 +0000] "GET /robots.txt HTTP/1.1" 404 490 "-" "Sogou web spider/4.0(+http://www.sogou.com/docs/help/webmasters.htm#07)"
61.135.189.161 - - [22/Jun/2015:08:33:53 +0000] "GET /projects/libkronisk.html HTTP/1.1" 404 474 "-" "Sogou web spider/4.0(+http://www.sogou.com/docs/help/webmasters.htm#07)"
61.135.189.161 - - [22/Jun/2015:08:34:07 +0000] "GET / HTTP/1.1" 304 175 "-" "Sogou web spider/4.0(+http://www.sogou.com/docs/help/webmasters.htm#07)"
42.115.125.116 - - [22/Jun/2015:08:43:25 +0000] "GET /projects/vit.html HTTP/1.1" 200 1896 "http://taskwarrior.org/docs/tutorials/start.html" "Mozilla/5.0 (X11; Ubuntu; Linux x86_64; rv:38.0) Gecko/20100101 Firefox/38.0"
42.115.125.116 - - [22/Jun/2015:08:43:25 +0000] "GET /bootstrap/css/bootstrap.min.css HTTP/1.1" 200 17588 "http://tasktools.org/projects/vit.html" "Mozilla/5.0 (X11; Ubuntu; Linux x86_64; rv:38.0) Gecko/20100101 Firefox/38.0"
42.115.125.116 - - [22/Jun/2015:08:43:25 +0000] "GET /bootstrap/js/bootstrap.min.js HTTP/1.1" 200 8019 "http://tasktools.org/projects/vit.html" "Mozilla/5.0 (X11; Ubuntu; Linux x86_64; rv:38.0) Gecko/20100101 Firefox/38.0"
42.115.125.116 - - [22/Jun/2015:08:43:25 +0000] "GET /favicon.ico HTTP/1.1" 200 1713 "-" "Mozilla/5.0 (X11; Ubuntu; Linux x86_64; rv:38.0) Gecko/20100101 Firefox/38.0"
42.115.125.116 - - [22/Jun/2015:08:43:26 +0000] "GET /bootstrap/fonts/glyphicons-halflings-regular.woff HTTP/1.1" 200 23600 "http://tasktools.org/bootstrap/css/bootstrap.min.css" "Mozilla/5.0 (X11; Ubuntu; Linux x86_64; rv:38.0) Gecko/20100101 Firefox/38.0"
54.240.197.233 - - [22/Jun/2015:08:58:12 +0000] "GET /projects/vit.html HTTP/1.1" 200 1896 "http://taskwarrior.org/tools/" "Mozilla/5.0 (X11; Ubuntu; Linux x86_64; rv:38.0) Gecko/20100101 Firefox/38.0"
54.240.197.233 - - [22/Jun/2015:08:58:12 +0000] "GET /bootstrap/css/bootstrap.min.css HTTP/1.1" 200 17588 "http://tasktools.org/projects/vit.html" "Mozilla/5.0 (X11; Ubuntu; Linux x86_64; rv:38.0) Gecko/20100101 Firefox/38.0"
54.240.197.233 - - [22/Jun/2015:08:58:12 +0000] "GET /bootstrap/js/bootstrap.min.js HTTP/1.1" 200 8019 "http://tasktools.org/projects/vit.html" "Mozilla/5.0 (X11; Ubuntu; Linux x86_64; rv:38.0) Gecko/20100101 Firefox/38.0"
54.240.197.233 - - [22/Jun/2015:08:58:12 +0000] "GET /favicon.ico HTTP/1.1" 200 1714 "-" "Mozilla/5.0 (X11; Ubuntu; Linux x86_64; rv:38.0) Gecko/20100101 Firefox/38.0"
54.240.197.233 - - [22/Jun/2015:08:58:13 +0000] "GET /bootstrap/fonts/glyphicons-halflings-regular.woff HTTP/1.1" 200 23600 "http://tasktools.org/bootstrap/css/bootstrap.min.css" "Mozilla/5.0 (X11; Ubuntu; Linux x86_64; rv:38.0) Gecko/20100101 Firefox/38.0"
180.76.15.147 - - [22/Jun/2015:08:58:21 +0000] "GET /rfcs/gitweb/gitweb.cgi?p=rfc.git;a=blob_plain;f=rfc11-command-line.txt;hb=HEAD HTTP/1.1" 301 670 "-" "Mozilla/5.0 (compatible; Baiduspider/2.0; +http://www.baidu.com/search/spider.html)"
66.249.75.34 - - [22/Jun/2015:09:02:39 +0000] "GET /about.html HTTP/1.1" 304 212 "-" "Mozilla/5.0 (compatible; Googlebot/2.1; +http://www.google.com/bot.html)"
5.153.231.28 - - [22/Jun/2015:09:06:47 +0000] "GET /projects/vramsteg.html HTTP/1.1" 200 4982 "-" "Debian uscan 2.15.3"
213.131.108.124 - - [22/Jun/2015:09:12:32 +0000] "GET /projects/vit.html HTTP/1.1" 200 1896 "http://taskwarrior.org/docs/tutorials/start.html" "Mozilla/5.0 (Windows NT 6.3; WOW64) AppleWebKit/537.36 (KHTML, like Gecko) Chrome/43.0.2357.124 Safari/537.36"
213.131.108.124 - - [22/Jun/2015:09:12:33 +0000] "GET /bootstrap/css/bootstrap.min.css HTTP/1.1" 200 17588 "http://tasktools.org/projects/vit.html" "Mozilla/5.0 (Windows NT 6.3; WOW64) AppleWebKit/537.36 (KHTML, like Gecko) Chrome/43.0.2357.124 Safari/537.36"
213.131.108.124 - - [22/Jun/2015:09:12:33 +0000] "GET /bootstrap/js/bootstrap.min.js HTTP/1.1" 200 8019 "http://tasktools.org/projects/vit.html" "Mozilla/5.0 (Windows NT 6.3; WOW64) AppleWebKit/537.36 (KHTML, like Gecko) Chrome/43.0.2357.124 Safari/537.36"
213.131.108.124 - - [22/Jun/2015:09:12:33 +0000] "GET /bootstrap/fonts/glyphicons-halflings-regular.woff HTTP/1.1" 200 23600 "http://tasktools.org/bootstrap/css/bootstrap.min.css" "Mozilla/5.0 (Windows NT 6.3; WOW64) AppleWebKit/537.36 (KHTML, like Gecko) Chrome/43.0.2357.124 Safari/537.36"
213.131.108.124 - - [22/Jun/2015:09:12:33 +0000] "GET /favicon.ico HTTP/1.1" 200 1713 "http://tasktools.org/projects/vit.html" "Mozilla/5.0 (Windows NT 6.3; WOW64) AppleWebKit/537.36 (KHTML, like Gecko) Chrome/43.0.2357.124 Safari/537.36"
66.249.75.18 - - [22/Jun/2015:09:12:54 +0000] "GET /projects/vit.html HTTP/1.1" 200 1896 "-" "Mozilla/5.0 (compatible; Googlebot/2.1; +http://www.google.com/bot.html)"
94.71.61.80 - - [22/Jun/2015:09:12:57 +0000] "GET /xmlrpc.php HTTP/1.1" 404 527 "-" "Mozilla/5.0 (X11; Linux i686; rv:2.0.1) Gecko/20100101 Firefox/4.0.1"
207.46.13.82 - - [22/Jun/2015:09:16:36 +0000] "GET /robots.txt HTTP/1.1" 404 527 "-" "Mozilla/5.0 (compatible; bingbot/2.0; +http://www.bing.com/bingbot.htm)"
207.46.13.82 - - [22/Jun/2015:09:17:43 +0000] "GET / HTTP/1.1" 200 3533 "-" "Mozilla/5.0 (compatible; bingbot/2.0; +http://www.bing.com/bingbot.htm)"
129.27.226.30 - - [22/Jun/2015:09:28:35 +0000] "GET /projects/anomaly.html HTTP/1.1" 200 9189 "-" "Mozilla/5.0 (X11; Linux x86_64; rv:10.0.4) Gecko/20100101 Firefox/10.0.4 Iceweasel/10.0.4"
162.211.122.43 - - [22/Jun/2015:09:29:34 +0000] "GET / HTTP/1.1" 200 3496 "http://www.tasktools.org" "Mozilla/5.0 (Windows NT 6.1; WOW64; rv:34.0) Gecko/20100101 Firefox/34.0"
61.135.190.224 - - [22/Jun/2015:09:47:04 +0000] "GET / HTTP/1.1" 200 3533 "http://www.baidu.com/s?wd=tasktools.org" "Mozilla/5.0 (Windows NT 6.1; WOW64) AppleWebKit/537.36 (KHTML, like Gecko) Chrome/36.0.1985.143 Safari/537.36"
61.135.190.224 - - [22/Jun/2015:09:47:05 +0000] "GET /bootstrap/js/bootstrap.min.js HTTP/1.1" 200 8018 "http://tasktools.org/" "Mozilla/5.0 (Windows NT 6.1; WOW64) AppleWebKit/537.36 (KHTML, like Gecko) Chrome/36.0.1985.143 Safari/537.36"
123.125.71.103 - - [22/Jun/2015:09:51:44 +0000] "GET /piwik/piwik.js HTTP/1.1" 301 569 "http://flod.us/" "Mozilla/5.0 (compatible; Baiduspider/2.0; +http://www.baidu.com/search/spider.html)"
123.125.71.83 - - [22/Jun/2015:09:51:46 +0000] "GET /piwik/piwik.php?action_name=flod.us&idsite=6&rec=1&r=880314&h=17&m=55&s=58&url=http%3A%2F%2Fflod.us%2F&_id=11c57b66f050b5c5&_idts=1434966958&_idvc=1&_idn=0&_refts=0&_viewts=1434966958&send_image=0&cookie=1&res=1600x1600&gt_ms=0 HTTP/1.1" 301 1063 "http://flod.us/" "Mozilla/5.0 (compatible; Baiduspider/2.0; +http://www.baidu.com/search/spider.html)"
129.27.226.30 - - [22/Jun/2015:10:16:50 +0000] "GET /projects/clog.html HTTP/1.1" 200 7744 "-" "Mozilla/5.0 (X11; Linux x86_64; rv:10.0.4) Gecko/20100101 Firefox/10.0.4 Iceweasel/10.0.4"
93.198.193.223 - - [22/Jun/2015:10:22:26 +0000] "GET / HTTP/1.1" 200 3533 "-" "Mozilla/5.0 (X11; Ubuntu; Linux x86_64; rv:38.0) Gecko/20100101 Firefox/38.0"
93.198.193.223 - - [22/Jun/2015:10:22:26 +0000] "GET /bootstrap/css/bootstrap.min.css HTTP/1.1" 200 17588 "http://tasktools.org/" "Mozilla/5.0 (X11; Ubuntu; Linux x86_64; rv:38.0) Gecko/20100101 Firefox/38.0"
93.198.193.223 - - [22/Jun/2015:10:22:27 +0000] "GET /favicon.ico HTTP/1.1" 200 1714 "-" "Mozilla/5.0 (X11; Ubuntu; Linux x86_64; rv:38.0) Gecko/20100101 Firefox/38.0"
93.198.193.223 - - [22/Jun/2015:10:22:27 +0000] "GET /tw-m.png HTTP/1.1" 200 6861 "http://tasktools.org/" "Mozilla/5.0 (X11; Ubuntu; Linux x86_64; rv:38.0) Gecko/20100101 Firefox/38.0"
93.198.193.223 - - [22/Jun/2015:10:22:27 +0000] "GET /bootstrap/fonts/glyphicons-halflings-regular.woff HTTP/1.1" 200 23600 "http://tasktools.org/bootstrap/css/bootstrap.min.css" "Mozilla/5.0 (X11; Ubuntu; Linux x86_64; rv:38.0) Gecko/20100101 Firefox/38.0"
93.198.193.223 - - [22/Jun/2015:10:22:45 +0000] "GET /projects/vit.html HTTP/1.1" 200 1896 "http://tasktools.org/" "Mozilla/5.0 (X11; Ubuntu; Linux x86_64; rv:38.0) Gecko/20100101 Firefox/38.0"
93.198.193.223 - - [22/Jun/2015:10:23:17 +0000] "GET /tinderbox HTTP/1.1" 301 560 "http://tasktools.org/" "Mozilla/5.0 (X11; Ubuntu; Linux x86_64; rv:38.0) Gecko/20100101 Firefox/38.0"
195.168.43.133 - - [22/Jun/2015:10:53:33 +0000] "GET /projects/vit.html HTTP/1.1" 200 1896 "http://taskwarrior.org/tools/" "Mozilla/5.0 (Windows NT 5.1; rv:38.0) Gecko/20100101 Firefox/38.0"
195.168.43.133 - - [22/Jun/2015:10:53:34 +0000] "GET /bootstrap/css/bootstrap.min.css HTTP/1.1" 200 17588 "http://tasktools.org/projects/vit.html" "Mozilla/5.0 (Windows NT 5.1; rv:38.0) Gecko/20100101 Firefox/38.0"
195.168.43.133 - - [22/Jun/2015:10:53:34 +0000] "GET /bootstrap/js/bootstrap.min.js HTTP/1.1" 200 8019 "http://tasktools.org/projects/vit.html" "Mozilla/5.0 (Windows NT 5.1; rv:38.0) Gecko/20100101 Firefox/38.0"
195.168.43.133 - - [22/Jun/2015:10:53:34 +0000] "GET /favicon.ico HTTP/1.1" 200 1714 "-" "Mozilla/5.0 (Windows NT 5.1; rv:38.0) Gecko/20100101 Firefox/38.0"
195.168.43.133 - - [22/Jun/2015:10:53:34 +0000] "GET /bootstrap/fonts/glyphicons-halflings-regular.woff HTTP/1.1" 200 23600 "http://tasktools.org/bootstrap/css/bootstrap.min.css" "Mozilla/5.0 (Windows NT 5.1; rv:38.0) Gecko/20100101 Firefox/38.0"
129.27.3.93 - - [22/Jun/2015:11:00:09 +0000] "GET /projects/vramsteg.html HTTP/1.1" 200 4963 "-" "Mozilla/5.0 (X11; Linux x86_64; rv:10.0.4) Gecko/20100101 Firefox/10.0.4 Iceweasel/10.0.4"
157.55.39.226 - - [22/Jun/2015:11:10:05 +0000] "GET /tinderbox/taskd-1.0.0.html HTTP/1.1" 301 585 "-" "Mozilla/5.0 (compatible; bingbot/2.0; +http://www.bing.com/bingbot.htm)"
157.55.39.226 - - [22/Jun/2015:11:10:05 +0000] "GET /talks/index.html HTTP/1.1" 200 1728 "-" "Mozilla/5.0 (compatible; bingbot/2.0; +http://www.bing.com/bingbot.htm)"
157.55.39.226 - - [22/Jun/2015:11:10:05 +0000] "GET /piwik/ HTTP/1.1" 301 562 "-" "Mozilla/5.0 (compatible; bingbot/2.0; +http://www.bing.com/bingbot.htm)"
157.55.39.226 - - [22/Jun/2015:11:10:05 +0000] "GET /projects/clog.html HTTP/1.1" 200 2699 "-" "Mozilla/5.0 (compatible; bingbot/2.0; +http://www.bing.com/bingbot.htm)"
157.55.39.226 - - [22/Jun/2015:11:10:05 +0000] "GET /talks/ HTTP/1.1" 200 1728 "-" "Mozilla/5.0 (compatible; bingbot/2.0; +http://www.bing.com/bingbot.htm)"
157.55.39.226 - - [22/Jun/2015:11:10:05 +0000] "GET /talks/lt-task.pdf HTTP/1.1" 200 45440 "-" "Mozilla/5.0 (compatible; bingbot/2.0; +http://www.bing.com/bingbot.htm)"
157.55.39.217 - - [22/Jun/2015:11:10:10 +0000] "GET /projects/clog/ HTTP/1.1" 403 506 "-" "Mozilla/5.0 (compatible; bingbot/2.0; +http://www.bing.com/bingbot.htm)"
157.55.39.217 - - [22/Jun/2015:11:10:10 +0000] "GET /projects/libtaskd.html HTTP/1.1" 404 507 "-" "Mozilla/5.0 (compatible; bingbot/2.0; +http://www.bing.com/bingbot.htm)"
157.55.39.217 - - [22/Jun/2015:11:10:11 +0000] "GET /rfcs/ HTTP/1.1" 200 2026 "-" "Mozilla/5.0 (compatible; bingbot/2.0; +http://www.bing.com/bingbot.htm)"
207.46.13.87 - - [22/Jun/2015:11:10:45 +0000] "GET /plans/ HTTP/1.1" 404 499 "-" "Mozilla/5.0 (compatible; bingbot/2.0; +http://www.bing.com/bingbot.htm)"
207.46.13.87 - - [22/Jun/2015:11:10:45 +0000] "GET /talks/lt-git.pdf HTTP/1.1" 200 93720 "-" "Mozilla/5.0 (compatible; bingbot/2.0; +http://www.bing.com/bingbot.htm)"
207.46.13.82 - - [22/Jun/2015:11:10:57 +0000] "GET /projects/latest HTTP/1.1" 404 504 "-" "Mozilla/5.0 (compatible; bingbot/2.0; +http://www.bing.com/bingbot.htm)"
207.46.13.82 - - [22/Jun/2015:11:10:57 +0000] "GET /projects/vramsteg.html HTTP/1.1" 200 2061 "-" "Mozilla/5.0 (compatible; bingbot/2.0; +http://www.bing.com/bingbot.htm)"
207.46.13.82 - - [22/Jun/2015:11:10:57 +0000] "GET /talks/git.pdf HTTP/1.1" 200 89460 "-" "Mozilla/5.0 (compatible; bingbot/2.0; +http://www.bing.com/bingbot.htm)"
78.46.163.13 - - [22/Jun/2015:11:12:43 +0000] "GET / HTTP/1.1" 200 12625 "-" "Mozilla/5.0 (Windows; U; Windows NT 6.0 (x86_64); de-DE) AppleWebKit/532.0 (KHTML, like Gecko) Chrome/4.0.202.2 Safari/532.0"
156.35.81.57 - - [22/Jun/2015:11:16:08 +0000] "GET /projects/tasksh.html HTTP/1.1" 200 2041 "-" "Mozilla/5.0 (Macintosh; Intel Mac OS X 10_10_3) AppleWebKit/537.36 (KHTML, like Gecko) Chrome/43.0.2357.124 Safari/537.36"
156.35.81.57 - - [22/Jun/2015:11:16:09 +0000] "GET /bootstrap/css/bootstrap.min.css HTTP/1.1" 200 17588 "http://tasktools.org/projects/tasksh.html" "Mozilla/5.0 (Macintosh; Intel Mac OS X 10_10_3) AppleWebKit/537.36 (KHTML, like Gecko) Chrome/43.0.2357.124 Safari/537.36"
156.35.81.57 - - [22/Jun/2015:11:16:09 +0000] "GET /bootstrap/js/bootstrap.min.js HTTP/1.1" 200 8019 "http://tasktools.org/projects/tasksh.html" "Mozilla/5.0 (Macintosh; Intel Mac OS X 10_10_3) AppleWebKit/537.36 (KHTML, like Gecko) Chrome/43.0.2357.124 Safari/537.36"
156.35.81.57 - - [22/Jun/2015:11:16:09 +0000] "GET /bootstrap/fonts/glyphicons-halflings-regular.woff HTTP/1.1" 200 23600 "http://tasktools.org/bootstrap/css/bootstrap.min.css" "Mozilla/5.0 (Macintosh; Intel Mac OS X 10_10_3) AppleWebKit/537.36 (KHTML, like Gecko) Chrome/43.0.2357.124 Safari/537.36"
156.35.81.57 - - [22/Jun/2015:11:16:09 +0000] "GET /favicon.ico HTTP/1.1" 200 1713 "http://tasktools.org/projects/tasksh.html" "Mozilla/5.0 (Macintosh; Intel Mac OS X 10_10_3) AppleWebKit/537.36 (KHTML, like Gecko) Chrome/43.0.2357.124 Safari/537.36"
156.35.81.57 - - [22/Jun/2015:11:17:03 +0000] "GET / HTTP/1.1" 200 3533 "http://tasktools.org/projects/tasksh.html" "Mozilla/5.0 (Macintosh; Intel Mac OS X 10_10_3) AppleWebKit/537.36 (KHTML, like Gecko) Chrome/43.0.2357.124 Safari/537.36"
156.35.81.57 - - [22/Jun/2015:11:17:04 +0000] "GET /tw-m.png HTTP/1.1" 200 6860 "http://tasktools.org/" "Mozilla/5.0 (Macintosh; Intel Mac OS X 10_10_3) AppleWebKit/537.36 (KHTML, like Gecko) Chrome/43.0.2357.124 Safari/537.36"
156.35.81.57 - - [22/Jun/2015:11:17:28 +0000] "GET /projects/vit.html HTTP/1.1" 200 1896 "http://tasktools.org/" "Mozilla/5.0 (Macintosh; Intel Mac OS X 10_10_3) AppleWebKit/537.36 (KHTML, like Gecko) Chrome/43.0.2357.124 Safari/537.36"
156.35.81.57 - - [22/Jun/2015:11:18:12 +0000] "GET /projects/vramsteg.html HTTP/1.1" 200 2062 "http://tasktools.org/" "Mozilla/5.0 (Macintosh; Intel Mac OS X 10_10_3) AppleWebKit/537.36 (KHTML, like Gecko) Chrome/43.0.2357.124 Safari/537.36"
156.35.81.57 - - [22/Jun/2015:11:18:12 +0000] "GET /projects/vramsteg.png HTTP/1.1" 200 69768 "http://tasktools.org/projects/vramsteg.html" "Mozilla/5.0 (Macintosh; Intel Mac OS X 10_10_3) AppleWebKit/537.36 (KHTML, like Gecko) Chrome/43.0.2357.124 Safari/537.36"
156.35.81.57 - - [22/Jun/2015:11:18:13 +0000] "GET /projects/clog.html HTTP/1.1" 200 2699 "http://tasktools.org/" "Mozilla/5.0 (Macintosh; Intel Mac OS X 10_10_3) AppleWebKit/537.36 (KHTML, like Gecko) Chrome/43.0.2357.124 Safari/537.36"
156.35.81.57 - - [22/Jun/2015:11:18:14 +0000] "GET /projects/clog/clog-sed.png HTTP/1.1" 200 10547 "http://tasktools.org/projects/clog.html" "Mozilla/5.0 (Macintosh; Intel Mac OS X 10_10_3) AppleWebKit/537.36 (KHTML, like Gecko) Chrome/43.0.2357.124 Safari/537.36"
156.35.81.57 - - [22/Jun/2015:11:18:14 +0000] "GET /projects/clog/clog-hamlet.png HTTP/1.1" 200 107927 "http://tasktools.org/projects/clog.html" "Mozilla/5.0 (Macintosh; Intel Mac OS X 10_10_3) AppleWebKit/537.36 (KHTML, like Gecko) Chrome/43.0.2357.124 Safari/537.36"
156.35.81.57 - - [22/Jun/2015:11:18:14 +0000] "GET /projects/clog/clog-nothing.png HTTP/1.1" 200 11907 "http://tasktools.org/projects/clog.html" "Mozilla/5.0 (Macintosh; Intel Mac OS X 10_10_3) AppleWebKit/537.36 (KHTML, like Gecko) Chrome/43.0.2357.124 Safari/537.36"
156.35.81.57 - - [22/Jun/2015:11:18:14 +0000] "GET /projects/clog/clog-rule.png HTTP/1.1" 200 11504 "http://tasktools.org/projects/clog.html" "Mozilla/5.0 (Macintosh; Intel Mac OS X 10_10_3) AppleWebKit/537.36 (KHTML, like Gecko) Chrome/43.0.2357.124 Safari/537.36"
156.35.81.57 - - [22/Jun/2015:11:18:14 +0000] "GET /projects/clog/clog-rule2.png HTTP/1.1" 200 12532 "http://tasktools.org/projects/clog.html" "Mozilla/5.0 (Macintosh; Intel Mac OS X 10_10_3) AppleWebKit/537.36 (KHTML, like Gecko) Chrome/43.0.2357.124 Safari/537.36"
156.35.81.57 - - [22/Jun/2015:11:18:14 +0000] "GET /projects/clog/clog-rule3.png HTTP/1.1" 200 12352 "http://tasktools.org/projects/clog.html" "Mozilla/5.0 (Macintosh; Intel Mac OS X 10_10_3) AppleWebKit/537.36 (KHTML, like Gecko) Chrome/43.0.2357.124 Safari/537.36"
156.35.81.57 - - [22/Jun/2015:11:18:14 +0000] "GET /projects/clog/clog-rule123.png HTTP/1.1" 200 63873 "http://tasktools.org/projects/clog.html" "Mozilla/5.0 (Macintosh; Intel Mac OS X 10_10_3) AppleWebKit/537.36 (KHTML, like Gecko) Chrome/43.0.2357.124 Safari/537.36"
156.35.81.57 - - [22/Jun/2015:11:18:14 +0000] "GET /projects/clog/clog-timestamp.png HTTP/1.1" 200 94241 "http://tasktools.org/projects/clog.html" "Mozilla/5.0 (Macintosh; Intel Mac OS X 10_10_3) AppleWebKit/537.36 (KHTML, like Gecko) Chrome/43.0.2357.124 Safari/537.36"
156.35.81.57 - - [22/Jun/2015:11:18:14 +0000] "GET /projects/clog/clog-rule1.png HTTP/1.1" 200 108719 "http://tasktools.org/projects/clog.html" "Mozilla/5.0 (Macintosh; Intel Mac OS X 10_10_3) AppleWebKit/537.36 (KHTML, like Gecko) Chrome/43.0.2357.124 Safari/537.36"
156.35.81.57 - - [22/Jun/2015:11:18:14 +0000] "GET /projects/clog/clog-regex.png HTTP/1.1" 200 17162 "http://tasktools.org/projects/clog.html" "Mozilla/5.0 (Macintosh; Intel Mac OS X 10_10_3) AppleWebKit/537.36 (KHTML, like Gecko) Chrome/43.0.2357.124 Safari/537.36"
156.35.81.57 - - [22/Jun/2015:11:18:14 +0000] "GET /projects/clog/clog-rule12.png HTTP/1.1" 200 108828 "http://tasktools.org/projects/clog.html" "Mozilla/5.0 (Macintosh; Intel Mac OS X 10_10_3) AppleWebKit/537.36 (KHTML, like Gecko) Chrome/43.0.2357.124 Safari/537.36"
156.35.81.57 - - [22/Jun/2015:11:18:14 +0000] "GET /projects/clog/clog-sets.png HTTP/1.1" 200 59072 "http://tasktools.org/projects/clog.html" "Mozilla/5.0 (Macintosh; Intel Mac OS X 10_10_3) AppleWebKit/537.36 (KHTML, like Gecko) Chrome/43.0.2357.124 Safari/537.36"
156.35.81.57 - - [22/Jun/2015:11:18:14 +0000] "GET /projects/clog/clog-set1.png HTTP/1.1" 200 8964 "http://tasktools.org/projects/clog.html" "Mozilla/5.0 (Macintosh; Intel Mac OS X 10_10_3) AppleWebKit/537.36 (KHTML, like Gecko) Chrome/43.0.2357.124 Safari/537.36"
156.35.81.57 - - [22/Jun/2015:11:18:14 +0000] "GET /projects/clog/clog-r12.png HTTP/1.1" 200 110789 "http://tasktools.org/projects/clog.html" "Mozilla/5.0 (Macintosh; Intel Mac OS X 10_10_3) AppleWebKit/537.36 (KHTML, like Gecko) Chrome/43.0.2357.124 Safari/537.36"
156.35.81.57 - - [22/Jun/2015:11:18:14 +0000] "GET /projects/clog/clog-set2.png HTTP/1.1" 200 10154 "http://tasktools.org/projects/clog.html" "Mozilla/5.0 (Macintosh; Intel Mac OS X 10_10_3) AppleWebKit/537.36 (KHTML, like Gecko) Chrome/43.0.2357.124 Safari/537.36"
156.35.81.57 - - [22/Jun/2015:11:18:14 +0000] "GET /projects/clog/clog-set12.png HTTP/1.1" 200 10545 "http://tasktools.org/projects/clog.html" "Mozilla/5.0 (Macintosh; Intel Mac OS X 10_10_3) AppleWebKit/537.36 (KHTML, like Gecko) Chrome/43.0.2357.124 Safari/537.36"
156.35.81.57 - - [22/Jun/2015:11:19:00 +0000] "GET /projects/anomaly.html HTTP/1.1" 200 3393 "http://tasktools.org/" "Mozilla/5.0 (Macintosh; Intel Mac OS X 10_10_3) AppleWebKit/537.36 (KHTML, like Gecko) Chrome/43.0.2357.124 Safari/537.36"
60.240.150.252 - - [22/Jun/2015:11:19:02 +0000] "GET / HTTP/1.1" 200 3533 "http://100dollars-seo.com/try.php?u=http://tasktools.org" "Mozilla/5.0 (Windows NT 6.1; WOW64) AppleWebKit/537.36 (KHTML, like Gecko) Chrome/36.0.1985.143 Safari/537.36"
60.240.150.252 - - [22/Jun/2015:11:19:02 +0000] "GET /bootstrap/css/bootstrap.min.css HTTP/1.1" 200 17588 "http://tasktools.org/" "Mozilla/5.0 (Windows NT 6.1; WOW64) AppleWebKit/537.36 (KHTML, like Gecko) Chrome/36.0.1985.143 Safari/537.36"
60.240.150.252 - - [22/Jun/2015:11:19:02 +0000] "GET /bootstrap/js/bootstrap.min.js HTTP/1.1" 200 8019 "http://tasktools.org/" "Mozilla/5.0 (Windows NT 6.1; WOW64) AppleWebKit/537.36 (KHTML, like Gecko) Chrome/36.0.1985.143 Safari/537.36"
60.240.150.252 - - [22/Jun/2015:11:19:03 +0000] "GET /tw-m.png HTTP/1.1" 200 6860 "http://tasktools.org/" "Mozilla/5.0 (Windows NT 6.1; WOW64) AppleWebKit/537.36 (KHTML, like Gecko) Chrome/36.0.1985.143 Safari/537.36"
156.35.81.57 - - [22/Jun/2015:11:19:10 +0000] "GET /projects/vitapi.html HTTP/1.1" 200 2051 "http://tasktools.org/" "Mozilla/5.0 (Macintosh; Intel Mac OS X 10_10_3) AppleWebKit/537.36 (KHTML, like Gecko) Chrome/43.0.2357.124 Safari/537.36"
156.35.81.57 - - [22/Jun/2015:11:19:11 +0000] "GET /projects/kronisk.html HTTP/1.1" 200 2172 "http://tasktools.org/" "Mozilla/5.0 (Macintosh; Intel Mac OS X 10_10_3) AppleWebKit/537.36 (KHTML, like Gecko) Chrome/43.0.2357.124 Safari/537.36"
156.35.81.57 - - [22/Jun/2015:11:20:33 +0000] "GET /tinderbox HTTP/1.1" 301 560 "http://tasktools.org/" "Mozilla/5.0 (Macintosh; Intel Mac OS X 10_10_3) AppleWebKit/537.36 (KHTML, like Gecko) Chrome/43.0.2357.124 Safari/537.36"
180.76.15.33 - - [22/Jun/2015:11:27:45 +0000] "GET / HTTP/1.1" 200 12644 "-" "Mozilla/5.0 (compatible; Baiduspider/2.0; +http://www.baidu.com/search/spider.html)"
180.76.15.135 - - [22/Jun/2015:11:28:23 +0000] "GET / HTTP/1.1" 200 12644 "-" "Mozilla/5.0 (compatible; Baiduspider/2.0; +http://www.baidu.com/search/spider.html)"
123.125.71.115 - - [22/Jun/2015:11:50:41 +0000] "GET /piwik/piwik.js HTTP/1.1" 301 569 "http://flod.us/config.html" "Mozilla/5.0 (compatible; Baiduspider/2.0; +http://www.baidu.com/search/spider.html)"
123.125.71.108 - - [22/Jun/2015:11:50:43 +0000] "GET /piwik/piwik.php?action_name=flod.us&idsite=6&rec=1&r=965898&h=19&m=54&s=55&url=http%3A%2F%2Fflod.us%2Fconfig.html&_id=3699e2f23cbea6fb&_idts=1434974095&_idvc=1&_idn=0&_refts=0&_viewts=1434974095&send_image=0&cookie=1&res=1600x1600&gt_ms=0 HTTP/1.1" 301 1085 "http://flod.us/config.html" "Mozilla/5.0 (compatible; Baiduspider/2.0; +http://www.baidu.com/search/spider.html)"
217.124.183.199 - - [22/Jun/2015:12:05:52 +0000] "GET /projects/vramsteg.html HTTP/1.1" 200 2062 "http://www.google.es/url?sa=t&rct=j&q=&esrc=s&source=web&cd=1&ved=0CCIQFjAA&url=http%3A%2F%2Ftasktools.org%2Fprojects%2Fvramsteg.html&ei=GvuHVYrvGeb9ywP-1p9Y&usg=AFQjCNEWdc_dioFidmvRH6zTZXdqjkbThg&sig2=hMiQ458GlQJynzUkE8M8Rw&bvm=bv.96339352,d.bGQ" "Mozilla/5.0 (X11; Ubuntu; Linux x86_64; rv:38.0) Gecko/20100101 Firefox/38.0"
